Component: ARM Compiler 6.12 Tool: armlink [5d624300]

==============================================================================

Section Cross References

    oled_driver.o(.ARM.exidx.text.GPIO_WriteBit) refers to oled_driver.o(.text.GPIO_WriteBit) for [Anonymous Symbol]
    oled_driver.o(.ARM.exidx.text.u8x8_byte_4wire_hw_spi) refers to oled_driver.o(.text.u8x8_byte_4wire_hw_spi) for [Anonymous Symbol]
    oled_driver.o(.text.u8x8_stm32_gpio_and_delay) refers to stm32g0xx_ll_utils.o(.text.LL_mDelay) for LL_mDelay
    oled_driver.o(.ARM.exidx.text.u8x8_stm32_gpio_and_delay) refers to oled_driver.o(.text.u8x8_stm32_gpio_and_delay) for [Anonymous Symbol]
    i2c.o(.ARM.exidx.text.I2C_Delay) refers to i2c.o(.text.I2C_Delay) for [Anonymous Symbol]
    i2c.o(.text.TMP75_ReadTemp) refers to i2c.o(.text.TMP75_Read_2Byte) for TMP75_Read_2Byte
    i2c.o(.text.TMP75_ReadTemp) refers to fflti.o(.text) for __aeabi_i2f
    i2c.o(.text.TMP75_ReadTemp) refers to fmul.o(.text) for __aeabi_fmul
    i2c.o(.text.TMP75_ReadTemp) refers to f2d.o(.text) for __aeabi_f2d
    i2c.o(.text.TMP75_ReadTemp) refers to printfa.o(i.__0printf) for __2printf
    i2c.o(.ARM.exidx.text.TMP75_ReadTemp) refers to i2c.o(.text.TMP75_ReadTemp) for [Anonymous Symbol]
    i2c.o(.ARM.exidx.text.TMP75_Read_2Byte) refers to i2c.o(.text.TMP75_Read_2Byte) for [Anonymous Symbol]
    i2c.o(.ARM.exidx.text.I2C_SendData) refers to i2c.o(.text.I2C_SendData) for [Anonymous Symbol]
    i2c.o(.ARM.exidx.text.I2C_Start) refers to i2c.o(.text.I2C_Start) for [Anonymous Symbol]
    i2c.o(.ARM.exidx.text.I2C_SendACK) refers to i2c.o(.text.I2C_SendACK) for [Anonymous Symbol]
    i2c.o(.ARM.exidx.text.I2C_RecvACK) refers to i2c.o(.text.I2C_RecvACK) for [Anonymous Symbol]
    i2c.o(.ARM.exidx.text.I2C_RecvData) refers to i2c.o(.text.I2C_RecvData) for [Anonymous Symbol]
    i2c.o(.ARM.exidx.text.I2C_SendNAK) refers to i2c.o(.text.I2C_SendNAK) for [Anonymous Symbol]
    i2c.o(.ARM.exidx.text.I2C_Stop) refers to i2c.o(.text.I2C_Stop) for [Anonymous Symbol]
    pid.o(.text.PID_Init) refers to dcmpgt.o(.text) for __aeabi_dcmpgt
    pid.o(.text.PID_Init) refers to dcmpge.o(.text) for __aeabi_dcmpge
    pid.o(.ARM.exidx.text.PID_Init) refers to pid.o(.text.PID_Init) for [Anonymous Symbol]
    pid.o(.text.PID) refers to pid.o(.text.PID_SetTunings2) for PID_SetTunings2
    pid.o(.ARM.exidx.text.PID) refers to pid.o(.text.PID) for [Anonymous Symbol]
    pid.o(.text.PID_SetOutputLimits) refers to dcmpge.o(.text) for __aeabi_dcmpge
    pid.o(.text.PID_SetOutputLimits) refers to dcmpgt.o(.text) for __aeabi_dcmpgt
    pid.o(.text.PID_SetOutputLimits) refers to dcmple.o(.text) for __aeabi_dcmple
    pid.o(.ARM.exidx.text.PID_SetOutputLimits) refers to pid.o(.text.PID_SetOutputLimits) for [Anonymous Symbol]
    pid.o(.text.PID_SetControllerDirection) refers to dadd.o(.text) for __aeabi_dsub
    pid.o(.ARM.exidx.text.PID_SetControllerDirection) refers to pid.o(.text.PID_SetControllerDirection) for [Anonymous Symbol]
    pid.o(.text.PID_SetTunings2) refers to dcmplt.o(.text) for __aeabi_dcmplt
    pid.o(.text.PID_SetTunings2) refers to dfltui.o(.text) for __aeabi_ui2d
    pid.o(.text.PID_SetTunings2) refers to ddiv.o(.text) for __aeabi_ddiv
    pid.o(.text.PID_SetTunings2) refers to dmul.o(.text) for __aeabi_dmul
    pid.o(.ARM.exidx.text.PID_SetTunings2) refers to pid.o(.text.PID_SetTunings2) for [Anonymous Symbol]
    pid.o(.text.PID2) refers to pid.o(.text.PID_SetTunings2) for PID_SetTunings2
    pid.o(.ARM.exidx.text.PID2) refers to pid.o(.text.PID2) for [Anonymous Symbol]
    pid.o(.text.PID_Compute) refers to dadd.o(.text) for __aeabi_dsub
    pid.o(.text.PID_Compute) refers to dmul.o(.text) for __aeabi_dmul
    pid.o(.text.PID_Compute) refers to dcmpgt.o(.text) for __aeabi_dcmpgt
    pid.o(.text.PID_Compute) refers to dcmpge.o(.text) for __aeabi_dcmpge
    pid.o(.ARM.exidx.text.PID_Compute) refers to pid.o(.text.PID_Compute) for [Anonymous Symbol]
    pid.o(.text.PID_SetMode) refers to dcmple.o(.text) for __aeabi_dcmple
    pid.o(.text.PID_SetMode) refers to dcmpge.o(.text) for __aeabi_dcmpge
    pid.o(.ARM.exidx.text.PID_SetMode) refers to pid.o(.text.PID_SetMode) for [Anonymous Symbol]
    pid.o(.ARM.exidx.text.PID_GetMode) refers to pid.o(.text.PID_GetMode) for [Anonymous Symbol]
    pid.o(.text.PID_SetTunings) refers to pid.o(.text.PID_SetTunings2) for PID_SetTunings2
    pid.o(.ARM.exidx.text.PID_SetTunings) refers to pid.o(.text.PID_SetTunings) for [Anonymous Symbol]
    pid.o(.ARM.exidx.text.PID_GetDirection) refers to pid.o(.text.PID_GetDirection) for [Anonymous Symbol]
    pid.o(.text.PID_SetSampleTime) refers to dflti.o(.text) for __aeabi_i2d
    pid.o(.text.PID_SetSampleTime) refers to dfltui.o(.text) for __aeabi_ui2d
    pid.o(.text.PID_SetSampleTime) refers to ddiv.o(.text) for __aeabi_ddiv
    pid.o(.text.PID_SetSampleTime) refers to dmul.o(.text) for __aeabi_dmul
[...]
    [Anonymous Symbol]                       0x08005492   Section        0  u8x8_display.o(.text.u8x8_SetupMemory)
    [Anonymous Symbol]                       0x080054a0   Section        0  u8x8_8x8.o(.text.u8x8_ascii_next)
    __arm_cp.7_0                             0x080054b0   Number         4  u8x8_8x8.o(.text.u8x8_ascii_next)
    [Anonymous Symbol]                       0x080054b4   Section        0  oled_driver.o(.text.u8x8_byte_4wire_hw_spi)
    __arm_cp.1_1                             0x08005510   Number         4  oled_driver.o(.text.u8x8_byte_4wire_hw_spi)
    [Anonymous Symbol]                       0x08005514   Section        0  u8x8_byte.o(.text.u8x8_byte_SendByte)
    [Anonymous Symbol]                       0x08005526   Section        0  u8x8_byte.o(.text.u8x8_byte_SendBytes)
    [Anonymous Symbol]                       0x08005534   Section        0  u8x8_byte.o(.text.u8x8_byte_SetDC)
    [Anonymous Symbol]                       0x08005544   Section        0  u8x8_cad.o(.text.u8x8_cad_001)
    [Anonymous Symbol]                       0x080055b6   Section        0  u8x8_cad.o(.text.u8x8_cad_EndTransfer)
    [Anonymous Symbol]                       0x080055c4   Section        0  u8x8_cad.o(.text.u8x8_cad_SendArg)
    [Anonymous Symbol]                       0x080055d2   Section        0  u8x8_cad.o(.text.u8x8_cad_SendCmd)
    [Anonymous Symbol]                       0x080055e0   Section        0  u8x8_cad.o(.text.u8x8_cad_SendData)
    [Anonymous Symbol]                       0x080055ee   Section        0  u8x8_cad.o(.text.u8x8_cad_SendSequence)
    [Anonymous Symbol]                       0x0800565a   Section        0  u8x8_cad.o(.text.u8x8_cad_StartTransfer)
    [Anonymous Symbol]                       0x08005668   Section        0  u8x8_display.o(.text.u8x8_d_helper_display_init)
    [Anonymous Symbol]                       0x080056d2   Section        0  u8x8_display.o(.text.u8x8_d_helper_display_setup_memory)
    [Anonymous Symbol]                       0x080056dc   Section        0  u8x8_d_ssd1306_128x64_noname.o(.text.u8x8_d_ssd1306_128x64_noname)
    __arm_cp.0_0                             0x0800571c   Number         4  u8x8_d_ssd1306_128x64_noname.o(.text.u8x8_d_ssd1306_128x64_noname)
    __arm_cp.0_1                             0x08005720   Number         4  u8x8_d_ssd1306_128x64_noname.o(.text.u8x8_d_ssd1306_128x64_noname)
    u8x8_d_ssd1306_sh1106_generic            0x08005725   Thumb Code   256  u8x8_d_ssd1306_128x64_noname.o(.text.u8x8_d_ssd1306_sh1106_generic)
    [Anonymous Symbol]                       0x08005724   Section        0  u8x8_d_ssd1306_128x64_noname.o(.text.u8x8_d_ssd1306_sh1106_generic)
    __arm_cp.1_0                             0x08005814   Number         4  u8x8_d_ssd1306_128x64_noname.o(.text.u8x8_d_ssd1306_sh1106_generic)
    __arm_cp.1_1                             0x08005818   Number         4  u8x8_d_ssd1306_128x64_noname.o(.text.u8x8_d_ssd1306_sh1106_generic)
    __arm_cp.1_2                             0x0800581c   Number         4  u8x8_d_ssd1306_128x64_noname.o(.text.u8x8_d_ssd1306_sh1106_generic)
    __arm_cp.1_3                             0x08005820   Number         4  u8x8_d_ssd1306_128x64_noname.o(.text.u8x8_d_ssd1306_sh1106_generic)
    [Anonymous Symbol]                       0x08005824   Section        0  u8x8_gpio.o(.text.u8x8_gpio_call)
    [Anonymous Symbol]                       0x08005830   Section        0  oled_driver.o(.text.u8x8_stm32_gpio_and_delay)
    __arm_cp.2_0                             0x080058b4   Number         4  oled_driver.o(.text.u8x8_stm32_gpio_and_delay)
    __arm_cp.2_1                             0x080058b8   Number         4  oled_driver.o(.text.u8x8_stm32_gpio_and_delay)
    [Anonymous Symbol]                       0x080058bc   Section        0  u8x8_8x8.o(.text.u8x8_utf8_init)
    [Anonymous Symbol]                       0x080058c4   Section        0  flash.o(.text.ubFlash_Write_DoubleWord)
    __arm_cp.0_0                             0x08005acc   Number         4  flash.o(.text.ubFlash_Write_DoubleWord)
    __arm_cp.0_1                             0x08005ad0   Number         4  flash.o(.text.ubFlash_Write_DoubleWord)
    __arm_cp.0_2                             0x08005ad4   Number         4  flash.o(.text.ubFlash_Write_DoubleWord)
    __arm_cp.0_3                             0x08005ad8   Number         4  flash.o(.text.ubFlash_Write_DoubleWord)
    __arm_cp.0_5                             0x08005af4   Number         4  flash.o(.text.ubFlash_Write_DoubleWord)
    __arm_cp.0_6                             0x08005af8   Number         4  flash.o(.text.ubFlash_Write_DoubleWord)
    __arm_cp.0_7                             0x08005afc   Number         4  flash.o(.text.ubFlash_Write_DoubleWord)
    __arm_cp.0_8                             0x08005b00   Number         4  flash.o(.text.ubFlash_Write_DoubleWord)
    [Anonymous Symbol]                       0x08005b48   Section        0  main.o(.text.updateEEPROM)
    __arm_cp.20_0                            0x08005bd8   Number         4  main.o(.text.updateEEPROM)
    __arm_cp.20_1                            0x08005bdc   Number         4  main.o(.text.updateEEPROM)
    __arm_cp.20_2                            0x08005be0   Number         4  main.o(.text.updateEEPROM)
    __arm_cp.20_3                            0x08005be4   Number         4  main.o(.text.updateEEPROM)
    __arm_cp.20_4                            0x08005be8   Number         4  main.o(.text.updateEEPROM)
    __arm_cp.20_5                            0x08005bec   Number         4  main.o(.text.updateEEPROM)
    __arm_cp.20_6                            0x08005bf0   Number         4  main.o(.text.updateEEPROM)
    __arm_cp.20_7                            0x08005bf4   Number         4  main.o(.text.updateEEPROM)
    __arm_cp.20_8                            0x08005bf8   Number         4  main.o(.text.updateEEPROM)
    __arm_cp.20_9                            0x08005bfc   Number         4  main.o(.text.updateEEPROM)
    __arm_cp.20_10                           0x08005c00   Number         4  main.o(.text.updateEEPROM)
    __arm_cp.20_11                           0x08005c04   Number         4  main.o(.text.updateEEPROM)
    __arm_cp.20_12                           0x08005c08   Number         4  main.o(.text.updateEEPROM)
    __arm_cp.20_13                           0x08005c0c   Number         4  main.o(.text.updateEEPROM)
    __arm_cp.20_16                           0x08005c3c   Number         4  main.o(.text.updateEEPROM)
    i.__0printf                              0x08005c6c   Section        0  printfa.o(i.__0printf)
    i.__0sprintf                             0x08005c8c   Section        0  printfa.o(i.__0sprintf)
    i.__ARM_clz                              0x08005cb4   Section        0  depilogue.o(i.__ARM_clz)
    i.__scatterload_copy                     0x08005ce2   Section       14  handlers.o(i.__scatterload_copy)
    i.__scatterload_null                     0x08005cf0   Section        2  handlers.o(i.__scatterload_null)
    i.__scatterload_zeroinit                 0x08005cf2   Section       14  handlers.o(i.__scatterload_zeroinit)
    _fp_digits                               0x08005d01   Thumb Code   344  printfa.o(i._fp_digits)
    i._fp_digits                             0x08005d00   Section        0  printfa.o(i._fp_digits)
    _printf_core                             0x08005e75   Thumb Code  1754  printfa.o(i._printf_core)
    i._printf_core                           0x08005e74   Section        0  printfa.o(i._printf_core)
    _printf_post_padding                     0x08006561   Thumb Code    32  printfa.o(i._printf_post_padding)
    i._printf_post_padding                   0x08006560   Section        0  printfa.o(i._printf_post_padding)
    _printf_pre_padding                      0x08006581   Thumb Code    44  printfa.o(i._printf_pre_padding)
    i._printf_pre_padding                    0x08006580   Section        0  printfa.o(i._printf_pre_padding)
    _sputc                                   0x080065ad   Thumb Code    10  printfa.o(i._sputc)
    i._sputc                                 0x080065ac   Section        0  printfa.o(i._sputc)
    i.puts                                   0x080065b8   Section        0  puts.o(i.puts)
    __tagsym$$used.0                         0x080065d8   Number         0  eventrecorder.o(.rodata.EventRecorderInfo)
    .L.str                                   0x080065f0   Data          27  flash.o(.rodata.str1.1)
    [Anonymous Symbol]                       0x080065f0   Section        0  flash.o(.rodata.str1.1)
    .L.str.2                                 0x0800660b   Data           3  flash.o(.rodata.str1.1)
    .L.str.1                                 0x0800660e   Data           5  flash.o(.rodata.str1.1)
    .L.str.39                                0x08006613   Data          10  main.o(.rodata.str1.1)
    [Anonymous Symbol]                       0x08006613   Section        0  main.o(.rodata.str1.1)
    .L.str.42                                0x0800661d   Data           9  main.o(.rodata.str1.1)
    .L.str.55                                0x08006626   Data           4  main.o(.rodata.str1.1)
    .L.str.11                                0x0800662a   Data           5  main.o(.rodata.str1.1)
    .L.str.59                                0x0800662f   Data           2  main.o(.rodata.str1.1)
    .L.str.30                                0x08006631   Data          15  main.o(.rodata.str1.1)
    .L.str.27                                0x08006640   Data          17  main.o(.rodata.str1.1)
    .L.str.33                                0x08006651   Data           3  main.o(.rodata.str1.1)
    .L.str.24                                0x08006654   Data           4  main.o(.rodata.str1.1)
    .L.str.56                                0x08006658   Data           3  main.o(.rodata.str1.1)
    .L.str.40                                0x0800665b   Data          12  main.o(.rodata.str1.1)
    .L.str.32                                0x08006667   Data           7  main.o(.rodata.str1.1)
    .L.str.31                                0x0800666e   Data           8  main.o(.rodata.str1.1)
    .L.str.4                                 0x08006676   Data          13  main.o(.rodata.str1.1)
    .L.str.8                                 0x08006683   Data          11  main.o(.rodata.str1.1)
    .L.str.36                                0x0800668e   Data           8  main.o(.rodata.str1.1)
    .L.str.5                                 0x08006696   Data          12  main.o(.rodata.str1.1)
    .L.str.9                                 0x080066a2   Data          12  main.o(.rodata.str1.1)
    .L.str.10                                0x080066ae   Data           7  main.o(.rodata.str1.1)
    .L.str.28                                0x080066b5   Data           3  main.o(.rodata.str1.1)
    .L.str.12                                0x080066b8   Data          11  main.o(.rodata.str1.1)
    .L.str.14                                0x080066c3   Data          11  main.o(.rodata.str1.1)
    .L.str.13                                0x080066ce   Data          14  main.o(.rodata.str1.1)
    .L.str.15                                0x080066dc   Data          11  main.o(.rodata.str1.1)
    .L.str.16                                0x080066e7   Data          12  main.o(.rodata.str1.1)
    .L.str.7                                 0x080066f3   Data          12  main.o(.rodata.str1.1)
    .L.str.18                                0x080066ff   Data          11  main.o(.rodata.str1.1)
    .L.str.17                                0x0800670a   Data          13  main.o(.rodata.str1.1)
    .L.str.19                                0x08006717   Data          11  main.o(.rodata.str1.1)
    .L.str.41                                0x08006722   Data          15  main.o(.rodata.str1.1)
    .L.str.21                                0x08006731   Data          10  main.o(.rodata.str1.1)
    .L.str.20                                0x0800673b   Data          12  main.o(.rodata.str1.1)
    .L.str.22                                0x08006747   Data          12  main.o(.rodata.str1.1)
    .L.str.6                                 0x08006753   Data           7  main.o(.rodata.str1.1)
    .L.str.38                                0x0800675a   Data          12  main.o(.rodata.str1.1)
    .L.str.35                                0x08006766   Data           8  main.o(.rodata.str1.1)
    .L.str.29                                0x0800676e   Data           4  main.o(.rodata.str1.1)
    .L.str.34                                0x08006772   Data           8  main.o(.rodata.str1.1)
    .L.str.1                                 0x0800677a   Data          13  main.o(.rodata.str1.1)
    .L.str.2                                 0x08006787   Data          14  main.o(.rodata.str1.1)
    .L.str.3                                 0x08006795   Data          15  main.o(.rodata.str1.1)
    .L.str.26                                0x080067a4   Data          11  main.o(.rodata.str1.1)
    .L.str.25                                0x080067af   Data          12  main.o(.rodata.str1.1)
    .L.str.23                                0x080067bb   Data           7  main.o(.rodata.str1.1)
    .L.str.37                                0x080067c2   Data          11  main.o(.rodata.str1.1)
    .L.str                                   0x080067cd   Data          11  main.o(.rodata.str1.1)
    u8x8_d_ssd1306_128x64_noname_flip0_seq   0x08007122   Data           7  u8x8_d_ssd1306_128x64_noname.o(.rodata.u8x8_d_ssd1306_128x64_noname_flip0_seq)
    [Anonymous Symbol]                       0x08007122   Section        0  u8x8_d_ssd1306_128x64_noname.o(.rodata.u8x8_d_ssd1306_128x64_noname_flip0_seq)
    u8x8_d_ssd1306_128x64_noname_flip1_seq   0x08007129   Data           7  u8x8_d_ssd1306_128x64_noname.o(.rodata.u8x8_d_ssd1306_128x64_noname_flip1_seq)
    [Anonymous Symbol]                       0x08007129   Section        0  u8x8_d_ssd1306_128x64_noname.o(.rodata.u8x8_d_ssd1306_128x64_noname_flip1_seq)
    u8x8_d_ssd1306_128x64_noname_init_seq    0x08007130   Data          53  u8x8_d_ssd1306_128x64_noname.o(.rodata.u8x8_d_ssd1306_128x64_noname_init_seq)
    [Anonymous Symbol]                       0x08007130   Section        0  u8x8_d_ssd1306_128x64_noname.o(.rodata.u8x8_d_ssd1306_128x64_noname_init_seq)
    u8x8_d_ssd1306_128x64_noname_powersave0_seq 0x08007165   Data           5  u8x8_d_ssd1306_128x64_noname.o(.rodata.u8x8_d_ssd1306_128x64_noname_powersave0_seq)
    [Anonymous Symbol]                       0x08007165   Section        0  u8x8_d_ssd1306_128x64_noname.o(.rodata.u8x8_d_ssd1306_128x64_noname_powersave0_seq)
    u8x8_d_ssd1306_128x64_noname_powersave1_seq 0x0800716a   Data           5  u8x8_d_ssd1306_128x64_noname.o(.rodata.u8x8_d_ssd1306_128x64_noname_powersave1_seq)
    [Anonymous Symbol]                       0x0800716a   Section        0  u8x8_d_ssd1306_128x64_noname.o(.rodata.u8x8_d_ssd1306_128x64_noname_powersave1_seq)
    u8x8_ssd1306_128x64_noname_display_info  0x08007170   Data          24  u8x8_d_ssd1306_128x64_noname.o(.rodata.u8x8_ssd1306_128x64_noname_display_info)
    [Anonymous Symbol]                       0x08007170   Section        0  u8x8_d_ssd1306_128x64_noname.o(.rodata.u8x8_ssd1306_128x64_noname_display_info)
    .data                                    0x20000000   Section        4  stdout.o(.data)
    EXTI4_15_IRQHandler._count               0x200001fa   Data           1  stm32g0xx_it.o(.bss.EXTI4_15_IRQHandler._count)
    [Anonymous Symbol]                       0x200001fa   Section        0  stm32g0xx_it.o(.bss.EXTI4_15_IRQHandler._count)
    EXTI4_15_IRQHandler.b_flag               0x200001fb   Data           1  stm32g0xx_it.o(.bss.EXTI4_15_IRQHandler.b_flag)
    [Anonymous Symbol]                       0x200001fb   Section        0  stm32g0xx_it.o(.bss.EXTI4_15_IRQHandler.b_flag)
    stdout_putchar.buffer                    0x200002fc   Data           8  retarget_io.o(.bss.stdout_putchar.buffer)
    [Anonymous Symbol]                       0x200002fc   Section        0  retarget_io.o(.bss.stdout_putchar.buffer)
    stdout_putchar.index                     0x20000304   Data           4  retarget_io.o(.bss.stdout_putchar.index)
    [Anonymous Symbol]                       0x20000304   Section        0  retarget_io.o(.bss.stdout_putchar.index)
    u8g2                                     0x2000035c   Data         148  main.o(.bss.u8g2)
    [Anonymous Symbol]                       0x2000035c   Section        0  main.o(.bss.u8g2)
    u8g2_m_16_8_f.buf                        0x200003f0   Data        1024  u8g2_d_memory.o(.bss.u8g2_m_16_8_f.buf)
    [Anonymous Symbol]                       0x200003f0   Section        0  u8g2_d_memory.o(.bss.u8g2_m_16_8_f.buf)
    STACK                                    0x200007f0   Section     1024  startup_stm32g030xx_1.o(STACK)
    SysTickCount                             0x20001500   Data           4  eventrecorder.o(.bss.SysTickCount)
    [Anonymous Symbol]                       0x20001500   Section        0  eventrecorder.o(.bss.SysTickCount)
    SysTickUpdated                           0x20001504   Data           1  eventrecorder.o(.bss.SysTickUpdated)
    [Anonymous Symbol]                       0x20001504   Section        0  eventrecorder.o(.bss.SysTickUpdated)
    TS_OverflowLock                          0x20001505   Data           1  eventrecorder.o(.bss.TS_OverflowLock)
    [Anonymous Symbol]                       0x20001505   Section        0  eventrecorder.o(.bss.TS_OverflowLock)
    EventBuffer                              0x20001540   Data        1024  eventrecorder.o(.bss.noinit)
    [Anonymous Symbol]                       0x20001540   Section        0  eventrecorder.o(.bss.noinit)
    EventFilter                              0x20001940   Data         128  eventrecorder.o(.bss.noinit)
    EventStatus                              0x200019c0   Data          36  eventrecorder.o(.bss.noinit)

    Global Symbols

    Symbol Name                              Value     Ov Type        Size  Object(Section)

    BuildAttributes$$THM_ISAv3M$S$PE$A:L22$X:L11$S22$IEEE1$IW$~IW$USESV6$~STKCKD$USESV7$~SHL$OTIME$ROPI$EBA8$MICROLIB$REQ8$PRES8$EABIv2 0x00000000   Number         0  anon$$obj.o ABSOLUTE
    _printf_a                                0x00000000   Number         0  stubs.o ABSOLUTE
    _printf_c                                0x00000000   Number         0  stubs.o ABSOLUTE
    _printf_charcount                        0x00000000   Number         0  stubs.o ABSOLUTE
    _printf_d                                0x00000000   Number         0  stubs.o ABSOLUTE
    _printf_e                                0x00000000   Number         0  stubs.o ABSOLUTE
    _printf_f                                0x00000000   Number         0  stubs.o ABSOLUTE
    _printf_flags                            0x00000000   Number         0  stubs.o ABSOLUTE
    _printf_fp_dec                           0x00000000   Number         0  stubs.o ABSOLUTE
    _printf_fp_hex                           0x00000000   Number         0  stubs.o ABSOLUTE
    _printf_g                                0x00000000   Number         0  stubs.o ABSOLUTE
    _printf_i                                0x00000000   Number         0  stubs.o ABSOLUTE
    _printf_int_dec                          0x00000000   Number         0  stubs.o ABSOLUTE
    _printf_l                                0x00000000   Number         0  stubs.o ABSOLUTE
    _printf_lc                               0x00000000   Number         0  stubs.o ABSOLUTE
    _printf_ll                               0x00000000   Number         0  stubs.o ABSOLUTE
    _printf_lld                              0x00000000   Number         0  stubs.o ABSOLUTE
    _printf_lli                              0x00000000   Number         0  stubs.o ABSOLUTE
    _printf_llo                              0x00000000   Number         0  stubs.o ABSOLUTE
    _printf_llu                              0x00000000   Number         0  stubs.o ABSOLUTE
    _printf_llx                              0x00000000   Number         0  stubs.o ABSOLUTE
    _printf_longlong_dec                     0x00000000   Number         0  stubs.o ABSOLUTE
    _printf_longlong_hex                     0x00000000   Number         0  stubs.o ABSOLUTE
    _printf_longlong_oct                     0x00000000   Number         0  stubs.o ABSOLUTE
    _printf_ls                               0x00000000   Number         0  stubs.o ABSOLUTE
    _printf_mbtowc                           0x00000000   Number         0  stubs.o ABSOLUTE
    _printf_n                                0x00000000   Number         0  stubs.o ABSOLUTE
    _printf_o                                0x00000000   Number         0  stubs.o ABSOLUTE
    _printf_p                                0x00000000   Number         0  stubs.o ABSOLUTE
    _printf_percent                          0x00000000   Number         0  stubs.o ABSOLUTE
    _printf_pre_padding                      0x00000000   Number         0  stubs.o ABSOLUTE
    _printf_return_value                     0x00000000   Number         0  stubs.o ABSOLUTE
    _printf_s                                0x00000000   Number         0  stubs.o ABSOLUTE
    _printf_sizespec                         0x00000000   Number         0  stubs.o ABSOLUTE
    _printf_str                              0x00000000   Number         0  stubs.o ABSOLUTE
    _printf_truncate_signed                  0x00000000   Number         0  stubs.o ABSOLUTE
    _printf_truncate_unsigned                0x00000000   Number         0  stubs.o ABSOLUTE
    _printf_u                                0x00000000   Number         0  stubs.o ABSOLUTE
    _printf_wc                               0x00000000   Number         0  stubs.o ABSOLUTE
    _printf_wctomb                           0x00000000   Number         0  stubs.o ABSOLUTE
    _printf_widthprec                        0x00000000   Number         0  stubs.o ABSOLUTE
    _printf_x                                0x00000000   Number         0  stubs.o ABSOLUTE
    __cpp_initialize__aeabi_                  - Undefined Weak Reference
    __cxa_finalize                            - Undefined Weak Reference
    _clock_init                               - Undefined Weak Reference
    _microlib_exit                            - Undefined Weak Reference
    __Vectors_Size                           0x000000c0   Number         0  startup_stm32g030xx_1.o ABSOLUTE
    __Vectors                                0x08000000   Data           4  startup_stm32g030xx_1.o(RESET)
    __Vectors_End                            0x080000c0   Data           0  startup_stm32g030xx_1.o(RESET)
    __main                                   0x080000c1   Thumb Code     0  entry.o(.ARM.Collect$$$$00000000)
    _main_stk                                0x080000c1   Thumb Code     0  entry2.o(.ARM.Collect$$$$00000001)
    _main_scatterload                        0x080000c5   Thumb Code     0  entry5.o(.ARM.Collect$$$$00000004)
    __main_after_scatterload                 0x080000c9   Thumb Code     0  entry5.o(.ARM.Collect$$$$00000004)
    _main_clock                              0x080000c9   Thumb Code     0  entry7b.o(.ARM.Collect$$$$00000008)
    _main_cpp_init                           0x080000c9   Thumb Code     0  entry8b.o(.ARM.Collect$$$$0000000A)
    _main_init                               0x080000c9   Thumb Code     0  entry9a.o(.ARM.Collect$$$$0000000B)
    __rt_final_cpp                           0x080000d1   Thumb Code     0  entry10a.o(.ARM.Collect$$$$0000000D)
    __rt_final_exit                          0x080000d1   Thumb Code     0  entry11a.o(.ARM.Collect$$$$0000000F)
    Reset_Handler                            0x080000d5   Thumb Code     8  startup_stm32g030xx_1.o(.text)
    ADC1_IRQHandler                          0x080000e7   Thumb Code     0  startup_stm32g030xx_1.o(.text)
    DMA1_Ch4_5_DMAMUX1_OVR_IRQHandler        0x080000e7   Thumb Code     0  startup_stm32g030xx_1.o(.text)
    DMA1_Channel1_IRQHandler                 0x080000e7   Thumb Code     0  startup_stm32g030xx_1.o(.text)
    DMA1_Channel2_3_IRQHandler               0x080000e7   Thumb Code     0  startup_stm32g030xx_1.o(.text)
    EXTI0_1_IRQHandler                       0x080000e7   Thumb Code     0  startup_stm32g030xx_1.o(.text)
    EXTI2_3_IRQHandler                       0x080000e7   Thumb Code     0  startup_stm32g030xx_1.o(.text)
    FLASH_IRQHandler                         0x080000e7   Thumb Code     0  startup_stm32g030xx_1.o(.text)
    I2C1_IRQHandler                          0x080000e7   Thumb Code     0  startup_stm32g030xx_1.o(.text)
    I2C2_IRQHandler                          0x080000e7   Thumb Code     0  startup_stm32g030xx_1.o(.text)
    RCC_IRQHandler                           0x080000e7   Thumb Code     0  startup_stm32g030xx_1.o(.text)
    RTC_TAMP_IRQHandler                      0x080000e7   Thumb Code     0  startup_stm32g030xx_1.o(.text)
    SPI1_IRQHandler                          0x080000e7   Thumb Code     0  startup_stm32g030xx_1.o(.text)
    SPI2_IRQHandler                          0x080000e7   Thumb Code     0  startup_stm32g030xx_1.o(.text)
    TIM14_IRQHandler                         0x080000e7   Thumb Code     0  startup_stm32g030xx_1.o(.text)
    TIM17_IRQHandler                         0x080000e7   Thumb Code     0  startup_stm32g030xx_1.o(.text)
    TIM1_BRK_UP_TRG_COM_IRQHandler           0x080000e7   Thumb Code     0  startup_stm32g030xx_1.o(.text)
    TIM1_CC_IRQHandler                       0x080000e7   Thumb Code     0  startup_stm32g030xx_1.o(.text)
    TIM3_IRQHandler                          0x080000e7   Thumb Code     0  startup_stm32g030xx_1.o(.text)
    USART1_IRQHandler                        0x080000e7   Thumb Code     0  startup_stm32g030xx_1.o(.text)
    USART2_IRQHandler                        0x080000e7   Thumb Code     0  startup_stm32g030xx_1.o(.text)
    WWDG_IRQHandler                          0x080000e7   Thumb Code     0  startup_stm32g030xx_1.o(.text)
    __aeabi_uidiv                            0x080000f1   Thumb Code     0  uidiv.o(.text)
    __aeabi_uidivmod                         0x080000f1   Thumb Code    44  uidiv.o(.text)
    __aeabi_idiv                             0x0800011d   Thumb Code     0  idiv.o(.text)
    __aeabi_idivmod                          0x0800011d   Thumb Code    40  idiv.o(.text)
    __aeabi_memcpy                           0x08000145   Thumb Code    36  memcpya.o(.text)
    __aeabi_memcpy4                          0x08000145   Thumb Code     0  memcpya.o(.text)
    __aeabi_memcpy8                          0x08000145   Thumb Code     0  memcpya.o(.text)
    __aeabi_memset                           0x08000169   Thumb Code    14  memseta.o(.text)
    __aeabi_memset4                          0x08000169   Thumb Code     0  memseta.o(.text)
    __aeabi_memset8                          0x08000169   Thumb Code     0  memseta.o(.text)
    __aeabi_memclr                           0x08000177   Thumb Code     4  memseta.o(.text)
    __aeabi_memclr4                          0x08000177   Thumb Code     0  memseta.o(.text)
    __aeabi_memclr8                          0x08000177   Thumb Code     0  memseta.o(.text)
    _memset$wrapper                          0x0800017b   Thumb Code    18  memseta.o(.text)
    strcmp                                   0x0800018d   Thumb Code    28  strcmp.o(.text)
    __aeabi_fmul                             0x080001a9   Thumb Code   122  fmul.o(.text)
    __aeabi_fdiv                             0x08000223   Thumb Code   124  fdiv.o(.text)
    __aeabi_dadd                             0x080002a1   Thumb Code   328  dadd.o(.text)
    __aeabi_dsub                             0x080003e9   Thumb Code    12  dadd.o(.text)
    __aeabi_drsub                            0x080003f5   Thumb Code    12  dadd.o(.text)
    __aeabi_dmul                             0x08000405   Thumb Code   202  dmul.o(.text)
    __aeabi_ddiv                             0x080004d5   Thumb Code   234  ddiv.o(.text)
    __aeabi_dcmple                           0x080005c5   Thumb Code    44  dcmple.o(.text)
    __aeabi_dcmplt                           0x080005f1   Thumb Code    44  dcmplt.o(.text)
    __aeabi_dcmpge                           0x0800061d   Thumb Code    44  dcmpge.o(.text)
    __aeabi_dcmpgt                           0x08000649   Thumb Code    44  dcmpgt.o(.text)
    __aeabi_dcmpeq                           0x08000675   Thumb Code    46  dcmpeq.o(.text)
    __aeabi_i2f                              0x080006a3   Thumb Code    22  fflti.o(.text)
    __aeabi_ui2f                             0x080006b9   Thumb Code    14  ffltui.o(.text)
    __aeabi_i2d                              0x080006c9   Thumb Code    34  dflti.o(.text)
    __aeabi_ui2d                             0x080006f1   Thumb Code    24  dfltui.o(.text)
    __aeabi_f2uiz                            0x0800070d   Thumb Code    40  ffixui.o(.text)
    __aeabi_d2uiz                            0x08000735   Thumb Code    50  dfixui.o(.text)
    __aeabi_f2d                              0x08000771   Thumb Code    40  f2d.o(.text)
    __aeabi_uldivmod                         0x08000799   Thumb Code    96  uldiv.o(.text)
    __aeabi_llsl                             0x080007f9   Thumb Code    32  llshl.o(.text)
    _ll_shift_l                              0x080007f9   Thumb Code     0  llshl.o(.text)
    __aeabi_llsr                             0x08000819   Thumb Code    34  llushr.o(.text)
    _ll_ushift_r                             0x08000819   Thumb Code     0  llushr.o(.text)
    __aeabi_lasr                             0x0800083b   Thumb Code    38  llsshr.o(.text)
    _ll_sshift_r                             0x0800083b   Thumb Code     0  llsshr.o(.text)
    __I$use$fp                               0x08000861   Thumb Code     0  iusefp.o(.text)
    _float_round                             0x08000861   Thumb Code    16  fepilogue.o(.text)
    _float_epilogue                          0x08000871   Thumb Code   114  fepilogue.o(.text)
    _double_round                            0x080008e3   Thumb Code    26  depilogue.o(.text)
    _double_epilogue                         0x080008fd   Thumb Code   164  depilogue.o(.text)
    __aeabi_d2ulz                            0x080009a1   Thumb Code    54  dfixul.o(.text)
    __aeabi_cdrcmple                         0x080009e1   Thumb Code    38  cdrcmple.o(.text)
    __scatterload                            0x08000a09   Thumb Code    28  init.o(.text)
    __scatterload_rt2                        0x08000a09   Thumb Code     0  init.o(.text)
    __decompress                             0x08000a2d   Thumb Code     0  __dczerorl2.o(.text)
    __decompress1                            0x08000a2d   Thumb Code    86  __dczerorl2.o(.text)
    Activate_ADC                             0x08000a85   Thumb Code   160  adc.o(.text.Activate_ADC)
    CalibrationScreen                        0x08000b25   Thumb Code   604  main.o(.text.CalibrationScreen)
    ChangeTipScreen                          0x08000d7d   Thumb Code   404  main.o(.text.ChangeTipScreen)
    DeleteTipScreen                          0x08000f11   Thumb Code   160  main.o(.text.DeleteTipScreen)
    EXTI4_15_IRQHandler                      0x08000fb1   Thumb Code   208  stm32g0xx_it.o(.text.EXTI4_15_IRQHandler)
    EventRecordData                          0x08001081   Thumb Code   548  eventrecorder.o(.text.EventRecordData)
    EventRecorderEnable                      0x080013d5   Thumb Code   180  eventrecorder.o(.text.EventRecorderEnable)
    EventRecorderInitialize                  0x08001489   Thumb Code   608  eventrecorder.o(.text.EventRecorderInitialize)
    EventRecorderStart                       0x080016e5   Thumb Code   144  eventrecorder.o(.text.EventRecorderStart)
    EventRecorderTimerGetCount               0x08001775   Thumb Code    48  eventrecorder.o(.text.EventRecorderTimerGetCount)
    EventRecorderTimerGetFreq                0x0800179d   Thumb Code    12  eventrecorder.o(.text.EventRecorderTimerGetFreq)
    EventRecorderTimerSetup                  0x080017a9   Thumb Code    36  eventrecorder.o(.text.EventRecorderTimerSetup)
    HardFault_Handler                        0x080017cd   Thumb Code     2  stm32g0xx_it.o(.text.HardFault_Handler)
    InfoScreen                               0x080017d1   Thumb Code   704  main.o(.text.InfoScreen)
    InputNameScreen                          0x08001a89   Thumb Code   412  main.o(.text.InputNameScreen)
    InputScreen                              0x08001c21   Thumb Code   264  main.o(.text.InputScreen)
    LL_ADC_Init                              0x08001d29   Thumb Code    52  stm32g0xx_ll_adc.o(.text.LL_ADC_Init)
    LL_ADC_REG_Init                          0x08001d5d   Thumb Code    96  stm32g0xx_ll_adc.o(.text.LL_ADC_REG_Init)
    LL_EXTI_Init                             0x08001dbd   Thumb Code   176  stm32g0xx_ll_exti.o(.text.LL_EXTI_Init)
    LL_GPIO_Init                             0x08001e6d   Thumb Code   186  stm32g0xx_ll_gpio.o(.text.LL_GPIO_Init)
    LL_Init1msTick                           0x08001f29   Thumb Code    32  stm32g0xx_ll_utils.o(.text.LL_Init1msTick)
    LL_SPI_Init                              0x08001f49   Thumb Code   116  stm32g0xx_ll_spi.o(.text.LL_SPI_Init)
    LL_SetSystemCoreClock                    0x08001fbd   Thumb Code    12  stm32g0xx_ll_utils.o(.text.LL_SetSystemCoreClock)
    LL_TIM_BDTR_Init                         0x08001fc9   Thumb Code   148  stm32g0xx_ll_tim.o(.text.LL_TIM_BDTR_Init)
    LL_TIM_Init                              0x08002059   Thumb Code   144  stm32g0xx_ll_tim.o(.text.LL_TIM_Init)
    LL_TIM_OC_Init                           0x080020dd   Thumb Code   728  stm32g0xx_ll_tim.o(.text.LL_TIM_OC_Init)
    LL_mDelay                                0x080023b5   Thumb Code    40  stm32g0xx_ll_utils.o(.text.LL_mDelay)
    MX_ADC1_Init                             0x080023dd   Thumb Code   300  adc.o(.text.MX_ADC1_Init)
    MX_GPIO_Init                             0x08002501   Thumb Code   400  gpio.o(.text.MX_GPIO_Init)
    MX_SPI1_Init                             0x08002689   Thumb Code   172  spi.o(.text.MX_SPI1_Init)
    MX_TIM14_Init                            0x08002731   Thumb Code   164  tim.o(.text.MX_TIM14_Init)
    MX_TIM16_Init                            0x080027d5   Thumb Code   240  tim.o(.text.MX_TIM16_Init)
    MX_TIM17_Init                            0x080028c5   Thumb Code    80  tim.o(.text.MX_TIM17_Init)
    MX_TIM3_Init                             0x08002915   Thumb Code   204  tim.o(.text.MX_TIM3_Init)
    MainScreen                               0x080029e1   Thumb Code   676  main.o(.text.MainScreen)
    MenuScreen                               0x08002c85   Thumb Code   416  main.o(.text.MenuScreen)
    MessageScreen                            0x08002e11   Thumb Code   172  main.o(.text.MessageScreen)
    NMI_Handler                              0x08002ebd   Thumb Code     2  stm32g0xx_it.o(.text.NMI_Handler)
    PID                                      0x08002ec1   Thumb Code    80  pid.o(.text.PID)
    PID_Compute                              0x08002f11   Thumb Code   328  pid.o(.text.PID_Compute)
    PID_SetMode                              0x08003059   Thumb Code   104  pid.o(.text.PID_SetMode)
    PID_SetOutputLimits                      0x080030c1   Thumb Code   176  pid.o(.text.PID_SetOutputLimits)
    PID_SetSampleTime                        0x08003171   Thumb Code    82  pid.o(.text.PID_SetSampleTime)
    PID_SetTunings                           0x080031c3   Thumb Code    34  pid.o(.text.PID_SetTunings)
    PID_SetTunings2                          0x080031e5   Thumb Code   220  pid.o(.text.PID_SetTunings2)
    PendSV_Handler                           0x080032c1   Thumb Code     2  stm32g0xx_it.o(.text.PendSV_Handler)
    ROTARYCheck                              0x080032c5   Thumb Code   272  main.o(.text.ROTARYCheck)
    SENSORCheck                              0x080033cd   Thumb Code   892  main.o(.text.SENSORCheck)
    SLEEPCheck                               0x08003729   Thumb Code   340  main.o(.text.SLEEPCheck)
    SVC_Handler                              0x08003871   Thumb Code     2  stm32g0xx_it.o(.text.SVC_Handler)
    SetupScreen                              0x08003875   Thumb Code   388  main.o(.text.SetupScreen)
    SysTick_Handler                          0x080039f9   Thumb Code    28  eventrecorder.o(.text.SysTick_Handler)
    SystemClock_Config                       0x08003a15   Thumb Code   160  main.o(.text.SystemClock_Config)
    SystemInit                               0x08003ab5   Thumb Code     2  system_stm32g0xx_1.o(.text.SystemInit)
    TIM16_IRQHandler                         0x08003ab9   Thumb Code    40  stm32g0xx_it.o(.text.TIM16_IRQHandler)
    TMP75_ReadTemp                           0x08003ae1   Thumb Code    72  i2c.o(.text.TMP75_ReadTemp)
    TMP75_Read_2Byte                         0x08003b29   Thumb Code  1244  i2c.o(.text.TMP75_Read_2Byte)
    TempScreen                               0x08004005   Thumb Code   228  main.o(.text.TempScreen)
    Thermostat                               0x080040cd   Thumb Code   320  main.o(.text.Thermostat)
    TimerScreen                              0x08004209   Thumb Code   208  main.o(.text.TimerScreen)
    TipScreen                                0x080042d9   Thumb Code   168  main.o(.text.TipScreen)
    calculateTemp                            0x08004379   Thumb Code   188  main.o(.text.calculateTemp)
    constrain                                0x08004435   Thumb Code    18  main.o(.text.constrain)
    fputc                                    0x08004449   Thumb Code    72  retarget_io.o(.text.fputc)
    main                                     0x08004491   Thumb Code   896  main.o(.text.main)
    timer_sched                              0x08004811   Thumb Code   212  timer.o(.text.timer_sched)
    u8g2_DrawHVLine                          0x080048e5   Thumb Code   216  u8g2_hvline.o(.text.u8g2_DrawHVLine)
    u8g2_DrawStr                             0x080049bd   Thumb Code    16  u8g2_font.o(.text.u8g2_DrawStr)
    u8g2_FirstPage                           0x080049cd   Thumb Code    40  u8g2_buffer.o(.text.u8g2_FirstPage)
    u8g2_IsIntersection                      0x080049f5   Thumb Code   104  u8g2_intersection.o(.text.u8g2_IsIntersection)
    u8g2_NextPage                            0x08004a5d   Thumb Code    70  u8g2_buffer.o(.text.u8g2_NextPage)
    u8g2_SetBufferCurrTileRow                0x08004aa3   Thumb Code    26  u8g2_buffer.o(.text.u8g2_SetBufferCurrTileRow)
    u8g2_SetFont                             0x08004abd   Thumb Code   246  u8g2_font.o(.text.u8g2_SetFont)
    u8g2_SetFontDirection                    0x08004bb3   Thumb Code     6  u8g2_font.o(.text.u8g2_SetFontDirection)
    u8g2_SetFontMode                         0x08004bb9   Thumb Code     6  u8g2_font.o(.text.u8g2_SetFontMode)
    u8g2_SetFontPosBaseline                  0x08004bc1   Thumb Code    12  u8g2_font.o(.text.u8g2_SetFontPosBaseline)
    u8g2_SetupBuffer                         0x08004bcd   Thumb Code    80  u8g2_setup.o(.text.u8g2_SetupBuffer)
    u8g2_Setup_ssd1306_128x64_noname_f       0x08004c1d   Thumb Code    68  u8g2_d_setup.o(.text.u8g2_Setup_ssd1306_128x64_noname_f)
    u8g2_add_vector_x                        0x08004c61   Thumb Code    36  u8g2_font.o(.text.u8g2_add_vector_x)
    u8g2_add_vector_y                        0x08004c85   Thumb Code    36  u8g2_font.o(.text.u8g2_add_vector_y)
    u8g2_draw_hv_line_2dir                   0x08004ca9   Thumb Code    24  u8g2_hvline.o(.text.u8g2_draw_hv_line_2dir)
    u8g2_draw_l90_r0                         0x08004cc1   Thumb Code    18  u8g2_setup.o(.text.u8g2_draw_l90_r0)
    u8g2_font_calc_vref_font                 0x08004dc9   Thumb Code     4  u8g2_font.o(.text.u8g2_font_calc_vref_font)
    u8g2_font_decode_glyph                   0x08004dcd   Thumb Code  1004  u8g2_font.o(.text.u8g2_font_decode_glyph)
    u8g2_font_get_glyph_data                 0x080051b9   Thumb Code   134  u8g2_font.o(.text.u8g2_font_get_glyph_data)
    u8g2_ll_hvline_vertical_top_lsb          0x0800524d   Thumb Code   150  u8g2_ll_hvline.o(.text.u8g2_ll_hvline_vertical_top_lsb)
    u8g2_m_16_8_f                            0x080052e5   Thumb Code    12  u8g2_d_memory.o(.text.u8g2_m_16_8_f)
    u8g2_update_dimension_r0                 0x08005349   Thumb Code    62  u8g2_setup.o(.text.u8g2_update_dimension_r0)
    u8g2_update_page_win_r0                  0x08005387   Thumb Code   142  u8g2_setup.o(.text.u8g2_update_page_win_r0)
    u8x8_DrawTile                            0x08005415   Thumb Code    30  u8x8_display.o(.text.u8x8_DrawTile)
    u8x8_InitDisplay                         0x08005433   Thumb Code    14  u8x8_display.o(.text.u8x8_InitDisplay)
    u8x8_RefreshDisplay                      0x08005441   Thumb Code    14  u8x8_display.o(.text.u8x8_RefreshDisplay)
    u8x8_SetFlipMode                         0x0800544f   Thumb Code    14  u8x8_display.o(.text.u8x8_SetFlipMode)
    u8x8_SetPowerSave                        0x0800545d   Thumb Code    14  u8x8_display.o(.text.u8x8_SetPowerSave)
    u8x8_Setup                               0x0800546b   Thumb Code    40  u8x8_setup.o(.text.u8x8_Setup)
    u8x8_SetupMemory                         0x08005493   Thumb Code    14  u8x8_display.o(.text.u8x8_SetupMemory)
    u8x8_ascii_next                          0x080054a1   Thumb Code    20  u8x8_8x8.o(.text.u8x8_ascii_next)
    u8x8_byte_4wire_hw_spi                   0x080054b5   Thumb Code   100  oled_driver.o(.text.u8x8_byte_4wire_hw_spi)
    u8x8_byte_SendByte                       0x08005515   Thumb Code    18  u8x8_byte.o(.text.u8x8_byte_SendByte)
    u8x8_byte_SendBytes                      0x08005527   Thumb Code    14  u8x8_byte.o(.text.u8x8_byte_SendBytes)
    u8x8_byte_SetDC                          0x08005535   Thumb Code    14  u8x8_byte.o(.text.u8x8_byte_SetDC)
    u8x8_cad_001                             0x08005545   Thumb Code   114  u8x8_cad.o(.text.u8x8_cad_001)
    u8x8_cad_EndTransfer                     0x080055b7   Thumb Code    14  u8x8_cad.o(.text.u8x8_cad_EndTransfer)
    u8x8_cad_SendArg                         0x080055c5   Thumb Code    14  u8x8_cad.o(.text.u8x8_cad_SendArg)
    u8x8_cad_SendCmd                         0x080055d3   Thumb Code    14  u8x8_cad.o(.text.u8x8_cad_SendCmd)
    u8x8_cad_SendData                        0x080055e1   Thumb Code    14  u8x8_cad.o(.text.u8x8_cad_SendData)
    u8x8_cad_SendSequence                    0x080055ef   Thumb Code   108  u8x8_cad.o(.text.u8x8_cad_SendSequence)
    u8x8_cad_StartTransfer                   0x0800565b   Thumb Code    14  u8x8_cad.o(.text.u8x8_cad_StartTransfer)
    u8x8_d_helper_display_init               0x08005669   Thumb Code   106  u8x8_display.o(.text.u8x8_d_helper_display_init)
    u8x8_d_helper_display_setup_memory       0x080056d3   Thumb Code    10  u8x8_display.o(.text.u8x8_d_helper_display_setup_memory)
    u8x8_d_ssd1306_128x64_noname             0x080056dd   Thumb Code    72  u8x8_d_ssd1306_128x64_noname.o(.text.u8x8_d_ssd1306_128x64_noname)
    u8x8_gpio_call                           0x08005825   Thumb Code    10  u8x8_gpio.o(.text.u8x8_gpio_call)
    u8x8_stm32_gpio_and_delay                0x08005831   Thumb Code   140  oled_driver.o(.text.u8x8_stm32_gpio_and_delay)
    u8x8_utf8_init                           0x080058bd   Thumb Code     8  u8x8_8x8.o(.text.u8x8_utf8_init)
    ubFlash_Write_DoubleWord                 0x080058c5   Thumb Code   644  flash.o(.text.ubFlash_Write_DoubleWord)
    updateEEPROM                             0x08005b49   Thumb Code   292  main.o(.text.updateEEPROM)
    __0printf                                0x08005c6d   Thumb Code    24  printfa.o(i.__0printf)
    __1printf                                0x08005c6d   Thumb Code     0  printfa.o(i.__0printf)
    __2printf                                0x08005c6d   Thumb Code     0  printfa.o(i.__0printf)
    __c89printf                              0x08005c6d   Thumb Code     0  printfa.o(i.__0printf)
    printf                                   0x08005c6d   Thumb Code     0  printfa.o(i.__0printf)
    __0sprintf                               0x08005c8d   Thumb Code    36  printfa.o(i.__0sprintf)
    __1sprintf                               0x08005c8d   Thumb Code     0  printfa.o(i.__0sprintf)
    __2sprintf                               0x08005c8d   Thumb Code     0  printfa.o(i.__0sprintf)
    __c89sprintf                             0x08005c8d   Thumb Code     0  printfa.o(i.__0sprintf)
    sprintf                                  0x08005c8d   Thumb Code     0  printfa.o(i.__0sprintf)
    __ARM_clz                                0x08005cb5   Thumb Code    46  depilogue.o(i.__ARM_clz)
    __scatterload_copy                       0x08005ce3   Thumb Code    14  handlers.o(i.__scatterload_copy)
    __scatterload_null                       0x08005cf1   Thumb Code     2  handlers.o(i.__scatterload_null)
    __scatterload_zeroinit                   0x08005cf3   Thumb Code    14  handlers.o(i.__scatterload_zeroinit)
    puts                                     0x080065b9   Thumb Code    28  puts.o(i.puts)
    EventRecorderInfo                        0x080065d8   Data          24  eventrecorder.o(.rodata.EventRecorderInfo)
    u8g2_cb_r0                               0x080067d8   Data          12  u8g2_setup.o(.rodata.u8g2_cb_r0)
    u8g2_font_9x15_tr                        0x080067e4   Data        1227  u8g2_fonts.o(.rodata.u8g2_font_9x15_tr)
    u8g2_font_freedoomr25_tn                 0x08006caf   Data         219  u8g2_fonts.o(.rodata.u8g2_font_freedoomr25_tn)
    u8g2_font_fub42_tn                       0x08006d8a   Data         920  u8g2_fonts.o(.rodata.u8g2_font_fub42_tn)
    Region$$Table$$Base                      0x08007188   Number         0  anon$$obj.o(Region$$Table)
    Region$$Table$$Limit                     0x080071a8   Number         0  anon$$obj.o(Region$$Table)
    __stdout                                 0x20000000   Data           4  stdout.o(.data)
    BoostTemp                                0x20000004   Data           1  main.o(.data.BoostTemp)
    BoostTempItems                           0x20000008   Data           8  main.o(.data.BoostTempItems)
    BoostTimerItems                          0x20000010   Data           8  main.o(.data.BoostTimerItems)
    BuzzerItems                              0x20000018   Data          12  main.o(.data.BuzzerItems)
    CalTemp                                  0x20000024   Data          64  main.o(.data.CalTemp)
    ControlTypeItems                         0x20000064   Data          12  main.o(.data.ControlTypeItems)
    DefaultTemp                              0x20000070   Data           2  main.o(.data.DefaultTemp)
    DefaultTempItems                         0x20000074   Data           8  main.o(.data.DefaultTempItems)
    DeleteMessage                            0x2000007c   Data          16  main.o(.data.DeleteMessage)
    ECReverseItems                           0x2000008c   Data          12  main.o(.data.ECReverseItems)
    FlipItems                                0x20000098   Data          12  main.o(.data.FlipItems)
    MainScreenItems                          0x200000a4   Data          12  main.o(.data.MainScreenItems)
    MaxTipMessage                            0x200000b0   Data          16  main.o(.data.MaxTipMessage)
    NumberOfTips                             0x200000c0   Data           1  main.o(.data.NumberOfTips)
    OffTimerItems                            0x200000c4   Data           8  main.o(.data.OffTimerItems)
    PIDenable                                0x200000cc   Data           1  main.o(.data.PIDenable)
    SensorCounter                            0x200000cd   Data           1  main.o(.data.SensorCounter)
    SetupItems                               0x200000d0   Data          44  main.o(.data.SetupItems)
    SleepTemp                                0x200000fc   Data           2  main.o(.data.SleepTemp)
    SleepTempItems                           0x20000100   Data           8  main.o(.data.SleepTempItems)
    SleepTimerItems                          0x20000108   Data           8  main.o(.data.SleepTimerItems)
    StoreItems                               0x20000110   Data          12  main.o(.data.StoreItems)
    SureItems                                0x2000011c   Data          12  main.o(.data.SureItems)
    SystemCoreClock                          0x20000128   Data           4  system_stm32g0xx_1.o(.data.SystemCoreClock)
    TempItems                                0x2000012c   Data          20  main.o(.data.TempItems)
    TimerItems                               0x20000140   Data          20  main.o(.data.TimerItems)
    TipIsPresent                             0x20000154   Data           1  main.o(.data.TipIsPresent)
    TipItems                                 0x20000158   Data          28  main.o(.data.TipItems)
    TipName                                  0x20000174   Data          48  main.o(.data.TipName)
    aggKd                                    0x200001a8   Data           8  main.o(.data.aggKd)
    aggKi                                    0x200001b0   Data           8  main.o(.data.aggKi)
    aggKp                                    0x200001b8   Data           8  main.o(.data.aggKp)
    beepIfWorky                              0x200001c0   Data           1  main.o(.data.beepIfWorky)
    consKd                                   0x200001c8   Data           8  main.o(.data.consKd)
    consKi                                   0x200001d0   Data           8  main.o(.data.consKi)
    consKp                                   0x200001d8   Data           8  main.o(.data.consKp)
    isWorky                                  0x200001e0   Data           1  main.o(.data.isWorky)
    time2off                                 0x200001e1   Data           1  main.o(.data.time2off)
    time2sleep                               0x200001e2   Data           1  main.o(.data.time2sleep)
    timeOfBoost                              0x200001e3   Data           1  main.o(.data.timeOfBoost)
    BodyFlip                                 0x200001e8   Data           1  main.o(.bss.BodyFlip)
    CurrentTemp                              0x200001f0   Data           8  main.o(.bss.CurrentTemp)
    CurrentTip                               0x200001f8   Data           1  main.o(.bss.CurrentTip)
    ECReverse                                0x200001f9   Data           1  main.o(.bss.ECReverse)
    Input                                    0x20000200   Data           8  main.o(.bss.Input)
    MainScrType                              0x20000208   Data           1  main.o(.bss.MainScrType)
    Output                                   0x20000210   Data           8  main.o(.bss.Output)
    PWM_Output                               0x20000218   Data           1  main.o(.bss.PWM_Output)
    Param_A                                  0x20000220   Data           8  main.o(.bss.Param_A)
    Param_B                                  0x20000228   Data          12  main.o(.bss.Param_B)
    RawTemp                                  0x20000238   Data           8  main.o(.bss.RawTemp)
    SetTemp                                  0x20000240   Data           2  main.o(.bss.SetTemp)
    Setpoint                                 0x20000248   Data           8  main.o(.bss.Setpoint)
    ShowTemp                                 0x20000250   Data           2  main.o(.bss.ShowTemp)
    TIM16_Tick                               0x20000254   Data           4  main.o(.bss.TIM16_Tick)
    TPID                                     0x20000258   Data         112  main.o(.bss.TPID)
    Vcc                                      0x200002c8   Data           2  main.o(.bss.Vcc)
    Vin                                      0x200002ca   Data           2  main.o(.bss.Vin)
    beepEnable                               0x200002cc   Data           1  main.o(.bss.beepEnable)
    boostmillis                              0x200002d0   Data           4  main.o(.bss.boostmillis)
    buttonmillis                             0x200002d4   Data           4  main.o(.bss.buttonmillis)
    c0                                       0x200002d8   Data           1  main.o(.bss.c0)
    count                                    0x200002dc   Data           4  main.o(.bss.count)
    countMax                                 0x200002e0   Data           4  main.o(.bss.countMax)
    countMin                                 0x200002e4   Data           4  main.o(.bss.countMin)
    countStep                                0x200002e8   Data           4  main.o(.bss.countStep)
    d0                                       0x200002ec   Data           1  main.o(.bss.d0)
    gap                                      0x200002ee   Data           2  main.o(.bss.gap)
    goneMinutes                              0x200002f0   Data           1  main.o(.bss.goneMinutes)
    goneSeconds                              0x200002f1   Data           1  main.o(.bss.goneSeconds)
    handleMoved                              0x200002f2   Data           1  main.o(.bss.handleMoved)
    inBoostMode                              0x200002f3   Data           1  main.o(.bss.inBoostMode)
    inOffMode                                0x200002f4   Data           1  main.o(.bss.inOffMode)
    inSleepMode                              0x200002f5   Data           1  main.o(.bss.inSleepMode)
    sleepmillis                              0x200002f8   Data           4  main.o(.bss.sleepmillis)
    temp_adc                                 0x20000308   Data           2  main.o(.bss.temp_adc)
    timer_list                               0x2000030c   Data          80  timer.o(.bss.timer_list)
    __initial_sp                             0x20000bf0   Data           0  startup_stm32g030xx_1.o(STACK)



==============================================================================

Memory Map of the image

  Image Entry point : 0x080000c1

  Load Region LR_IROM1 (Base: 0x08000000, Size: 0x00007390, Max: 0x0000f000, ABSOLUTE, COMPRESSED[0x00007288])

    Execution Region ER_IROM1 (Exec base: 0x08000000, Load base: 0x08000000, Size: 0x000071a8, Max: 0x0000f000, ABSOLUTE)

    Exec Addr    Load Addr    Size         Type   Attr      Idx    E Section Name        Object

    0x08000000   0x08000000   0x000000c0   Data   RO         1883    RESET               startup_stm32g030xx_1.o
    0x080000c0   0x080000c0   0x00000000   Code   RO         1906  * .ARM.Collect$$$$00000000  mc_p.l(entry.o)
    0x080000c0   0x080000c0   0x00000004   Code   RO         2230    .ARM.Collect$$$$00000001  mc_p.l(entry2.o)
    0x080000c4   0x080000c4   0x00000004   Code   RO         2233    .ARM.Collect$$$$00000004  mc_p.l(entry5.o)
    0x080000c8   0x080000c8   0x00000000   Code   RO         2235    .ARM.Collect$$$$00000008  mc_p.l(entry7b.o)
    0x080000c8   0x080000c8   0x00000000   Code   RO         2237    .ARM.Collect$$$$0000000A  mc_p.l(entry8b.o)
    0x080000c8   0x080000c8   0x00000008   Code   RO         2238    .ARM.Collect$$$$0000000B  mc_p.l(entry9a.o)
    0x080000d0   0x080000d0   0x00000000   Code   RO         2240    .ARM.Collect$$$$0000000D  mc_p.l(entry10a.o)
    0x080000d0   0x080000d0   0x00000000   Code   RO         2242    .ARM.Collect$$$$0000000F  mc_p.l(entry11a.o)
    0x080000d0   0x080000d0   0x00000004   Code   RO         2231    .ARM.Collect$$$$00002712  mc_p.l(entry2.o)
    0x080000d4   0x080000d4   0x0000001c   Code   RO         1884    .text               startup_stm32g030xx_1.o
    0x080000f0   0x080000f0   0x0000002c   Code   RO         1923    .text               mc_p.l(uidiv.o)
    0x0800011c   0x0800011c   0x00000028   Code   RO         1925    .text               mc_p.l(idiv.o)
    0x08000144   0x08000144   0x00000024   Code   RO         1927    .text               mc_p.l(memcpya.o)
    0x08000168   0x08000168   0x00000024   Code   RO         1929    .text               mc_p.l(memseta.o)
    0x0800018c   0x0800018c   0x0000001c   Code   RO         1931    .text               mc_p.l(strcmp.o)
    0x080001a8   0x080001a8   0x0000007a   Code   RO         2196    .text               mf_p.l(fmul.o)
    0x08000222   0x08000222   0x0000007c   Code   RO         2198    .text               mf_p.l(fdiv.o)
    0x0800029e   0x0800029e   0x00000002   PAD
    0x080002a0   0x080002a0   0x00000164   Code   RO         2200    .text               mf_p.l(dadd.o)
    0x08000404   0x08000404   0x000000d0   Code   RO         2202    .text               mf_p.l(dmul.o)
    0x080004d4   0x080004d4   0x000000f0   Code   RO         2204    .text               mf_p.l(ddiv.o)
    0x080005c4   0x080005c4   0x0000002c   Code   RO         2206    .text               mf_p.l(dcmple.o)
    0x080005f0   0x080005f0   0x0000002c   Code   RO         2208    .text               mf_p.l(dcmplt.o)
    0x0800061c   0x0800061c   0x0000002c   Code   RO         2210    .text               mf_p.l(dcmpge.o)
    0x08000648   0x08000648   0x0000002c   Code   RO         2212    .text               mf_p.l(dcmpgt.o)
    0x08000674   0x08000674   0x0000002e   Code   RO         2214    .text               mf_p.l(dcmpeq.o)
    0x080006a2   0x080006a2   0x00000016   Code   RO         2216    .text               mf_p.l(fflti.o)
    0x080006b8   0x080006b8   0x0000000e   Code   RO         2218    .text               mf_p.l(ffltui.o)
    0x080006c6   0x080006c6   0x00000002   PAD
    0x080006c8   0x080006c8   0x00000028   Code   RO         2220    .text               mf_p.l(dflti.o)
    0x080006f0   0x080006f0   0x0000001c   Code   RO         2222    .text               mf_p.l(dfltui.o)
    0x0800070c   0x0800070c   0x00000028   Code   RO         2224    .text               mf_p.l(ffixui.o)
    0x08000734   0x08000734   0x0000003c   Code   RO         2226    .text               mf_p.l(dfixui.o)
    0x08000770   0x08000770   0x00000028   Code   RO         2228    .text               mf_p.l(f2d.o)
    0x08000798   0x08000798   0x00000060   Code   RO         2244    .text               mc_p.l(uldiv.o)
    0x080007f8   0x080007f8   0x00000020   Code   RO         2246    .text               mc_p.l(llshl.o)
    0x08000818   0x08000818   0x00000022   Code   RO         2248    .text               mc_p.l(llushr.o)
    0x0800083a   0x0800083a   0x00000026   Code   RO         2250    .text               mc_p.l(llsshr.o)
    0x08000860   0x08000860   0x00000000   Code   RO         2252    .text               mc_p.l(iusefp.o)
    0x08000860   0x08000860   0x00000082   Code   RO         2253    .text               mf_p.l(fepilogue.o)
    0x080008e2   0x080008e2   0x000000be   Code   RO         2255    .text               mf_p.l(depilogue.o)
    0x080009a0   0x080009a0   0x00000040   Code   RO         2259    .text               mf_p.l(dfixul.o)
    0x080009e0   0x080009e0   0x00000028   Code   RO         2261    .text               mf_p.l(cdrcmple.o)
    0x08000a08   0x08000a08   0x00000024   Code   RO         2263    .text               mc_p.l(init.o)
    0x08000a2c   0x08000a2c   0x00000056   Code   RO         2273    .text               mc_p.l(__dczerorl2.o)
    0x08000a82   0x08000a82   0x00000002   PAD
    0x08000a84   0x08000a84   0x000000a0   Code   RO          276    .text.Activate_ADC  adc.o
    0x08000b24   0x08000b24   0x00000258   Code   RO          153    .text.CalibrationScreen  main.o
    0x08000d7c   0x08000d7c   0x00000194   Code   RO          137    .text.ChangeTipScreen  main.o
    0x08000f10   0x08000f10   0x000000a0   Code   RO          157    .text.DeleteTipScreen  main.o
    0x08000fb0   0x08000fb0   0x000000d0   Code   RO          322    .text.EXTI4_15_IRQHandler  stm32g0xx_it.o
    0x08001080   0x08001080   0x0000021c   Code   RO         1841    .text.EventRecordData  eventrecorder.o
    0x0800129c   0x0800129c   0x00000138   Code   RO         1831    .text.EventRecordItem  eventrecorder.o
    0x080013d4   0x080013d4   0x000000b4   Code   RO         1829    .text.EventRecorderEnable  eventrecorder.o
    0x08001488   0x08001488   0x0000025c   Code   RO         1827    .text.EventRecorderInitialize  eventrecorder.o
    0x080016e4   0x080016e4   0x00000090   Code   RO         1833    .text.EventRecorderStart  eventrecorder.o
    0x08001774   0x08001774   0x00000028   Code   RO         1825    .text.EventRecorderTimerGetCount  eventrecorder.o
    0x0800179c   0x0800179c   0x0000000c   Code   RO         1823    .text.EventRecorderTimerGetFreq  eventrecorder.o
    0x080017a8   0x080017a8   0x00000024   Code   RO         1821    .text.EventRecorderTimerSetup  eventrecorder.o
    0x080017cc   0x080017cc   0x00000002   Code   RO          316    .text.HardFault_Handler  stm32g0xx_it.o
    0x080017ce   0x080017ce   0x00000002   PAD
    0x080017d0   0x080017d0   0x000002b8   Code   RO          151    .text.InfoScreen    main.o
    0x08001a88   0x08001a88   0x00000198   Code   RO          155    .text.InputNameScreen  main.o
    0x08001c20   0x08001c20   0x00000108   Code   RO          165    .text.InputScreen   main.o
    0x08001d28   0x08001d28   0x00000034   Code   RO          420    .text.LL_ADC_Init   stm32g0xx_ll_adc.o
    0x08001d5c   0x08001d5c   0x00000060   Code   RO          424    .text.LL_ADC_REG_Init  stm32g0xx_ll_adc.o
    0x08001dbc   0x08001dbc   0x000000b0   Code   RO          384    .text.LL_EXTI_Init  stm32g0xx_ll_exti.o
    0x08001e6c   0x08001e6c   0x000000ba   Code   RO          399    .text.LL_GPIO_Init  stm32g0xx_ll_gpio.o
    0x08001f26   0x08001f26   0x00000002   PAD
    0x08001f28   0x08001f28   0x00000020   Code   RO          359    .text.LL_Init1msTick  stm32g0xx_ll_utils.o
    0x08001f48   0x08001f48   0x00000074   Code   RO          477    .text.LL_SPI_Init   stm32g0xx_ll_spi.o
    0x08001fbc   0x08001fbc   0x0000000c   Code   RO          363    .text.LL_SetSystemCoreClock  stm32g0xx_ll_utils.o
    0x08001fc8   0x08001fc8   0x00000090   Code   RO          531    .text.LL_TIM_BDTR_Init  stm32g0xx_ll_tim.o
    0x08002058   0x08002058   0x00000084   Code   RO          511    .text.LL_TIM_Init   stm32g0xx_ll_tim.o
    0x080020dc   0x080020dc   0x000002d8   Code   RO          515    .text.LL_TIM_OC_Init  stm32g0xx_ll_tim.o
    0x080023b4   0x080023b4   0x00000028   Code   RO          361    .text.LL_mDelay     stm32g0xx_ll_utils.o
    0x080023dc   0x080023dc   0x00000124   Code   RO          274    .text.MX_ADC1_Init  adc.o
    0x08002500   0x08002500   0x00000188   Code   RO          264    .text.MX_GPIO_Init  gpio.o
    0x08002688   0x08002688   0x000000a8   Code   RO          287    .text.MX_SPI1_Init  spi.o
    0x08002730   0x08002730   0x000000a4   Code   RO          299    .text.MX_TIM14_Init  tim.o
    0x080027d4   0x080027d4   0x000000f0   Code   RO          301    .text.MX_TIM16_Init  tim.o
    0x080028c4   0x080028c4   0x00000050   Code   RO          303    .text.MX_TIM17_Init  tim.o
    0x08002914   0x08002914   0x000000cc   Code   RO          297    .text.MX_TIM3_Init  tim.o
    0x080029e0   0x080029e0   0x000002a4   Code   RO          125    .text.MainScreen    main.o
    0x08002c84   0x08002c84   0x0000018c   Code   RO          143    .text.MenuScreen    main.o
    0x08002e10   0x08002e10   0x000000ac   Code   RO          163    .text.MessageScreen  main.o
    0x08002ebc   0x08002ebc   0x00000002   Code   RO          314    .text.NMI_Handler   stm32g0xx_it.o
    0x08002ebe   0x08002ebe   0x00000002   PAD
    0x08002ec0   0x08002ec0   0x00000050   Code   RO           48    .text.PID           pid.o
    0x08002f10   0x08002f10   0x00000148   Code   RO           58    .text.PID_Compute   pid.o
    0x08003058   0x08003058   0x00000068   Code   RO           60    .text.PID_SetMode   pid.o
    0x080030c0   0x080030c0   0x000000b0   Code   RO           50    .text.PID_SetOutputLimits  pid.o
    0x08003170   0x08003170   0x00000052   Code   RO           68    .text.PID_SetSampleTime  pid.o
    0x080031c2   0x080031c2   0x00000022   Code   RO           64    .text.PID_SetTunings  pid.o
    0x080031e4   0x080031e4   0x000000dc   Code   RO           54    .text.PID_SetTunings2  pid.o
    0x080032c0   0x080032c0   0x00000002   Code   RO          320    .text.PendSV_Handler  stm32g0xx_it.o
    0x080032c2   0x080032c2   0x00000002   PAD
    0x080032c4   0x080032c4   0x00000108   Code   RO          117    .text.ROTARYCheck   main.o
    0x080033cc   0x080033cc   0x0000035c   Code   RO          121    .text.SENSORCheck   main.o
    0x08003728   0x08003728   0x00000148   Code   RO          119    .text.SLEEPCheck    main.o
    0x08003870   0x08003870   0x00000002   Code   RO          318    .text.SVC_Handler   stm32g0xx_it.o
    0x08003872   0x08003872   0x00000002   PAD
    0x08003874   0x08003874   0x00000184   Code   RO          131    .text.SetupScreen   main.o
    0x080039f8   0x080039f8   0x0000001c   Code   RO         1819    .text.SysTick_Handler  eventrecorder.o
    0x08003a14   0x08003a14   0x000000a0   Code   RO          101    .text.SystemClock_Config  main.o
    0x08003ab4   0x08003ab4   0x00000002   Code   RO         1891    .text.SystemInit    system_stm32g0xx_1.o
    0x08003ab6   0x08003ab6   0x00000002   PAD
    0x08003ab8   0x08003ab8   0x00000028   Code   RO          324    .text.TIM16_IRQHandler  stm32g0xx_it.o
    0x08003ae0   0x08003ae0   0x00000048   Code   RO           19    .text.TMP75_ReadTemp  i2c.o
    0x08003b28   0x08003b28   0x000004dc   Code   RO           21    .text.TMP75_Read_2Byte  i2c.o
    0x08004004   0x08004004   0x000000c8   Code   RO          147    .text.TempScreen    main.o
    0x080040cc   0x080040cc   0x0000013c   Code   RO          123    .text.Thermostat    main.o
    0x08004208   0x08004208   0x000000d0   Code   RO          149    .text.TimerScreen   main.o
    0x080042d8   0x080042d8   0x000000a0   Code   RO          145    .text.TipScreen     main.o
    0x08004378   0x08004378   0x000000bc   Code   RO          111    .text.calculateTemp  main.o
    0x08004434   0x08004434   0x00000012   Code   RO          161    .text.constrain     main.o
    0x08004446   0x08004446   0x00000002   PAD
    0x08004448   0x08004448   0x00000048   Code   RO         1861    .text.fputc         retarget_io.o
    0x08004490   0x08004490   0x00000380   Code   RO           99    .text.main          main.o
    0x08004810   0x08004810   0x000000d4   Code   RO          347    .text.timer_sched   timer.o
    0x080048e4   0x080048e4   0x000000d8   Code   RO         1044    .text.u8g2_DrawHVLine  u8g2_hvline.o
    0x080049bc   0x080049bc   0x00000010   Code   RO          977    .text.u8g2_DrawStr  u8g2_font.o
    0x080049cc   0x080049cc   0x00000028   Code   RO          831    .text.u8g2_FirstPage  u8g2_buffer.o
    0x080049f4   0x080049f4   0x00000068   Code   RO         1075    .text.u8g2_IsIntersection  u8g2_intersection.o
    0x08004a5c   0x08004a5c   0x00000046   Code   RO          833    .text.u8g2_NextPage  u8g2_buffer.o
    0x08004aa2   0x08004aa2   0x0000001a   Code   RO          829    .text.u8g2_SetBufferCurrTileRow  u8g2_buffer.o
    0x08004abc   0x08004abc   0x000000f6   Code   RO         1017    .text.u8g2_SetFont  u8g2_font.o
    0x08004bb2   0x08004bb2   0x00000006   Code   RO         1031    .text.u8g2_SetFontDirection  u8g2_font.o
    0x08004bb8   0x08004bb8   0x00000006   Code   RO          971    .text.u8g2_SetFontMode  u8g2_font.o
    0x08004bbe   0x08004bbe   0x00000002   PAD
    0x08004bc0   0x08004bc0   0x0000000c   Code   RO         1003    .text.u8g2_SetFontPosBaseline  u8g2_font.o
    0x08004bcc   0x08004bcc   0x00000050   Code   RO         1187    .text.u8g2_SetupBuffer  u8g2_setup.o
    0x08004c1c   0x08004c1c   0x00000044   Code   RO          914    .text.u8g2_Setup_ssd1306_128x64_noname_f  u8g2_d_setup.o
    0x08004c60   0x08004c60   0x00000024   Code   RO          955    .text.u8g2_add_vector_x  u8g2_font.o
    0x08004c84   0x08004c84   0x00000024   Code   RO          953    .text.u8g2_add_vector_y  u8g2_font.o
    0x08004ca8   0x08004ca8   0x00000018   Code   RO         1042    .text.u8g2_draw_hv_line_2dir  u8g2_hvline.o
    0x08004cc0   0x08004cc0   0x00000012   Code   RO         1209    .text.u8g2_draw_l90_r0  u8g2_setup.o
    0x08004cd2   0x08004cd2   0x00000002   PAD
    0x08004cd4   0x08004cd4   0x000000f4   Code   RO          979    .text.u8g2_draw_string  u8g2_font.o
    0x08004dc8   0x08004dc8   0x00000004   Code   RO         1001    .text.u8g2_font_calc_vref_font  u8g2_font.o
    0x08004dcc   0x08004dcc   0x000003ec   Code   RO          961    .text.u8g2_font_decode_glyph  u8g2_font.o
    0x080051b8   0x080051b8   0x00000086   Code   RO          965    .text.u8g2_font_get_glyph_data  u8g2_font.o
    0x0800523e   0x0800523e   0x0000000e   Code   RO          935    .text.u8g2_font_get_word  u8g2_font.o
    0x0800524c   0x0800524c   0x00000096   Code   RO         1109    .text.u8g2_ll_hvline_vertical_top_lsb  u8g2_ll_hvline.o
    0x080052e2   0x080052e2   0x00000002   PAD
    0x080052e4   0x080052e4   0x0000000c   Code   RO          904    .text.u8g2_m_16_8_f  u8g2_d_memory.o
    0x080052f0   0x080052f0   0x00000058   Code   RO          827    .text.u8g2_send_buffer  u8g2_buffer.o
    0x08005348   0x08005348   0x0000003e   Code   RO         1193    .text.u8g2_update_dimension_r0  u8g2_setup.o
    0x08005386   0x08005386   0x0000008e   Code   RO         1195    .text.u8g2_update_page_win_r0  u8g2_setup.o
    0x08005414   0x08005414   0x0000001e   Code   RO         1530    .text.u8x8_DrawTile  u8x8_display.o
    0x08005432   0x08005432   0x0000000e   Code   RO         1536    .text.u8x8_InitDisplay  u8x8_display.o
    0x08005440   0x08005440   0x0000000e   Code   RO         1544    .text.u8x8_RefreshDisplay  u8x8_display.o
    0x0800544e   0x0800544e   0x0000000e   Code   RO         1540    .text.u8x8_SetFlipMode  u8x8_display.o
    0x0800545c   0x0800545c   0x0000000e   Code   RO         1538    .text.u8x8_SetPowerSave  u8x8_display.o
    0x0800546a   0x0800546a   0x00000028   Code   RO         1757    .text.u8x8_Setup    u8x8_setup.o
    0x08005492   0x08005492   0x0000000e   Code   RO         1532    .text.u8x8_SetupMemory  u8x8_display.o
    0x080054a0   0x080054a0   0x00000014   Code   RO         1316    .text.u8x8_ascii_next  u8x8_8x8.o
    0x080054b4   0x080054b4   0x00000060   Code   RO            4    .text.u8x8_byte_4wire_hw_spi  oled_driver.o
    0x08005514   0x08005514   0x00000012   Code   RO         1355    .text.u8x8_byte_SendByte  u8x8_byte.o
    0x08005526   0x08005526   0x0000000e   Code   RO         1353    .text.u8x8_byte_SendBytes  u8x8_byte.o
    0x08005534   0x08005534   0x0000000e   Code   RO         1351    .text.u8x8_byte_SetDC  u8x8_byte.o
    0x08005542   0x08005542   0x00000002   PAD
    0x08005544   0x08005544   0x00000072   Code   RO         1420    .text.u8x8_cad_001  u8x8_cad.o
    0x080055b6   0x080055b6   0x0000000e   Code   RO         1404    .text.u8x8_cad_EndTransfer  u8x8_cad.o
    0x080055c4   0x080055c4   0x0000000e   Code   RO         1396    .text.u8x8_cad_SendArg  u8x8_cad.o
    0x080055d2   0x080055d2   0x0000000e   Code   RO         1394    .text.u8x8_cad_SendCmd  u8x8_cad.o
    0x080055e0   0x080055e0   0x0000000e   Code   RO         1400    .text.u8x8_cad_SendData  u8x8_cad.o
    0x080055ee   0x080055ee   0x0000006c   Code   RO         1410    .text.u8x8_cad_SendSequence  u8x8_cad.o
    0x0800565a   0x0800565a   0x0000000e   Code   RO         1402    .text.u8x8_cad_StartTransfer  u8x8_cad.o
    0x08005668   0x08005668   0x0000006a   Code   RO         1528    .text.u8x8_d_helper_display_init  u8x8_display.o
    0x080056d2   0x080056d2   0x0000000a   Code   RO         1526    .text.u8x8_d_helper_display_setup_memory  u8x8_display.o
    0x080056dc   0x080056dc   0x00000048   Code   RO         1477    .text.u8x8_d_ssd1306_128x64_noname  u8x8_d_ssd1306_128x64_noname.o
    0x08005724   0x08005724   0x00000100   Code   RO         1479    .text.u8x8_d_ssd1306_sh1106_generic  u8x8_d_ssd1306_128x64_noname.o
    0x08005824   0x08005824   0x0000000a   Code   RO         1698    .text.u8x8_gpio_call  u8x8_gpio.o
    0x0800582e   0x0800582e   0x00000002   PAD
    0x08005830   0x08005830   0x0000008c   Code   RO            6    .text.u8x8_stm32_gpio_and_delay  oled_driver.o
    0x080058bc   0x080058bc   0x00000008   Code   RO         1314    .text.u8x8_utf8_init  u8x8_8x8.o
    0x080058c4   0x080058c4   0x00000284   Code   RO           85    .text.ubFlash_Write_DoubleWord  flash.o
    0x08005b48   0x08005b48   0x00000124   Code   RO          139    .text.updateEEPROM  main.o
    0x08005c6c   0x08005c6c   0x00000020   Code   RO         2168    i.__0printf         mc_p.l(printfa.o)
    0x08005c8c   0x08005c8c   0x00000028   Code   RO         2170    i.__0sprintf        mc_p.l(printfa.o)
    0x08005cb4   0x08005cb4   0x0000002e   Code   RO         2257    i.__ARM_clz         mf_p.l(depilogue.o)
    0x08005ce2   0x08005ce2   0x0000000e   Code   RO         2267    i.__scatterload_copy  mc_p.l(handlers.o)
    0x08005cf0   0x08005cf0   0x00000002   Code   RO         2268    i.__scatterload_null  mc_p.l(handlers.o)
    0x08005cf2   0x08005cf2   0x0000000e   Code   RO         2269    i.__scatterload_zeroinit  mc_p.l(handlers.o)
    0x08005d00   0x08005d00   0x00000174   Code   RO         2175    i._fp_digits        mc_p.l(printfa.o)
    0x08005e74   0x08005e74   0x000006ec   Code   RO         2176    i._printf_core      mc_p.l(printfa.o)
    0x08006560   0x08006560   0x00000020   Code   RO         2177    i._printf_post_padding  mc_p.l(printfa.o)
    0x08006580   0x08006580   0x0000002c   Code   RO         2178    i._printf_pre_padding  mc_p.l(printfa.o)
    0x080065ac   0x080065ac   0x0000000a   Code   RO         2180    i._sputc            mc_p.l(printfa.o)
    0x080065b6   0x080065b6   0x00000002   PAD
    0x080065b8   0x080065b8   0x00000020   Code   RO         1911    i.puts              mc_p.l(puts.o)
    0x080065d8   0x080065d8   0x00000018   Data   RO         1848    .rodata.EventRecorderInfo  eventrecorder.o
    0x080065f0   0x080065f0   0x00000023   Data   RO           89    .rodata.str1.1      flash.o
    0x08006613   0x08006613   0x000001c5   Data   RO          194    .rodata.str1.1      main.o
    0x080067d8   0x080067d8   0x0000000c   Data   RO         1223    .rodata.u8g2_cb_r0  u8g2_setup.o
    0x080067e4   0x080067e4   0x000004cb   Data   RO          925    .rodata.u8g2_font_9x15_tr  u8g2_fonts.o
    0x08006caf   0x08006caf   0x000000db   Data   RO          924    .rodata.u8g2_font_freedoomr25_tn  u8g2_fonts.o
    0x08006d8a   0x08006d8a   0x00000398   Data   RO          926    .rodata.u8g2_font_fub42_tn  u8g2_fonts.o
    0x08007122   0x08007122   0x00000007   Data   RO         1504    .rodata.u8x8_d_ssd1306_128x64_noname_flip0_seq  u8x8_d_ssd1306_128x64_noname.o
    0x08007129   0x08007129   0x00000007   Data   RO         1505    .rodata.u8x8_d_ssd1306_128x64_noname_flip1_seq  u8x8_d_ssd1306_128x64_noname.o
    0x08007130   0x08007130   0x00000035   Data   RO         1493    .rodata.u8x8_d_ssd1306_128x64_noname_init_seq  u8x8_d_ssd1306_128x64_noname.o
    0x08007165   0x08007165   0x00000005   Data   RO         1502    .rodata.u8x8_d_ssd1306_128x64_noname_powersave0_seq  u8x8_d_ssd1306_128x64_noname.o
    0x0800716a   0x0800716a   0x00000005   Data   RO         1503    .rodata.u8x8_d_ssd1306_128x64_noname_powersave1_seq  u8x8_d_ssd1306_128x64_noname.o
    0x0800716f   0x0800716f   0x00000001   PAD
    0x08007170   0x08007170   0x00000018   Data   RO         1494    .rodata.u8x8_ssd1306_128x64_noname_display_info  u8x8_d_ssd1306_128x64_noname.o
    0x08007188   0x08007188   0x00000020   Data   RO         2266    Region$$Table       anon$$obj.o


    Execution Region RW_IRAM1 (Exec base: 0x20000000, Load base: 0x080071a8, Size: 0x00000bf0, Max: 0x00001500, ABSOLUTE, COMPRESSED[0x000000e0])

    Exec Addr    Load Addr    Size         Type   Attr      Idx    E Section Name        Object

    0x20000000   COMPRESSED   0x00000004   Data   RW         1921    .data               mc_p.l(stdout.o)
    0x20000004   COMPRESSED   0x00000001   Data   RW          181    .data.BoostTemp     main.o
    0x20000005   COMPRESSED   0x00000003   PAD
    0x20000008   COMPRESSED   0x00000008   Data   RW          208    .data.BoostTempItems  main.o
    0x20000010   COMPRESSED   0x00000008   Data   RW          211    .data.BoostTimerItems  main.o
    0x20000018   COMPRESSED   0x0000000c   Data   RW          203    .data.BuzzerItems   main.o
    0x20000024   COMPRESSED   0x00000040   Data   RW          190    .data.CalTemp       main.o
    0x20000064   COMPRESSED   0x0000000c   Data   RW          199    .data.ControlTypeItems  main.o
    0x20000070   COMPRESSED   0x00000002   Data   RW          179    .data.DefaultTemp   main.o
    0x20000072   COMPRESSED   0x00000002   PAD
    0x20000074   COMPRESSED   0x00000008   Data   RW          206    .data.DefaultTempItems  main.o
    0x2000007c   COMPRESSED   0x00000010   Data   RW          212    .data.DeleteMessage  main.o
    0x2000008c   COMPRESSED   0x0000000c   Data   RW          205    .data.ECReverseItems  main.o
    0x20000098   COMPRESSED   0x0000000c   Data   RW          204    .data.FlipItems     main.o
    0x200000a4   COMPRESSED   0x0000000c   Data   RW          200    .data.MainScreenItems  main.o
    0x200000b0   COMPRESSED   0x00000010   Data   RW          213    .data.MaxTipMessage  main.o
    0x200000c0   COMPRESSED   0x00000001   Data   RW          193    .data.NumberOfTips  main.o
    0x200000c1   COMPRESSED   0x00000003   PAD
    0x200000c4   COMPRESSED   0x00000008   Data   RW          210    .data.OffTimerItems  main.o
    0x200000cc   COMPRESSED   0x00000001   Data   RW          186    .data.PIDenable     main.o
    0x200000cd   COMPRESSED   0x00000001   Data   RW          221    .data.SensorCounter  main.o
    0x200000ce   COMPRESSED   0x00000002   PAD
    0x200000d0   COMPRESSED   0x0000002c   Data   RW          195    .data.SetupItems    main.o
    0x200000fc   COMPRESSED   0x00000002   Data   RW          180    .data.SleepTemp     main.o
    0x200000fe   COMPRESSED   0x00000002   PAD
    0x20000100   COMPRESSED   0x00000008   Data   RW          207    .data.SleepTempItems  main.o
    0x20000108   COMPRESSED   0x00000008   Data   RW          209    .data.SleepTimerItems  main.o
    0x20000110   COMPRESSED   0x0000000c   Data   RW          201    .data.StoreItems    main.o
    0x2000011c   COMPRESSED   0x0000000c   Data   RW          202    .data.SureItems     main.o
    0x20000128   COMPRESSED   0x00000004   Data   RW         1895    .data.SystemCoreClock  system_stm32g0xx_1.o
    0x2000012c   COMPRESSED   0x00000014   Data   RW          197    .data.TempItems     main.o
    0x20000140   COMPRESSED   0x00000014   Data   RW          198    .data.TimerItems    main.o
    0x20000154   COMPRESSED   0x00000001   Data   RW          220    .data.TipIsPresent  main.o
    0x20000155   COMPRESSED   0x00000003   PAD
    0x20000158   COMPRESSED   0x0000001c   Data   RW          196    .data.TipItems      main.o
    0x20000174   COMPRESSED   0x00000030   Data   RW          191    .data.TipName       main.o
    0x200001a4   COMPRESSED   0x00000004   PAD
    0x200001a8   COMPRESSED   0x00000008   Data   RW          175    .data.aggKd         main.o
    0x200001b0   COMPRESSED   0x00000008   Data   RW          174    .data.aggKi         main.o
    0x200001b8   COMPRESSED   0x00000008   Data   RW          173    .data.aggKp         main.o
    0x200001c0   COMPRESSED   0x00000001   Data   RW          219    .data.beepIfWorky   main.o
    0x200001c1   COMPRESSED   0x00000007   PAD
    0x200001c8   COMPRESSED   0x00000008   Data   RW          178    .data.consKd        main.o
    0x200001d0   COMPRESSED   0x00000008   Data   RW          177    .data.consKi        main.o
    0x200001d8   COMPRESSED   0x00000008   Data   RW          176    .data.consKp        main.o
    0x200001e0   COMPRESSED   0x00000001   Data   RW          218    .data.isWorky       main.o
    0x200001e1   COMPRESSED   0x00000001   Data   RW          183    .data.time2off      main.o
    0x200001e2   COMPRESSED   0x00000001   Data   RW          182    .data.time2sleep    main.o
    0x200001e3   COMPRESSED   0x00000001   Data   RW          184    .data.timeOfBoost   main.o
    0x200001e4   COMPRESSED   0x00000004   PAD
    0x200001e8        -       0x00000001   Zero   RW          188    .bss.BodyFlip       main.o
    0x200001e9   COMPRESSED   0x00000007   PAD
    0x200001f0        -       0x00000008   Zero   RW          232    .bss.CurrentTemp    main.o
    0x200001f8        -       0x00000001   Zero   RW          192    .bss.CurrentTip     main.o
    0x200001f9        -       0x00000001   Zero   RW          189    .bss.ECReverse      main.o
    0x200001fa        -       0x00000001   Zero   RW          326    .bss.EXTI4_15_IRQHandler._count  stm32g0xx_it.o
    0x200001fb        -       0x00000001   Zero   RW          327    .bss.EXTI4_15_IRQHandler.b_flag  stm32g0xx_it.o
    0x200001fc   COMPRESSED   0x00000004   PAD
    0x20000200        -       0x00000008   Zero   RW          225    .bss.Input          main.o
    0x20000208        -       0x00000001   Zero   RW          185    .bss.MainScrType    main.o
    0x20000209   COMPRESSED   0x00000007   PAD
    0x20000210        -       0x00000008   Zero   RW          226    .bss.Output         main.o
    0x20000218        -       0x00000001   Zero   RW          230    .bss.PWM_Output     main.o
    0x20000219   COMPRESSED   0x00000007   PAD
    0x20000220        -       0x00000008   Zero   RW          171    .bss.Param_A        main.o
    0x20000228        -       0x0000000c   Zero   RW          172    .bss.Param_B        main.o
    0x20000234   COMPRESSED   0x00000004   PAD
    0x20000238        -       0x00000008   Zero   RW          239    .bss.RawTemp        main.o
    0x20000240        -       0x00000002   Zero   RW          228    .bss.SetTemp        main.o
    0x20000242   COMPRESSED   0x00000006   PAD
    0x20000248        -       0x00000008   Zero   RW          227    .bss.Setpoint       main.o
    0x20000250        -       0x00000002   Zero   RW          229    .bss.ShowTemp       main.o
    0x20000252   COMPRESSED   0x00000002   PAD
    0x20000254        -       0x00000004   Zero   RW          222    .bss.TIM16_Tick     main.o
    0x20000258        -       0x00000070   Zero   RW          224    .bss.TPID           main.o
    0x200002c8        -       0x00000002   Zero   RW          238    .bss.Vcc            main.o
    0x200002ca        -       0x00000002   Zero   RW          231    .bss.Vin            main.o
    0x200002cc        -       0x00000001   Zero   RW          187    .bss.beepEnable     main.o
    0x200002cd   COMPRESSED   0x00000003   PAD
    0x200002d0        -       0x00000004   Zero   RW          235    .bss.boostmillis    main.o
    0x200002d4        -       0x00000004   Zero   RW          234    .bss.buttonmillis   main.o
    0x200002d8        -       0x00000001   Zero   RW          233    .bss.c0             main.o
    0x200002d9   COMPRESSED   0x00000003   PAD
    0x200002dc        -       0x00000004   Zero   RW          248    .bss.count          main.o
    0x200002e0        -       0x00000004   Zero   RW          246    .bss.countMax       main.o
    0x200002e4        -       0x00000004   Zero   RW          245    .bss.countMin       main.o
    0x200002e8        -       0x00000004   Zero   RW          247    .bss.countStep      main.o
    0x200002ec        -       0x00000001   Zero   RW          243    .bss.d0             main.o
    0x200002ed   COMPRESSED   0x00000001   PAD
    0x200002ee        -       0x00000002   Zero   RW          244    .bss.gap            main.o
    0x200002f0        -       0x00000001   Zero   RW          242    .bss.goneMinutes    main.o
    0x200002f1        -       0x00000001   Zero   RW          237    .bss.goneSeconds    main.o
    0x200002f2        -       0x00000001   Zero   RW          236    .bss.handleMoved    main.o
    0x200002f3        -       0x00000001   Zero   RW          216    .bss.inBoostMode    main.o
    0x200002f4        -       0x00000001   Zero   RW          215    .bss.inOffMode      main.o
    0x200002f5        -       0x00000001   Zero   RW          214    .bss.inSleepMode    main.o
    0x200002f6   COMPRESSED   0x00000002   PAD
    0x200002f8        -       0x00000004   Zero   RW          241    .bss.sleepmillis    main.o
    0x200002fc        -       0x00000008   Zero   RW         1872    .bss.stdout_putchar.buffer  retarget_io.o
    0x20000304        -       0x00000004   Zero   RW         1871    .bss.stdout_putchar.index  retarget_io.o
    0x20000308        -       0x00000002   Zero   RW          240    .bss.temp_adc       main.o
    0x2000030a   COMPRESSED   0x00000002   PAD
    0x2000030c        -       0x00000050   Zero   RW          349    .bss.timer_list     timer.o
    0x2000035c        -       0x00000094   Zero   RW          223    .bss.u8g2           main.o
    0x200003f0        -       0x00000400   Zero   RW          906    .bss.u8g2_m_16_8_f.buf  u8g2_d_memory.o
    0x200007f0        -       0x00000400   Zero   RW         1881    STACK               startup_stm32g030xx_1.o


    Execution Region RW_IRAM2 (Exec base: 0x20001500, Load base: 0x08007288, Size: 0x000004e4, Max: 0x00000500, ABSOLUTE, UNINIT)

    Exec Addr    Load Addr    Size         Type   Attr      Idx    E Section Name        Object

    0x20001500        -       0x00000004   Zero   RW         1849    .bss.SysTickCount   eventrecorder.o
    0x20001504        -       0x00000001   Zero   RW         1850    .bss.SysTickUpdated  eventrecorder.o
    0x20001505        -       0x00000001   Zero   RW         1851    .bss.TS_OverflowLock  eventrecorder.o
    0x20001506   0x08007288   0x0000003a   PAD
    0x20001540        -       0x000004a4   Zero   RW         1847    .bss.noinit         eventrecorder.o


==============================================================================

Image component sizes


      Code (inc. data)   RO Data    RW Data    ZI Data      Debug   Object Name

       452         40          0          0          0       5375   adc.o
      1896         96         24          0       1194      17631   eventrecorder.o
       644        124         35          0          0       3532   flash.o
       392         28          0          0          0       5242   gpio.o
      1316         36          0          0          0       9270   i2c.o
      8054       1568        453        450        378      35180   main.o
       236         62          0          0          0       5007   oled_driver.o
      1024          8          0          0          0       5912   pid.o
        72         16          0          0         12       2232   retarget_io.o
       168          4          0          0          0       2803   spi.o
        28          8        192          0       1024        624   startup_stm32g030xx_1.o
       256         60          0          0          2       3715   stm32g0xx_it.o
       148          8          0          0          0       5760   stm32g0xx_ll_adc.o
       176         12          0          0          0       2944   stm32g0xx_ll_exti.o
       186          0          0          0          0       3770   stm32g0xx_ll_gpio.o
       116          8          0          0          0       5386   stm32g0xx_ll_spi.o
      1004         76          0          0          0      12015   stm32g0xx_ll_tim.o
        84         12          0          0          0       7125   stm32g0xx_ll_utils.o
         2          0          0          4          0       1879   system_stm32g0xx_1.o
       688         60          0          0          0       7100   tim.o
       212          4          0          0         80       2416   timer.o
       224          4          0          0          0       7635   u8g2_buffer.o
        12          4          0          0       1024        622   u8g2_d_memory.o
        68         12          0          0          0       4519   u8g2_d_setup.o
      1758         24          0          0          0      40095   u8g2_font.o
         0          0       2366          0          0        579   u8g2_fonts.o
       240          0          0          0          0       7718   u8g2_hvline.o
       104          0          0          0          0       5132   u8g2_intersection.o
       150          0          0          0          0       5640   u8g2_ll_hvline.o
       302          4         12          0          0      12000   u8g2_setup.o
        28          4          0          0          0      11866   u8x8_8x8.o
        46          0          0          0          0      12358   u8x8_byte.o
       292          6          0          0          0      12444   u8x8_cad.o
       328         30        101          0          0       6147   u8x8_d_ssd1306_128x64_noname.o
       216          0          0          0          0       4744   u8x8_display.o
        10          0          0          0          0       2080   u8x8_gpio.o
        40          0          0          0          0       2989   u8x8_setup.o

    ----------------------------------------------------------------------
     20996       2318       3216        480       3824     281486   Object Totals
         0          0         32          0          0          0   (incl. Generated)
        24          0          1         26        110          0   (incl. Padding)

    ----------------------------------------------------------------------

      Code (inc. data)   RO Data    RW Data    ZI Data      Debug   Library Member Name

        86          0          0          0          0          0   __dczerorl2.o
         0          0          0          0          0          0   entry.o
         0          0          0          0          0          0   entry10a.o
         0          0          0          0          0          0   entry11a.o
         8          4          0          0          0          0   entry2.o
         4          0          0          0          0          0   entry5.o
         0          0          0          0          0          0   entry7b.o
         0          0          0          0          0          0   entry8b.o
         8          4          0          0          0          0   entry9a.o
        30          0          0          0          0          0   handlers.o
        40          0          0          0          0         72   idiv.o
        36          8          0          0          0         68   init.o
         0          0          0          0          0          0   iusefp.o
        32          0          0          0          0         68   llshl.o
        38          0          0          0          0         68   llsshr.o
        34          0          0          0          0         68   llushr.o
        36          0          0          0          0         60   memcpya.o
        36          0          0          0          0        100   memseta.o
      2302        102          0          0          0        556   printfa.o
        32          4          0          0          0         68   puts.o
         0          0          0          4          0          0   stdout.o
        28          0          0          0          0         68   strcmp.o
        44          0          0          0          0         72   uidiv.o
        96          0          0          0          0         84   uldiv.o
        40          2          0          0          0         68   cdrcmple.o
       356          4          0          0          0        140   dadd.o
        46          0          0          0          0         68   dcmpeq.o
        44          0          0          0          0         68   dcmpge.o
        44          0          0          0          0         68   dcmpgt.o
        44          0          0          0          0         68   dcmple.o
        44          0          0          0          0         68   dcmplt.o
       240          6          0          0          0         84   ddiv.o
       236          0          0          0          0        216   depilogue.o
        60         10          0          0          0         68   dfixui.o
        64         10          0          0          0         68   dfixul.o
        40          6          0          0          0         68   dflti.o
        28          4          0          0          0         68   dfltui.o
       208          6          0          0          0         88   dmul.o
        40          0          0          0          0         60   f2d.o
       124          0          0          0          0         72   fdiv.o
       130          0          0          0          0        144   fepilogue.o
        40          0          0          0          0         60   ffixui.o
        22          0          0          0          0         68   fflti.o
        14          0          0          0          0         68   ffltui.o
       122          0          0          0          0         72   fmul.o

    ----------------------------------------------------------------------
      4884        170          0          4          0       3104   Library Totals
         8          0          0          0          0          0   (incl. Padding)

    ----------------------------------------------------------------------

      Code (inc. data)   RO Data    RW Data    ZI Data      Debug   Library Name

      2890        122          0          4          0       1352   mc_p.l
      1986         48          0          0          0       1752   mf_p.l

    ----------------------------------------------------------------------
      4884        170          0          4          0       3104   Library Totals

    ----------------------------------------------------------------------

==============================================================================


      Code (inc. data)   RO Data    RW Data    ZI Data      Debug   

     25880       2488       3216        484       3824     282634   Grand Totals
     25880       2488       3216        224       3824     282634   ELF Image Totals (compressed)
     25880       2488       3216        224          0          0   ROM Totals

==============================================================================

    Total RO  Size (Code + RO Data)                29096 (  28.41kB)
    Total RW  Size (RW Data + ZI Data)              4308 (   4.21kB)
    Total ROM Size (Code + RO Data + RW Data)      29320 (  28.63kB)

==============================================================================

