Component: ARM Compiler 6.12 Tool: armlink [5d624300]

==============================================================================

Section Cross References

    oled_driver.o(.ARM.exidx.text.GPIO_WriteBit) refers to oled_driver.o(.text.GPIO_WriteBit) for [Anonymous Symbol]
    oled_driver.o(.ARM.exidx.text.u8x8_byte_4wire_hw_spi) refers to oled_driver.o(.text.u8x8_byte_4wire_hw_spi) for [Anonymous Symbol]
    oled_driver.o(.text.u8x8_stm32_gpio_and_delay) refers to stm32g0xx_ll_utils.o(.text.LL_mDelay) for LL_mDelay
    oled_driver.o(.ARM.exidx.text.u8x8_stm32_gpio_and_delay) refers to oled_driver.o(.text.u8x8_stm32_gpio_and_delay) for [Anonymous Symbol]
    i2c.o(.ARM.exidx.text.I2C_Delay) refers to i2c.o(.text.I2C_Delay) for [Anonymous Symbol]
    i2c.o(.text.TMP75_ReadTemp) refers to i2c.o(.text.TMP75_Read_2Byte) for TMP75_Read_2Byte
    i2c.o(.text.TMP75_ReadTemp) refers to fflti.o(.text) for __aeabi_i2f
    i2c.o(.text.TMP75_ReadTemp) refers to fmul.o(.text) for __aeabi_fmul
    i2c.o(.text.TMP75_ReadTemp) refers to f2d.o(.text) for __aeabi_f2d
    i2c.o(.text.TMP75_ReadTemp) refers to printfa.o(i.__0printf) for __2printf
    i2c.o(.ARM.exidx.text.TMP75_ReadTemp) refers to i2c.o(.text.TMP75_ReadTemp) for [Anonymous Symbol]
    i2c.o(.ARM.exidx.text.TMP75_Read_2Byte) refers to i2c.o(.text.TMP75_Read_2Byte) for [Anonymous Symbol]
    i2c.o(.ARM.exidx.text.I2C_SendData) refers to i2c.o(.text.I2C_SendData) for [Anonymous Symbol]
    i2c.o(.ARM.exidx.text.I2C_Start) refers to i2c.o(.text.I2C_Start) for [Anonymous Symbol]
    i2c.o(.ARM.exidx.text.I2C_SendACK) refers to i2c.o(.text.I2C_SendACK) for [Anonymous Symbol]
    i2c.o(.ARM.exidx.text.I2C_RecvACK) refers to i2c.o(.text.I2C_RecvACK) for [Anonymous Symbol]
    i2c.o(.ARM.exidx.text.I2C_RecvData) refers to i2c.o(.text.I2C_RecvData) for [Anonymous Symbol]
    i2c.o(.ARM.exidx.text.I2C_SendNAK) refers to i2c.o(.text.I2C_SendNAK) for [Anonymous Symbol]
    i2c.o(.ARM.exidx.text.I2C_Stop) refers to i2c.o(.text.I2C_Stop) for [Anonymous Symbol]
    pid.o(.text.PID_Init) refers to dcmpgt.o(.text) for __aeabi_dcmpgt
    pid.o(.text.PID_Init) refers to dcmpge.o(.text) for __aeabi_dcmpge
    pid.o(.ARM.exidx.text.PID_Init) refers to pid.o(.text.PID_Init) for [Anonymous Symbol]
    pid.o(.text.PID) refers to pid.o(.text.PID_SetTunings2) for PID_SetTunings2
    pid.o(.ARM.exidx.text.PID) refers to pid.o(.text.PID) for [Anonymous Symbol]
    pid.o(.text.PID_SetOutputLimits) refers to dcmpge.o(.text) for __aeabi_dcmpge
    pid.o(.text.PID_SetOutputLimits) refers to dcmpgt.o(.text) for __aeabi_dcmpgt
    pid.o(.text.PID_SetOutputLimits) refers to dcmple.o(.text) for __aeabi_dcmple
    pid.o(.ARM.exidx.text.PID_SetOutputLimits) refers to pid.o(.text.PID_SetOutputLimits) for [Anonymous Symbol]
    pid.o(.text.PID_SetControllerDirection) refers to dadd.o(.text) for __aeabi_dsub
    pid.o(.ARM.exidx.text.PID_SetControllerDirection) refers to pid.o(.text.PID_SetControllerDirection) for [Anonymous Symbol]
    pid.o(.text.PID_SetTunings2) refers to dcmplt.o(.text) for __aeabi_dcmplt
    pid.o(.text.PID_SetTunings2) refers to dfltui.o(.text) for __aeabi_ui2d
    pid.o(.text.PID_SetTunings2) refers to ddiv.o(.text) for __aeabi_ddiv
    pid.o(.text.PID_SetTunings2) refers to dmul.o(.text) for __aeabi_dmul
    pid.o(.ARM.exidx.text.PID_SetTunings2) refers to pid.o(.text.PID_SetTunings2) for [Anonymous Symbol]
    pid.o(.text.PID2) refers to pid.o(.text.PID_SetTunings2) for PID_SetTunings2
    pid.o(.ARM.exidx.text.PID2) refers to pid.o(.text.PID2) for [Anonymous Symbol]
    pid.o(.text.PID_Compute) refers to dadd.o(.text) for __aeabi_dsub
    pid.o(.text.PID_Compute) refers to dmul.o(.text) for __aeabi_dmul
    pid.o(.text.PID_Compute) refers to dcmpgt.o(.text) for __aeabi_dcmpgt
    pid.o(.text.PID_Compute) refers to dcmpge.o(.text) for __aeabi_dcmpge
    pid.o(.ARM.exidx.text.PID_Compute) refers to pid.o(.text.PID_Compute) for [Anonymous Symbol]
    pid.o(.text.PID_SetMode) refers to dcmple.o(.text) for __aeabi_dcmple
    pid.o(.text.PID_SetMode) refers to dcmpge.o(.text) for __aeabi_dcmpge
    pid.o(.ARM.exidx.text.PID_SetMode) refers to pid.o(.text.PID_SetMode) for [Anonymous Symbol]
    pid.o(.ARM.exidx.text.PID_GetMode) refers to pid.o(.text.PID_GetMode) for [Anonymous Symbol]
    pid.o(.text.PID_SetTunings) refers to pid.o(.text.PID_SetTunings2) for PID_SetTunings2
    pid.o(.ARM.exidx.text.PID_SetTunings) refers to pid.o(.text.PID_SetTunings) for [Anonymous Symbol]
    pid.o(.ARM.exidx.text.PID_GetDirection) refers to pid.o(.text.PID_GetDirection) for [Anonymous Symbol]
    pid.o(.text.PID_SetSampleTime) refers to dflti.o(.text) for __aeabi_i2d
    pid.o(.text.PID_SetSampleTime) refers to dfltui.o(.text) for __aeabi_ui2d
    pid.o(.text.PID_SetSampleTime) refers to ddiv.o(.text) for __aeabi_ddiv
    pid.o(.text.PID_SetSampleTime) refers to dmul.o(.text) for __aeabi_dmul
[...]
    [Anonymous Symbol]                       0x08004980   Section        0  u8g2_font.o(.text.u8g2_SetFont)
    [Anonymous Symbol]                       0x08004a76   Section        0  u8g2_font.o(.text.u8g2_SetFontDirection)
    [Anonymous Symbol]                       0x08004a7c   Section        0  u8g2_font.o(.text.u8g2_SetFontMode)
    [Anonymous Symbol]                       0x08004a84   Section        0  u8g2_font.o(.text.u8g2_SetFontPosBaseline)
    __arm_cp.35_0                            0x08004a8c   Number         4  u8g2_font.o(.text.u8g2_SetFontPosBaseline)
    [Anonymous Symbol]                       0x08004a90   Section        0  u8g2_setup.o(.text.u8g2_SetupBuffer)
    __arm_cp.2_0                             0x08004adc   Number         4  u8g2_setup.o(.text.u8g2_SetupBuffer)
    [Anonymous Symbol]                       0x08004ae0   Section        0  u8g2_d_setup.o(.text.u8g2_Setup_ssd1306_128x64_noname_f)
    __arm_cp.0_0                             0x08004b18   Number         4  u8g2_d_setup.o(.text.u8g2_Setup_ssd1306_128x64_noname_f)
    __arm_cp.0_1                             0x08004b1c   Number         4  u8g2_d_setup.o(.text.u8g2_Setup_ssd1306_128x64_noname_f)
    __arm_cp.0_2                             0x08004b20   Number         4  u8g2_d_setup.o(.text.u8g2_Setup_ssd1306_128x64_noname_f)
    [Anonymous Symbol]                       0x08004b24   Section        0  u8g2_font.o(.text.u8g2_add_vector_x)
    [Anonymous Symbol]                       0x08004b48   Section        0  u8g2_font.o(.text.u8g2_add_vector_y)
    [Anonymous Symbol]                       0x08004b6c   Section        0  u8g2_hvline.o(.text.u8g2_draw_hv_line_2dir)
    [Anonymous Symbol]                       0x08004b84   Section        0  u8g2_setup.o(.text.u8g2_draw_l90_r0)
    u8g2_draw_string                         0x08004b99   Thumb Code   244  u8g2_font.o(.text.u8g2_draw_string)
    [Anonymous Symbol]                       0x08004b98   Section        0  u8g2_font.o(.text.u8g2_draw_string)
    __arm_cp.23_0                            0x08004c88   Number         4  u8g2_font.o(.text.u8g2_draw_string)
    [Anonymous Symbol]                       0x08004c8c   Section        0  u8g2_font.o(.text.u8g2_font_calc_vref_font)
    [Anonymous Symbol]                       0x08004c90   Section        0  u8g2_font.o(.text.u8g2_font_decode_glyph)
    [Anonymous Symbol]                       0x0800507c   Section        0  u8g2_font.o(.text.u8g2_font_get_glyph_data)
    u8g2_font_get_word                       0x08005103   Thumb Code    14  u8g2_font.o(.text.u8g2_font_get_word)
    [Anonymous Symbol]                       0x08005102   Section        0  u8g2_font.o(.text.u8g2_font_get_word)
    [Anonymous Symbol]                       0x08005110   Section        0  u8g2_ll_hvline.o(.text.u8g2_ll_hvline_vertical_top_lsb)
    [Anonymous Symbol]                       0x080051a8   Section        0  u8g2_d_memory.o(.text.u8g2_m_16_8_f)
    __arm_cp.0_0                             0x080051b0   Number         4  u8g2_d_memory.o(.text.u8g2_m_16_8_f)
    u8g2_send_buffer                         0x080051b5   Thumb Code    88  u8g2_buffer.o(.text.u8g2_send_buffer)
    [Anonymous Symbol]                       0x080051b4   Section        0  u8g2_buffer.o(.text.u8g2_send_buffer)
    __arm_cp.2_0                             0x08005208   Number         4  u8g2_buffer.o(.text.u8g2_send_buffer)
    [Anonymous Symbol]                       0x0800520c   Section        0  u8g2_setup.o(.text.u8g2_update_dimension_r0)
    [Anonymous Symbol]                       0x0800524a   Section        0  u8g2_setup.o(.text.u8g2_update_page_win_r0)
    [Anonymous Symbol]                       0x080052d8   Section        0  u8x8_display.o(.text.u8x8_DrawTile)
    [Anonymous Symbol]                       0x080052f6   Section        0  u8x8_display.o(.text.u8x8_InitDisplay)
    [Anonymous Symbol]                       0x08005304   Section        0  u8x8_display.o(.text.u8x8_RefreshDisplay)
    [Anonymous Symbol]                       0x08005312   Section        0  u8x8_display.o(.text.u8x8_SetPowerSave)
    [Anonymous Symbol]                       0x08005320   Section        0  u8x8_setup.o(.text.u8x8_Setup)
    [Anonymous Symbol]                       0x08005348   Section        0  u8x8_display.o(.text.u8x8_SetupMemory)
    [Anonymous Symbol]                       0x08005358   Section        0  u8x8_8x8.o(.text.u8x8_ascii_next)
    __arm_cp.7_0                             0x08005368   Number         4  u8x8_8x8.o(.text.u8x8_ascii_next)
    [Anonymous Symbol]                       0x0800536c   Section        0  oled_driver.o(.text.u8x8_byte_4wire_hw_spi)
    __arm_cp.1_1                             0x080053c8   Number         4  oled_driver.o(.text.u8x8_byte_4wire_hw_spi)
    [Anonymous Symbol]                       0x080053cc   Section        0  u8x8_byte.o(.text.u8x8_byte_SendByte)
    [Anonymous Symbol]                       0x080053de   Section        0  u8x8_byte.o(.text.u8x8_byte_SendBytes)
    [Anonymous Symbol]                       0x080053ec   Section        0  u8x8_byte.o(.text.u8x8_byte_SetDC)
    [Anonymous Symbol]                       0x080053fc   Section        0  u8x8_cad.o(.text.u8x8_cad_001)
    [Anonymous Symbol]                       0x0800546e   Section        0  u8x8_cad.o(.text.u8x8_cad_EndTransfer)
    [Anonymous Symbol]                       0x0800547c   Section        0  u8x8_cad.o(.text.u8x8_cad_SendArg)
    [Anonymous Symbol]                       0x0800548a   Section        0  u8x8_cad.o(.text.u8x8_cad_SendCmd)
    [Anonymous Symbol]                       0x08005498   Section        0  u8x8_cad.o(.text.u8x8_cad_SendData)
    [Anonymous Symbol]                       0x080054a6   Section        0  u8x8_cad.o(.text.u8x8_cad_SendSequence)
    [Anonymous Symbol]                       0x08005512   Section        0  u8x8_cad.o(.text.u8x8_cad_StartTransfer)
    [Anonymous Symbol]                       0x08005520   Section        0  u8x8_display.o(.text.u8x8_d_helper_display_init)
    [Anonymous Symbol]                       0x0800558a   Section        0  u8x8_display.o(.text.u8x8_d_helper_display_setup_memory)
    [Anonymous Symbol]                       0x08005594   Section        0  u8x8_d_ssd1306_128x64_noname.o(.text.u8x8_d_ssd1306_128x64_noname)
    __arm_cp.0_0                             0x080055d4   Number         4  u8x8_d_ssd1306_128x64_noname.o(.text.u8x8_d_ssd1306_128x64_noname)
    __arm_cp.0_1                             0x080055d8   Number         4  u8x8_d_ssd1306_128x64_noname.o(.text.u8x8_d_ssd1306_128x64_noname)
    u8x8_d_ssd1306_sh1106_generic            0x080055dd   Thumb Code   256  u8x8_d_ssd1306_128x64_noname.o(.text.u8x8_d_ssd1306_sh1106_generic)
    [Anonymous Symbol]                       0x080055dc   Section        0  u8x8_d_ssd1306_128x64_noname.o(.text.u8x8_d_ssd1306_sh1106_generic)
    __arm_cp.1_0                             0x080056cc   Number         4  u8x8_d_ssd1306_128x64_noname.o(.text.u8x8_d_ssd1306_sh1106_generic)
    __arm_cp.1_1                             0x080056d0   Number         4  u8x8_d_ssd1306_128x64_noname.o(.text.u8x8_d_ssd1306_sh1106_generic)
    __arm_cp.1_2                             0x080056d4   Number         4  u8x8_d_ssd1306_128x64_noname.o(.text.u8x8_d_ssd1306_sh1106_generic)
    __arm_cp.1_3                             0x080056d8   Number         4  u8x8_d_ssd1306_128x64_noname.o(.text.u8x8_d_ssd1306_sh1106_generic)
    [Anonymous Symbol]                       0x080056dc   Section        0  u8x8_gpio.o(.text.u8x8_gpio_call)
    [Anonymous Symbol]                       0x080056e8   Section        0  oled_driver.o(.text.u8x8_stm32_gpio_and_delay)
    __arm_cp.2_0                             0x0800576c   Number         4  oled_driver.o(.text.u8x8_stm32_gpio_and_delay)
    __arm_cp.2_1                             0x08005770   Number         4  oled_driver.o(.text.u8x8_stm32_gpio_and_delay)
    [Anonymous Symbol]                       0x08005774   Section        0  u8x8_8x8.o(.text.u8x8_utf8_init)
    i.__0printf                              0x0800577c   Section        0  printfa.o(i.__0printf)
    i.__0sprintf                             0x0800579c   Section        0  printfa.o(i.__0sprintf)
    i.__ARM_clz                              0x080057c4   Section        0  depilogue.o(i.__ARM_clz)
    i.__scatterload_copy                     0x080057f2   Section       14  handlers.o(i.__scatterload_copy)
    i.__scatterload_null                     0x08005800   Section        2  handlers.o(i.__scatterload_null)
    i.__scatterload_zeroinit                 0x08005802   Section       14  handlers.o(i.__scatterload_zeroinit)
    _fp_digits                               0x08005811   Thumb Code   344  printfa.o(i._fp_digits)
    i._fp_digits                             0x08005810   Section        0  printfa.o(i._fp_digits)
    _printf_core                             0x08005985   Thumb Code  1754  printfa.o(i._printf_core)
    i._printf_core                           0x08005984   Section        0  printfa.o(i._printf_core)
    _printf_post_padding                     0x08006071   Thumb Code    32  printfa.o(i._printf_post_padding)
    i._printf_post_padding                   0x08006070   Section        0  printfa.o(i._printf_post_padding)
    _printf_pre_padding                      0x08006091   Thumb Code    44  printfa.o(i._printf_pre_padding)
    i._printf_pre_padding                    0x08006090   Section        0  printfa.o(i._printf_pre_padding)
    _sputc                                   0x080060bd   Thumb Code    10  printfa.o(i._sputc)
    i._sputc                                 0x080060bc   Section        0  printfa.o(i._sputc)
    __tagsym$$used.0                         0x080060c8   Number         0  eventrecorder.o(.rodata.EventRecorderInfo)
    .L.str.39                                0x080060e0   Data          10  main.o(.rodata.str1.1)
    [Anonymous Symbol]                       0x080060e0   Section        0  main.o(.rodata.str1.1)
    .L.str.42                                0x080060ea   Data           9  main.o(.rodata.str1.1)
    .L.str.56                                0x080060f3   Data           4  main.o(.rodata.str1.1)
    .L.str.11                                0x080060f7   Data           5  main.o(.rodata.str1.1)
    .L.str.59                                0x080060fc   Data           2  main.o(.rodata.str1.1)
    .L.str.30                                0x080060fe   Data          15  main.o(.rodata.str1.1)
    .L.str.27                                0x0800610d   Data          17  main.o(.rodata.str1.1)
    .L.str.33                                0x0800611e   Data           3  main.o(.rodata.str1.1)
    .L.str.24                                0x08006121   Data           4  main.o(.rodata.str1.1)
    .L.str.57                                0x08006125   Data           3  main.o(.rodata.str1.1)
    .L.str.40                                0x08006128   Data          12  main.o(.rodata.str1.1)
    .L.str.32                                0x08006134   Data           7  main.o(.rodata.str1.1)
    .L.str.31                                0x0800613b   Data           8  main.o(.rodata.str1.1)
    .L.str.4                                 0x08006143   Data          13  main.o(.rodata.str1.1)
    .L.str.8                                 0x08006150   Data          11  main.o(.rodata.str1.1)
    .L.str.36                                0x0800615b   Data           8  main.o(.rodata.str1.1)
    .L.str.5                                 0x08006163   Data          12  main.o(.rodata.str1.1)
    .L.str.9                                 0x0800616f   Data          12  main.o(.rodata.str1.1)
    .L.str.10                                0x0800617b   Data           7  main.o(.rodata.str1.1)
    .L.str.28                                0x08006182   Data           3  main.o(.rodata.str1.1)
    .L.str.12                                0x08006185   Data          11  main.o(.rodata.str1.1)
    .L.str.14                                0x08006190   Data          11  main.o(.rodata.str1.1)
    .L.str.13                                0x0800619b   Data          14  main.o(.rodata.str1.1)
    .L.str.15                                0x080061a9   Data          11  main.o(.rodata.str1.1)
    .L.str.16                                0x080061b4   Data          12  main.o(.rodata.str1.1)
    .L.str.7                                 0x080061c0   Data          12  main.o(.rodata.str1.1)
    .L.str.18                                0x080061cc   Data          11  main.o(.rodata.str1.1)
    .L.str.17                                0x080061d7   Data          13  main.o(.rodata.str1.1)
    .L.str.19                                0x080061e4   Data          11  main.o(.rodata.str1.1)
    .L.str.41                                0x080061ef   Data          15  main.o(.rodata.str1.1)
    .L.str.21                                0x080061fe   Data          10  main.o(.rodata.str1.1)
    .L.str.20                                0x08006208   Data          12  main.o(.rodata.str1.1)
    .L.str.22                                0x08006214   Data          12  main.o(.rodata.str1.1)
    .L.str.6                                 0x08006220   Data           7  main.o(.rodata.str1.1)
    .L.str.38                                0x08006227   Data          12  main.o(.rodata.str1.1)
    .L.str.35                                0x08006233   Data           8  main.o(.rodata.str1.1)
    .L.str.29                                0x0800623b   Data           4  main.o(.rodata.str1.1)
    .L.str.34                                0x0800623f   Data           8  main.o(.rodata.str1.1)
    .L.str.1                                 0x08006247   Data          13  main.o(.rodata.str1.1)
    .L.str.2                                 0x08006254   Data          14  main.o(.rodata.str1.1)
    .L.str.3                                 0x08006262   Data          15  main.o(.rodata.str1.1)
    .L.str.26                                0x08006271   Data          11  main.o(.rodata.str1.1)
    .L.str.25                                0x0800627c   Data          12  main.o(.rodata.str1.1)
    .L.str.23                                0x08006288   Data           7  main.o(.rodata.str1.1)
    .L.str.37                                0x0800628f   Data          11  main.o(.rodata.str1.1)
    .L.str                                   0x0800629a   Data          11  main.o(.rodata.str1.1)
    u8x8_d_ssd1306_128x64_noname_flip0_seq   0x08006bf2   Data           7  u8x8_d_ssd1306_128x64_noname.o(.rodata.u8x8_d_ssd1306_128x64_noname_flip0_seq)
    [Anonymous Symbol]                       0x08006bf2   Section        0  u8x8_d_ssd1306_128x64_noname.o(.rodata.u8x8_d_ssd1306_128x64_noname_flip0_seq)
    u8x8_d_ssd1306_128x64_noname_flip1_seq   0x08006bf9   Data           7  u8x8_d_ssd1306_128x64_noname.o(.rodata.u8x8_d_ssd1306_128x64_noname_flip1_seq)
    [Anonymous Symbol]                       0x08006bf9   Section        0  u8x8_d_ssd1306_128x64_noname.o(.rodata.u8x8_d_ssd1306_128x64_noname_flip1_seq)
    u8x8_d_ssd1306_128x64_noname_init_seq    0x08006c00   Data          53  u8x8_d_ssd1306_128x64_noname.o(.rodata.u8x8_d_ssd1306_128x64_noname_init_seq)
    [Anonymous Symbol]                       0x08006c00   Section        0  u8x8_d_ssd1306_128x64_noname.o(.rodata.u8x8_d_ssd1306_128x64_noname_init_seq)
    u8x8_d_ssd1306_128x64_noname_powersave0_seq 0x08006c35   Data           5  u8x8_d_ssd1306_128x64_noname.o(.rodata.u8x8_d_ssd1306_128x64_noname_powersave0_seq)
    [Anonymous Symbol]                       0x08006c35   Section        0  u8x8_d_ssd1306_128x64_noname.o(.rodata.u8x8_d_ssd1306_128x64_noname_powersave0_seq)
    u8x8_d_ssd1306_128x64_noname_powersave1_seq 0x08006c3a   Data           5  u8x8_d_ssd1306_128x64_noname.o(.rodata.u8x8_d_ssd1306_128x64_noname_powersave1_seq)
    [Anonymous Symbol]                       0x08006c3a   Section        0  u8x8_d_ssd1306_128x64_noname.o(.rodata.u8x8_d_ssd1306_128x64_noname_powersave1_seq)
    u8x8_ssd1306_128x64_noname_display_info  0x08006c40   Data          24  u8x8_d_ssd1306_128x64_noname.o(.rodata.u8x8_ssd1306_128x64_noname_display_info)
    [Anonymous Symbol]                       0x08006c40   Section        0  u8x8_d_ssd1306_128x64_noname.o(.rodata.u8x8_ssd1306_128x64_noname_display_info)
    .data                                    0x20000000   Section        4  stdout.o(.data)
    EXTI4_15_IRQHandler._count               0x200001ea   Data           1  stm32g0xx_it.o(.bss.EXTI4_15_IRQHandler._count)
    [Anonymous Symbol]                       0x200001ea   Section        0  stm32g0xx_it.o(.bss.EXTI4_15_IRQHandler._count)
    EXTI4_15_IRQHandler.b_flag               0x200001eb   Data           1  stm32g0xx_it.o(.bss.EXTI4_15_IRQHandler.b_flag)
    [Anonymous Symbol]                       0x200001eb   Section        0  stm32g0xx_it.o(.bss.EXTI4_15_IRQHandler.b_flag)
    stdout_putchar.buffer                    0x200002dd   Data           8  retarget_io.o(.bss.stdout_putchar.buffer)
    [Anonymous Symbol]                       0x200002dd   Section        0  retarget_io.o(.bss.stdout_putchar.buffer)
    stdout_putchar.index                     0x200002e8   Data           4  retarget_io.o(.bss.stdout_putchar.index)
    [Anonymous Symbol]                       0x200002e8   Section        0  retarget_io.o(.bss.stdout_putchar.index)
    u8g2                                     0x20000340   Data         148  main.o(.bss.u8g2)
    [Anonymous Symbol]                       0x20000340   Section        0  main.o(.bss.u8g2)
    u8g2_m_16_8_f.buf                        0x200003d4   Data        1024  u8g2_d_memory.o(.bss.u8g2_m_16_8_f.buf)
    [Anonymous Symbol]                       0x200003d4   Section        0  u8g2_d_memory.o(.bss.u8g2_m_16_8_f.buf)
    STACK                                    0x200007d8   Section     1024  startup_stm32g030xx_1.o(STACK)
    SysTickCount                             0x20001500   Data           4  eventrecorder.o(.bss.SysTickCount)
    [Anonymous Symbol]                       0x20001500   Section        0  eventrecorder.o(.bss.SysTickCount)
    SysTickUpdated                           0x20001504   Data           1  eventrecorder.o(.bss.SysTickUpdated)
    [Anonymous Symbol]                       0x20001504   Section        0  eventrecorder.o(.bss.SysTickUpdated)
    TS_OverflowLock                          0x20001505   Data           1  eventrecorder.o(.bss.TS_OverflowLock)
    [Anonymous Symbol]                       0x20001505   Section        0  eventrecorder.o(.bss.TS_OverflowLock)
    EventBuffer                              0x20001540   Data        1024  eventrecorder.o(.bss.noinit)
    [Anonymous Symbol]                       0x20001540   Section        0  eventrecorder.o(.bss.noinit)
    EventFilter                              0x20001940   Data         128  eventrecorder.o(.bss.noinit)
    EventStatus                              0x200019c0   Data          36  eventrecorder.o(.bss.noinit)

    Global Symbols

    Symbol Name                              Value     Ov Type        Size  Object(Section)

    BuildAttributes$$THM_ISAv3M$S$PE$A:L22$X:L11$S22$IEEE1$IW$~IW$USESV6$~STKCKD$USESV7$~SHL$OTIME$ROPI$EBA8$MICROLIB$REQ8$PRES8$EABIv2 0x00000000   Number         0  anon$$obj.o ABSOLUTE
    _printf_a                                0x00000000   Number         0  stubs.o ABSOLUTE
    _printf_c                                0x00000000   Number         0  stubs.o ABSOLUTE
    _printf_charcount                        0x00000000   Number         0  stubs.o ABSOLUTE
    _printf_d                                0x00000000   Number         0  stubs.o ABSOLUTE
    _printf_e                                0x00000000   Number         0  stubs.o ABSOLUTE
    _printf_f                                0x00000000   Number         0  stubs.o ABSOLUTE
    _printf_flags                            0x00000000   Number         0  stubs.o ABSOLUTE
    _printf_fp_dec                           0x00000000   Number         0  stubs.o ABSOLUTE
    _printf_fp_hex                           0x00000000   Number         0  stubs.o ABSOLUTE
    _printf_g                                0x00000000   Number         0  stubs.o ABSOLUTE
    _printf_i                                0x00000000   Number         0  stubs.o ABSOLUTE
    _printf_int_dec                          0x00000000   Number         0  stubs.o ABSOLUTE
    _printf_l                                0x00000000   Number         0  stubs.o ABSOLUTE
    _printf_lc                               0x00000000   Number         0  stubs.o ABSOLUTE
    _printf_ll                               0x00000000   Number         0  stubs.o ABSOLUTE
    _printf_lld                              0x00000000   Number         0  stubs.o ABSOLUTE
    _printf_lli                              0x00000000   Number         0  stubs.o ABSOLUTE
    _printf_llo                              0x00000000   Number         0  stubs.o ABSOLUTE
    _printf_llu                              0x00000000   Number         0  stubs.o ABSOLUTE
    _printf_llx                              0x00000000   Number         0  stubs.o ABSOLUTE
    _printf_longlong_dec                     0x00000000   Number         0  stubs.o ABSOLUTE
    _printf_longlong_hex                     0x00000000   Number         0  stubs.o ABSOLUTE
    _printf_longlong_oct                     0x00000000   Number         0  stubs.o ABSOLUTE
    _printf_ls                               0x00000000   Number         0  stubs.o ABSOLUTE
    _printf_mbtowc                           0x00000000   Number         0  stubs.o ABSOLUTE
    _printf_n                                0x00000000   Number         0  stubs.o ABSOLUTE
    _printf_o                                0x00000000   Number         0  stubs.o ABSOLUTE
    _printf_p                                0x00000000   Number         0  stubs.o ABSOLUTE
    _printf_percent                          0x00000000   Number         0  stubs.o ABSOLUTE
    _printf_pre_padding                      0x00000000   Number         0  stubs.o ABSOLUTE
    _printf_return_value                     0x00000000   Number         0  stubs.o ABSOLUTE
    _printf_s                                0x00000000   Number         0  stubs.o ABSOLUTE
    _printf_sizespec                         0x00000000   Number         0  stubs.o ABSOLUTE
    _printf_str                              0x00000000   Number         0  stubs.o ABSOLUTE
    _printf_truncate_signed                  0x00000000   Number         0  stubs.o ABSOLUTE
    _printf_truncate_unsigned                0x00000000   Number         0  stubs.o ABSOLUTE
    _printf_u                                0x00000000   Number         0  stubs.o ABSOLUTE
    _printf_wc                               0x00000000   Number         0  stubs.o ABSOLUTE
    _printf_wctomb                           0x00000000   Number         0  stubs.o ABSOLUTE
    _printf_widthprec                        0x00000000   Number         0  stubs.o ABSOLUTE
    _printf_x                                0x00000000   Number         0  stubs.o ABSOLUTE
    __cpp_initialize__aeabi_                  - Undefined Weak Reference
    __cxa_finalize                            - Undefined Weak Reference
    _clock_init                               - Undefined Weak Reference
    _microlib_exit                            - Undefined Weak Reference
    __Vectors_Size                           0x000000c0   Number         0  startup_stm32g030xx_1.o ABSOLUTE
    __Vectors                                0x08000000   Data           4  startup_stm32g030xx_1.o(RESET)
    __Vectors_End                            0x080000c0   Data           0  startup_stm32g030xx_1.o(RESET)
    __main                                   0x080000c1   Thumb Code     0  entry.o(.ARM.Collect$$$$00000000)
    _main_stk                                0x080000c1   Thumb Code     0  entry2.o(.ARM.Collect$$$$00000001)
    _main_scatterload                        0x080000c5   Thumb Code     0  entry5.o(.ARM.Collect$$$$00000004)
    __main_after_scatterload                 0x080000c9   Thumb Code     0  entry5.o(.ARM.Collect$$$$00000004)
    _main_clock                              0x080000c9   Thumb Code     0  entry7b.o(.ARM.Collect$$$$00000008)
    _main_cpp_init                           0x080000c9   Thumb Code     0  entry8b.o(.ARM.Collect$$$$0000000A)
    _main_init                               0x080000c9   Thumb Code     0  entry9a.o(.ARM.Collect$$$$0000000B)
    __rt_final_cpp                           0x080000d1   Thumb Code     0  entry10a.o(.ARM.Collect$$$$0000000D)
    __rt_final_exit                          0x080000d1   Thumb Code     0  entry11a.o(.ARM.Collect$$$$0000000F)
    Reset_Handler                            0x080000d5   Thumb Code     8  startup_stm32g030xx_1.o(.text)
    ADC1_IRQHandler                          0x080000e7   Thumb Code     0  startup_stm32g030xx_1.o(.text)
    DMA1_Ch4_5_DMAMUX1_OVR_IRQHandler        0x080000e7   Thumb Code     0  startup_stm32g030xx_1.o(.text)
    DMA1_Channel1_IRQHandler                 0x080000e7   Thumb Code     0  startup_stm32g030xx_1.o(.text)
    DMA1_Channel2_3_IRQHandler               0x080000e7   Thumb Code     0  startup_stm32g030xx_1.o(.text)
    EXTI0_1_IRQHandler                       0x080000e7   Thumb Code     0  startup_stm32g030xx_1.o(.text)
    EXTI2_3_IRQHandler                       0x080000e7   Thumb Code     0  startup_stm32g030xx_1.o(.text)
    FLASH_IRQHandler                         0x080000e7   Thumb Code     0  startup_stm32g030xx_1.o(.text)
    I2C1_IRQHandler                          0x080000e7   Thumb Code     0  startup_stm32g030xx_1.o(.text)
    I2C2_IRQHandler                          0x080000e7   Thumb Code     0  startup_stm32g030xx_1.o(.text)
    RCC_IRQHandler                           0x080000e7   Thumb Code     0  startup_stm32g030xx_1.o(.text)
    RTC_TAMP_IRQHandler                      0x080000e7   Thumb Code     0  startup_stm32g030xx_1.o(.text)
    SPI1_IRQHandler                          0x080000e7   Thumb Code     0  startup_stm32g030xx_1.o(.text)
    SPI2_IRQHandler                          0x080000e7   Thumb Code     0  startup_stm32g030xx_1.o(.text)
    TIM14_IRQHandler                         0x080000e7   Thumb Code     0  startup_stm32g030xx_1.o(.text)
    TIM17_IRQHandler                         0x080000e7   Thumb Code     0  startup_stm32g030xx_1.o(.text)
    TIM1_BRK_UP_TRG_COM_IRQHandler           0x080000e7   Thumb Code     0  startup_stm32g030xx_1.o(.text)
    TIM1_CC_IRQHandler                       0x080000e7   Thumb Code     0  startup_stm32g030xx_1.o(.text)
    TIM3_IRQHandler                          0x080000e7   Thumb Code     0  startup_stm32g030xx_1.o(.text)
    USART1_IRQHandler                        0x080000e7   Thumb Code     0  startup_stm32g030xx_1.o(.text)
    USART2_IRQHandler                        0x080000e7   Thumb Code     0  startup_stm32g030xx_1.o(.text)
    WWDG_IRQHandler                          0x080000e7   Thumb Code     0  startup_stm32g030xx_1.o(.text)
    __aeabi_uidiv                            0x080000f1   Thumb Code     0  uidiv.o(.text)
    __aeabi_uidivmod                         0x080000f1   Thumb Code    44  uidiv.o(.text)
    __aeabi_idiv                             0x0800011d   Thumb Code     0  idiv.o(.text)
    __aeabi_idivmod                          0x0800011d   Thumb Code    40  idiv.o(.text)
    __aeabi_memcpy                           0x08000145   Thumb Code    36  memcpya.o(.text)
    __aeabi_memcpy4                          0x08000145   Thumb Code     0  memcpya.o(.text)
    __aeabi_memcpy8                          0x08000145   Thumb Code     0  memcpya.o(.text)
    __aeabi_memset                           0x08000169   Thumb Code    14  memseta.o(.text)
    __aeabi_memset4                          0x08000169   Thumb Code     0  memseta.o(.text)
    __aeabi_memset8                          0x08000169   Thumb Code     0  memseta.o(.text)
    __aeabi_memclr                           0x08000177   Thumb Code     4  memseta.o(.text)
    __aeabi_memclr4                          0x08000177   Thumb Code     0  memseta.o(.text)
    __aeabi_memclr8                          0x08000177   Thumb Code     0  memseta.o(.text)
    _memset$wrapper                          0x0800017b   Thumb Code    18  memseta.o(.text)
    strcmp                                   0x0800018d   Thumb Code    28  strcmp.o(.text)
    __aeabi_fmul                             0x080001a9   Thumb Code   122  fmul.o(.text)
    __aeabi_fdiv                             0x08000223   Thumb Code   124  fdiv.o(.text)
    __aeabi_dadd                             0x080002a1   Thumb Code   328  dadd.o(.text)
    __aeabi_dsub                             0x080003e9   Thumb Code    12  dadd.o(.text)
    __aeabi_drsub                            0x080003f5   Thumb Code    12  dadd.o(.text)
    __aeabi_dmul                             0x08000405   Thumb Code   202  dmul.o(.text)
    __aeabi_ddiv                             0x080004d5   Thumb Code   234  ddiv.o(.text)
    __aeabi_dcmple                           0x080005c5   Thumb Code    44  dcmple.o(.text)
    __aeabi_dcmplt                           0x080005f1   Thumb Code    44  dcmplt.o(.text)
    __aeabi_dcmpge                           0x0800061d   Thumb Code    44  dcmpge.o(.text)
    __aeabi_dcmpgt                           0x08000649   Thumb Code    44  dcmpgt.o(.text)
    __aeabi_dcmpeq                           0x08000675   Thumb Code    46  dcmpeq.o(.text)
    __aeabi_i2f                              0x080006a3   Thumb Code    22  fflti.o(.text)
    __aeabi_ui2f                             0x080006b9   Thumb Code    14  ffltui.o(.text)
    __aeabi_i2d                              0x080006c9   Thumb Code    34  dflti.o(.text)
    __aeabi_ui2d                             0x080006f1   Thumb Code    24  dfltui.o(.text)
    __aeabi_f2uiz                            0x0800070d   Thumb Code    40  ffixui.o(.text)
    __aeabi_d2uiz                            0x08000735   Thumb Code    50  dfixui.o(.text)
    __aeabi_f2d                              0x08000771   Thumb Code    40  f2d.o(.text)
    __aeabi_uldivmod                         0x08000799   Thumb Code    96  uldiv.o(.text)
    __aeabi_llsl                             0x080007f9   Thumb Code    32  llshl.o(.text)
    _ll_shift_l                              0x080007f9   Thumb Code     0  llshl.o(.text)
    __aeabi_llsr                             0x08000819   Thumb Code    34  llushr.o(.text)
    _ll_ushift_r                             0x08000819   Thumb Code     0  llushr.o(.text)
    __aeabi_lasr                             0x0800083b   Thumb Code    38  llsshr.o(.text)
    _ll_sshift_r                             0x0800083b   Thumb Code     0  llsshr.o(.text)
    __I$use$fp                               0x08000861   Thumb Code     0  iusefp.o(.text)
    _float_round                             0x08000861   Thumb Code    16  fepilogue.o(.text)
    _float_epilogue                          0x08000871   Thumb Code   114  fepilogue.o(.text)
    _double_round                            0x080008e3   Thumb Code    26  depilogue.o(.text)
    _double_epilogue                         0x080008fd   Thumb Code   164  depilogue.o(.text)
    __aeabi_d2ulz                            0x080009a1   Thumb Code    54  dfixul.o(.text)
    __aeabi_cdrcmple                         0x080009e1   Thumb Code    38  cdrcmple.o(.text)
    __scatterload                            0x08000a09   Thumb Code    28  init.o(.text)
    __scatterload_rt2                        0x08000a09   Thumb Code     0  init.o(.text)
    __decompress                             0x08000a2d   Thumb Code     0  __dczerorl2.o(.text)
    __decompress1                            0x08000a2d   Thumb Code    86  __dczerorl2.o(.text)
    Activate_ADC                             0x08000a85   Thumb Code   160  adc.o(.text.Activate_ADC)
    CalibrationScreen                        0x08000b25   Thumb Code   604  main.o(.text.CalibrationScreen)
    ChangeTipScreen                          0x08000d7d   Thumb Code   404  main.o(.text.ChangeTipScreen)
    DeleteTipScreen                          0x08000f11   Thumb Code   160  main.o(.text.DeleteTipScreen)
    EXTI4_15_IRQHandler                      0x08000fb1   Thumb Code   180  stm32g0xx_it.o(.text.EXTI4_15_IRQHandler)
    EventRecordData                          0x08001065   Thumb Code   548  eventrecorder.o(.text.EventRecordData)
    EventRecorderEnable                      0x080013b9   Thumb Code   180  eventrecorder.o(.text.EventRecorderEnable)
    EventRecorderInitialize                  0x0800146d   Thumb Code   608  eventrecorder.o(.text.EventRecorderInitialize)
    EventRecorderStart                       0x080016c9   Thumb Code   144  eventrecorder.o(.text.EventRecorderStart)
    EventRecorderTimerGetCount               0x08001759   Thumb Code    48  eventrecorder.o(.text.EventRecorderTimerGetCount)
    EventRecorderTimerGetFreq                0x08001781   Thumb Code    12  eventrecorder.o(.text.EventRecorderTimerGetFreq)
    EventRecorderTimerSetup                  0x0800178d   Thumb Code    36  eventrecorder.o(.text.EventRecorderTimerSetup)
    HardFault_Handler                        0x080017b1   Thumb Code     2  stm32g0xx_it.o(.text.HardFault_Handler)
    InfoScreen                               0x080017b5   Thumb Code   704  main.o(.text.InfoScreen)
    InputNameScreen                          0x08001a6d   Thumb Code   412  main.o(.text.InputNameScreen)
    InputScreen                              0x08001c05   Thumb Code   264  main.o(.text.InputScreen)
    LL_ADC_Init                              0x08001d0d   Thumb Code    52  stm32g0xx_ll_adc.o(.text.LL_ADC_Init)
    LL_ADC_REG_Init                          0x08001d41   Thumb Code    96  stm32g0xx_ll_adc.o(.text.LL_ADC_REG_Init)
    LL_EXTI_Init                             0x08001da1   Thumb Code   176  stm32g0xx_ll_exti.o(.text.LL_EXTI_Init)
    LL_GPIO_Init                             0x08001e51   Thumb Code   186  stm32g0xx_ll_gpio.o(.text.LL_GPIO_Init)
    LL_Init1msTick                           0x08001f0d   Thumb Code    32  stm32g0xx_ll_utils.o(.text.LL_Init1msTick)
    LL_SPI_Init                              0x08001f2d   Thumb Code   116  stm32g0xx_ll_spi.o(.text.LL_SPI_Init)
    LL_SetSystemCoreClock                    0x08001fa1   Thumb Code    12  stm32g0xx_ll_utils.o(.text.LL_SetSystemCoreClock)
    LL_TIM_BDTR_Init                         0x08001fad   Thumb Code   148  stm32g0xx_ll_tim.o(.text.LL_TIM_BDTR_Init)
    LL_TIM_Init                              0x0800203d   Thumb Code   144  stm32g0xx_ll_tim.o(.text.LL_TIM_Init)
    LL_TIM_OC_Init                           0x080020c1   Thumb Code   728  stm32g0xx_ll_tim.o(.text.LL_TIM_OC_Init)
    LL_mDelay                                0x08002399   Thumb Code    40  stm32g0xx_ll_utils.o(.text.LL_mDelay)
    MX_ADC1_Init                             0x080023c1   Thumb Code   300  adc.o(.text.MX_ADC1_Init)
    MX_GPIO_Init                             0x080024e5   Thumb Code   364  gpio.o(.text.MX_GPIO_Init)
    MX_SPI1_Init                             0x08002649   Thumb Code   172  spi.o(.text.MX_SPI1_Init)
    MX_TIM14_Init                            0x080026f1   Thumb Code   164  tim.o(.text.MX_TIM14_Init)
    MX_TIM16_Init                            0x08002795   Thumb Code   240  tim.o(.text.MX_TIM16_Init)
    MX_TIM17_Init                            0x08002885   Thumb Code    80  tim.o(.text.MX_TIM17_Init)
    MX_TIM3_Init                             0x080028d5   Thumb Code   204  tim.o(.text.MX_TIM3_Init)
    MainScreen                               0x080029a1   Thumb Code   652  main.o(.text.MainScreen)
    MenuScreen                               0x08002c2d   Thumb Code   416  main.o(.text.MenuScreen)
    MessageScreen                            0x08002db9   Thumb Code   172  main.o(.text.MessageScreen)
    NMI_Handler                              0x08002e65   Thumb Code     2  stm32g0xx_it.o(.text.NMI_Handler)
    PID                                      0x08002e69   Thumb Code    80  pid.o(.text.PID)
    PID_Compute                              0x08002eb9   Thumb Code   328  pid.o(.text.PID_Compute)
    PID_SetMode                              0x08003001   Thumb Code   104  pid.o(.text.PID_SetMode)
    PID_SetOutputLimits                      0x08003069   Thumb Code   176  pid.o(.text.PID_SetOutputLimits)
    PID_SetSampleTime                        0x08003119   Thumb Code    82  pid.o(.text.PID_SetSampleTime)
    PID_SetTunings                           0x0800316b   Thumb Code    34  pid.o(.text.PID_SetTunings)
    PID_SetTunings2                          0x0800318d   Thumb Code   220  pid.o(.text.PID_SetTunings2)
    PendSV_Handler                           0x08003269   Thumb Code     2  stm32g0xx_it.o(.text.PendSV_Handler)
    ROTARYCheck                              0x0800326d   Thumb Code   272  main.o(.text.ROTARYCheck)
    SENSORCheck                              0x08003371   Thumb Code   856  main.o(.text.SENSORCheck)
    SVC_Handler                              0x080036b1   Thumb Code     2  stm32g0xx_it.o(.text.SVC_Handler)
    SetupScreen                              0x080036b5   Thumb Code   336  main.o(.text.SetupScreen)
    SysTick_Handler                          0x08003805   Thumb Code    28  eventrecorder.o(.text.SysTick_Handler)
    SystemClock_Config                       0x08003821   Thumb Code   160  main.o(.text.SystemClock_Config)
    SystemInit                               0x080038c1   Thumb Code     2  system_stm32g0xx_1.o(.text.SystemInit)
    TIM16_IRQHandler                         0x080038c5   Thumb Code    40  stm32g0xx_it.o(.text.TIM16_IRQHandler)
    TMP75_ReadTemp                           0x080038ed   Thumb Code    72  i2c.o(.text.TMP75_ReadTemp)
    TMP75_Read_2Byte                         0x08003935   Thumb Code  1244  i2c.o(.text.TMP75_Read_2Byte)
    TempScreen                               0x08003e11   Thumb Code   228  main.o(.text.TempScreen)
    Thermostat                               0x08003ed9   Thumb Code   320  main.o(.text.Thermostat)
    TimerScreen                              0x08004015   Thumb Code   208  main.o(.text.TimerScreen)
    TipScreen                                0x080040e5   Thumb Code   168  main.o(.text.TipScreen)
    calculateTemp                            0x08004185   Thumb Code   188  main.o(.text.calculateTemp)
    constrain                                0x08004241   Thumb Code    18  main.o(.text.constrain)
    fputc                                    0x08004255   Thumb Code    72  retarget_io.o(.text.fputc)
    main                                     0x0800429d   Thumb Code   992  main.o(.text.main)
    t1_1s_cb                                 0x0800467d   Thumb Code     2  main.o(.text.t1_1s_cb)
    t2_300ms_cb                              0x08004681   Thumb Code    12  main.o(.text.t2_300ms_cb)
    timer_creat                              0x0800468d   Thumb Code    60  timer.o(.text.timer_creat)
    timer_init                               0x080046c5   Thumb Code    20  timer.o(.text.timer_init)
    timer_sched                              0x080046d5   Thumb Code   212  timer.o(.text.timer_sched)
    u8g2_DrawHVLine                          0x080047a9   Thumb Code   216  u8g2_hvline.o(.text.u8g2_DrawHVLine)
    u8g2_DrawStr                             0x08004881   Thumb Code    16  u8g2_font.o(.text.u8g2_DrawStr)
    u8g2_FirstPage                           0x08004891   Thumb Code    40  u8g2_buffer.o(.text.u8g2_FirstPage)
    u8g2_IsIntersection                      0x080048b9   Thumb Code   104  u8g2_intersection.o(.text.u8g2_IsIntersection)
    u8g2_NextPage                            0x08004921   Thumb Code    70  u8g2_buffer.o(.text.u8g2_NextPage)
    u8g2_SetBufferCurrTileRow                0x08004967   Thumb Code    26  u8g2_buffer.o(.text.u8g2_SetBufferCurrTileRow)
    u8g2_SetFont                             0x08004981   Thumb Code   246  u8g2_font.o(.text.u8g2_SetFont)
    u8g2_SetFontDirection                    0x08004a77   Thumb Code     6  u8g2_font.o(.text.u8g2_SetFontDirection)
    u8g2_SetFontMode                         0x08004a7d   Thumb Code     6  u8g2_font.o(.text.u8g2_SetFontMode)
    u8g2_SetFontPosBaseline                  0x08004a85   Thumb Code    12  u8g2_font.o(.text.u8g2_SetFontPosBaseline)
    u8g2_SetupBuffer                         0x08004a91   Thumb Code    80  u8g2_setup.o(.text.u8g2_SetupBuffer)
    u8g2_Setup_ssd1306_128x64_noname_f       0x08004ae1   Thumb Code    68  u8g2_d_setup.o(.text.u8g2_Setup_ssd1306_128x64_noname_f)
    u8g2_add_vector_x                        0x08004b25   Thumb Code    36  u8g2_font.o(.text.u8g2_add_vector_x)
    u8g2_add_vector_y                        0x08004b49   Thumb Code    36  u8g2_font.o(.text.u8g2_add_vector_y)
    u8g2_draw_hv_line_2dir                   0x08004b6d   Thumb Code    24  u8g2_hvline.o(.text.u8g2_draw_hv_line_2dir)
    u8g2_draw_l90_r0                         0x08004b85   Thumb Code    18  u8g2_setup.o(.text.u8g2_draw_l90_r0)
    u8g2_font_calc_vref_font                 0x08004c8d   Thumb Code     4  u8g2_font.o(.text.u8g2_font_calc_vref_font)
    u8g2_font_decode_glyph                   0x08004c91   Thumb Code  1004  u8g2_font.o(.text.u8g2_font_decode_glyph)
    u8g2_font_get_glyph_data                 0x0800507d   Thumb Code   134  u8g2_font.o(.text.u8g2_font_get_glyph_data)
    u8g2_ll_hvline_vertical_top_lsb          0x08005111   Thumb Code   150  u8g2_ll_hvline.o(.text.u8g2_ll_hvline_vertical_top_lsb)
    u8g2_m_16_8_f                            0x080051a9   Thumb Code    12  u8g2_d_memory.o(.text.u8g2_m_16_8_f)
    u8g2_update_dimension_r0                 0x0800520d   Thumb Code    62  u8g2_setup.o(.text.u8g2_update_dimension_r0)
    u8g2_update_page_win_r0                  0x0800524b   Thumb Code   142  u8g2_setup.o(.text.u8g2_update_page_win_r0)
    u8x8_DrawTile                            0x080052d9   Thumb Code    30  u8x8_display.o(.text.u8x8_DrawTile)
    u8x8_InitDisplay                         0x080052f7   Thumb Code    14  u8x8_display.o(.text.u8x8_InitDisplay)
    u8x8_RefreshDisplay                      0x08005305   Thumb Code    14  u8x8_display.o(.text.u8x8_RefreshDisplay)
    u8x8_SetPowerSave                        0x08005313   Thumb Code    14  u8x8_display.o(.text.u8x8_SetPowerSave)
    u8x8_Setup                               0x08005321   Thumb Code    40  u8x8_setup.o(.text.u8x8_Setup)
    u8x8_SetupMemory                         0x08005349   Thumb Code    14  u8x8_display.o(.text.u8x8_SetupMemory)
    u8x8_ascii_next                          0x08005359   Thumb Code    20  u8x8_8x8.o(.text.u8x8_ascii_next)
    u8x8_byte_4wire_hw_spi                   0x0800536d   Thumb Code   100  oled_driver.o(.text.u8x8_byte_4wire_hw_spi)
    u8x8_byte_SendByte                       0x080053cd   Thumb Code    18  u8x8_byte.o(.text.u8x8_byte_SendByte)
    u8x8_byte_SendBytes                      0x080053df   Thumb Code    14  u8x8_byte.o(.text.u8x8_byte_SendBytes)
    u8x8_byte_SetDC                          0x080053ed   Thumb Code    14  u8x8_byte.o(.text.u8x8_byte_SetDC)
    u8x8_cad_001                             0x080053fd   Thumb Code   114  u8x8_cad.o(.text.u8x8_cad_001)
    u8x8_cad_EndTransfer                     0x0800546f   Thumb Code    14  u8x8_cad.o(.text.u8x8_cad_EndTransfer)
    u8x8_cad_SendArg                         0x0800547d   Thumb Code    14  u8x8_cad.o(.text.u8x8_cad_SendArg)
    u8x8_cad_SendCmd                         0x0800548b   Thumb Code    14  u8x8_cad.o(.text.u8x8_cad_SendCmd)
    u8x8_cad_SendData                        0x08005499   Thumb Code    14  u8x8_cad.o(.text.u8x8_cad_SendData)
    u8x8_cad_SendSequence                    0x080054a7   Thumb Code   108  u8x8_cad.o(.text.u8x8_cad_SendSequence)
    u8x8_cad_StartTransfer                   0x08005513   Thumb Code    14  u8x8_cad.o(.text.u8x8_cad_StartTransfer)
    u8x8_d_helper_display_init               0x08005521   Thumb Code   106  u8x8_display.o(.text.u8x8_d_helper_display_init)
    u8x8_d_helper_display_setup_memory       0x0800558b   Thumb Code    10  u8x8_display.o(.text.u8x8_d_helper_display_setup_memory)
    u8x8_d_ssd1306_128x64_noname             0x08005595   Thumb Code    72  u8x8_d_ssd1306_128x64_noname.o(.text.u8x8_d_ssd1306_128x64_noname)
    u8x8_gpio_call                           0x080056dd   Thumb Code    10  u8x8_gpio.o(.text.u8x8_gpio_call)
    u8x8_stm32_gpio_and_delay                0x080056e9   Thumb Code   140  oled_driver.o(.text.u8x8_stm32_gpio_and_delay)
    u8x8_utf8_init                           0x08005775   Thumb Code     8  u8x8_8x8.o(.text.u8x8_utf8_init)
    __0printf                                0x0800577d   Thumb Code    24  printfa.o(i.__0printf)
    __1printf                                0x0800577d   Thumb Code     0  printfa.o(i.__0printf)
    __2printf                                0x0800577d   Thumb Code     0  printfa.o(i.__0printf)
    __c89printf                              0x0800577d   Thumb Code     0  printfa.o(i.__0printf)
    printf                                   0x0800577d   Thumb Code     0  printfa.o(i.__0printf)
    __0sprintf                               0x0800579d   Thumb Code    36  printfa.o(i.__0sprintf)
    __1sprintf                               0x0800579d   Thumb Code     0  printfa.o(i.__0sprintf)
    __2sprintf                               0x0800579d   Thumb Code     0  printfa.o(i.__0sprintf)
    __c89sprintf                             0x0800579d   Thumb Code     0  printfa.o(i.__0sprintf)
    sprintf                                  0x0800579d   Thumb Code     0  printfa.o(i.__0sprintf)
    __ARM_clz                                0x080057c5   Thumb Code    46  depilogue.o(i.__ARM_clz)
    __scatterload_copy                       0x080057f3   Thumb Code    14  handlers.o(i.__scatterload_copy)
    __scatterload_null                       0x08005801   Thumb Code     2  handlers.o(i.__scatterload_null)
    __scatterload_zeroinit                   0x08005803   Thumb Code    14  handlers.o(i.__scatterload_zeroinit)
    EventRecorderInfo                        0x080060c8   Data          24  eventrecorder.o(.rodata.EventRecorderInfo)
    u8g2_cb_r0                               0x080062a8   Data          12  u8g2_setup.o(.rodata.u8g2_cb_r0)
    u8g2_font_9x15_tr                        0x080062b4   Data        1227  u8g2_fonts.o(.rodata.u8g2_font_9x15_tr)
    u8g2_font_freedoomr25_tn                 0x0800677f   Data         219  u8g2_fonts.o(.rodata.u8g2_font_freedoomr25_tn)
    u8g2_font_fub42_tn                       0x0800685a   Data         920  u8g2_fonts.o(.rodata.u8g2_font_fub42_tn)
    Region$$Table$$Base                      0x08006c58   Number         0  anon$$obj.o(Region$$Table)
    Region$$Table$$Limit                     0x08006c78   Number         0  anon$$obj.o(Region$$Table)
    __stdout                                 0x20000000   Data           4  stdout.o(.data)
    BoostTemp                                0x20000004   Data           1  main.o(.data.BoostTemp)
    BoostTempItems                           0x20000008   Data           8  main.o(.data.BoostTempItems)
    BoostTimerItems                          0x20000010   Data           8  main.o(.data.BoostTimerItems)
    BuzzerItems                              0x20000018   Data          12  main.o(.data.BuzzerItems)
    CalTemp                                  0x20000024   Data          64  main.o(.data.CalTemp)
    ControlTypeItems                         0x20000064   Data          12  main.o(.data.ControlTypeItems)
    DefaultTemp                              0x20000070   Data           2  main.o(.data.DefaultTemp)
    DefaultTempItems                         0x20000074   Data           8  main.o(.data.DefaultTempItems)
    DeleteMessage                            0x2000007c   Data          16  main.o(.data.DeleteMessage)
    ECReverseItems                           0x2000008c   Data          12  main.o(.data.ECReverseItems)
    MainScreenItems                          0x20000098   Data          12  main.o(.data.MainScreenItems)
    MaxTipMessage                            0x200000a4   Data          16  main.o(.data.MaxTipMessage)
    NumberOfTips                             0x200000b4   Data           1  main.o(.data.NumberOfTips)
    OffTimerItems                            0x200000b8   Data           8  main.o(.data.OffTimerItems)
    PIDenable                                0x200000c0   Data           1  main.o(.data.PIDenable)
    SensorCounter                            0x200000c1   Data           1  main.o(.data.SensorCounter)
    SetupItems                               0x200000c4   Data          44  main.o(.data.SetupItems)
    SleepTemp                                0x200000f0   Data           2  main.o(.data.SleepTemp)
    SleepTempItems                           0x200000f4   Data           8  main.o(.data.SleepTempItems)
    SleepTimerItems                          0x200000fc   Data           8  main.o(.data.SleepTimerItems)
    StoreItems                               0x20000104   Data          12  main.o(.data.StoreItems)
    SureItems                                0x20000110   Data          12  main.o(.data.SureItems)
    SystemCoreClock                          0x2000011c   Data           4  system_stm32g0xx_1.o(.data.SystemCoreClock)
    TempItems                                0x20000120   Data          20  main.o(.data.TempItems)
    TimerItems                               0x20000134   Data          20  main.o(.data.TimerItems)
    TipIsPresent                             0x20000148   Data           1  main.o(.data.TipIsPresent)
    TipItems                                 0x2000014c   Data          28  main.o(.data.TipItems)
    TipName                                  0x20000168   Data          48  main.o(.data.TipName)
    aggKd                                    0x20000198   Data           8  main.o(.data.aggKd)
    aggKi                                    0x200001a0   Data           8  main.o(.data.aggKi)
    aggKp                                    0x200001a8   Data           8  main.o(.data.aggKp)
    beepIfWorky                              0x200001b0   Data           1  main.o(.data.beepIfWorky)
    consKd                                   0x200001b8   Data           8  main.o(.data.consKd)
    consKi                                   0x200001c0   Data           8  main.o(.data.consKi)
    consKp                                   0x200001c8   Data           8  main.o(.data.consKp)
    isWorky                                  0x200001d0   Data           1  main.o(.data.isWorky)
    time2off                                 0x200001d1   Data           1  main.o(.data.time2off)
    time2sleep                               0x200001d2   Data           1  main.o(.data.time2sleep)
    timeOfBoost                              0x200001d3   Data           1  main.o(.data.timeOfBoost)
    ChipTemp                                 0x200001d8   Data           8  main.o(.bss.ChipTemp)
    CurrentTemp                              0x200001e0   Data           8  main.o(.bss.CurrentTemp)
    CurrentTip                               0x200001e8   Data           1  main.o(.bss.CurrentTip)
    ECReverse                                0x200001e9   Data           1  main.o(.bss.ECReverse)
    Input                                    0x200001f0   Data           8  main.o(.bss.Input)
    MainScrType                              0x200001f8   Data           1  main.o(.bss.MainScrType)
    Output                                   0x20000200   Data           8  main.o(.bss.Output)
    PWM_Output                               0x20000208   Data           1  main.o(.bss.PWM_Output)
    RawTemp                                  0x20000210   Data           8  main.o(.bss.RawTemp)
    SetTemp                                  0x20000218   Data           2  main.o(.bss.SetTemp)
    Setpoint                                 0x20000220   Data           8  main.o(.bss.Setpoint)
    ShowTemp                                 0x20000228   Data           2  main.o(.bss.ShowTemp)
    SystemParam                              0x20000230   Data           8  main.o(.bss.SystemParam)
    TIM16_Tick                               0x20000238   Data           4  main.o(.bss.TIM16_Tick)
    TPID                                     0x20000240   Data         112  main.o(.bss.TPID)
    Vcc                                      0x200002b0   Data           2  main.o(.bss.Vcc)
    Vin                                      0x200002b2   Data           2  main.o(.bss.Vin)
    beepEnable                               0x200002b4   Data           1  main.o(.bss.beepEnable)
    boostmillis                              0x200002b8   Data           4  main.o(.bss.boostmillis)
    buttonmillis                             0x200002bc   Data           4  main.o(.bss.buttonmillis)
    c0                                       0x200002c0   Data           1  main.o(.bss.c0)
    count                                    0x200002c4   Data           4  main.o(.bss.count)
    countMax                                 0x200002c8   Data           4  main.o(.bss.countMax)
    countMin                                 0x200002cc   Data           4  main.o(.bss.countMin)
    countStep                                0x200002d0   Data           4  main.o(.bss.countStep)
    d0                                       0x200002d4   Data           1  main.o(.bss.d0)
    gap                                      0x200002d6   Data           2  main.o(.bss.gap)
    goneSeconds                              0x200002d8   Data           1  main.o(.bss.goneSeconds)
    handleMoved                              0x200002d9   Data           1  main.o(.bss.handleMoved)
    inBoostMode                              0x200002da   Data           1  main.o(.bss.inBoostMode)
    inOffMode                                0x200002db   Data           1  main.o(.bss.inOffMode)
    inSleepMode                              0x200002dc   Data           1  main.o(.bss.inSleepMode)
    temp_adc                                 0x200002ec   Data           2  main.o(.bss.temp_adc)
    timer_list                               0x200002f0   Data          80  timer.o(.bss.timer_list)
    u8g2_update_flag                         0x200007d4   Data           1  main.o(.bss.u8g2_update_flag)
    __initial_sp                             0x20000bd8   Data           0  startup_stm32g030xx_1.o(STACK)



==============================================================================

Memory Map of the image

  Image Entry point : 0x080000c1

  Load Region LR_IROM1 (Base: 0x08000000, Size: 0x00006e50, Max: 0x0000f800, ABSOLUTE, COMPRESSED[0x00006d58])

    Execution Region ER_IROM1 (Exec base: 0x08000000, Load base: 0x08000000, Size: 0x00006c78, Max: 0x0000f800, ABSOLUTE)

    Exec Addr    Load Addr    Size         Type   Attr      Idx    E Section Name        Object

    0x08000000   0x08000000   0x000000c0   Data   RO         1881    RESET               startup_stm32g030xx_1.o
    0x080000c0   0x080000c0   0x00000000   Code   RO         1904  * .ARM.Collect$$$$00000000  mc_p.l(entry.o)
    0x080000c0   0x080000c0   0x00000004   Code   RO         2228    .ARM.Collect$$$$00000001  mc_p.l(entry2.o)
    0x080000c4   0x080000c4   0x00000004   Code   RO         2231    .ARM.Collect$$$$00000004  mc_p.l(entry5.o)
    0x080000c8   0x080000c8   0x00000000   Code   RO         2233    .ARM.Collect$$$$00000008  mc_p.l(entry7b.o)
    0x080000c8   0x080000c8   0x00000000   Code   RO         2235    .ARM.Collect$$$$0000000A  mc_p.l(entry8b.o)
    0x080000c8   0x080000c8   0x00000008   Code   RO         2236    .ARM.Collect$$$$0000000B  mc_p.l(entry9a.o)
    0x080000d0   0x080000d0   0x00000000   Code   RO         2238    .ARM.Collect$$$$0000000D  mc_p.l(entry10a.o)
    0x080000d0   0x080000d0   0x00000000   Code   RO         2240    .ARM.Collect$$$$0000000F  mc_p.l(entry11a.o)
    0x080000d0   0x080000d0   0x00000004   Code   RO         2229    .ARM.Collect$$$$00002712  mc_p.l(entry2.o)
    0x080000d4   0x080000d4   0x0000001c   Code   RO         1882    .text               startup_stm32g030xx_1.o
    0x080000f0   0x080000f0   0x0000002c   Code   RO         1921    .text               mc_p.l(uidiv.o)
    0x0800011c   0x0800011c   0x00000028   Code   RO         1923    .text               mc_p.l(idiv.o)
    0x08000144   0x08000144   0x00000024   Code   RO         1925    .text               mc_p.l(memcpya.o)
    0x08000168   0x08000168   0x00000024   Code   RO         1927    .text               mc_p.l(memseta.o)
    0x0800018c   0x0800018c   0x0000001c   Code   RO         1929    .text               mc_p.l(strcmp.o)
    0x080001a8   0x080001a8   0x0000007a   Code   RO         2194    .text               mf_p.l(fmul.o)
    0x08000222   0x08000222   0x0000007c   Code   RO         2196    .text               mf_p.l(fdiv.o)
    0x0800029e   0x0800029e   0x00000002   PAD
    0x080002a0   0x080002a0   0x00000164   Code   RO         2198    .text               mf_p.l(dadd.o)
    0x08000404   0x08000404   0x000000d0   Code   RO         2200    .text               mf_p.l(dmul.o)
    0x080004d4   0x080004d4   0x000000f0   Code   RO         2202    .text               mf_p.l(ddiv.o)
    0x080005c4   0x080005c4   0x0000002c   Code   RO         2204    .text               mf_p.l(dcmple.o)
    0x080005f0   0x080005f0   0x0000002c   Code   RO         2206    .text               mf_p.l(dcmplt.o)
    0x0800061c   0x0800061c   0x0000002c   Code   RO         2208    .text               mf_p.l(dcmpge.o)
    0x08000648   0x08000648   0x0000002c   Code   RO         2210    .text               mf_p.l(dcmpgt.o)
    0x08000674   0x08000674   0x0000002e   Code   RO         2212    .text               mf_p.l(dcmpeq.o)
    0x080006a2   0x080006a2   0x00000016   Code   RO         2214    .text               mf_p.l(fflti.o)
    0x080006b8   0x080006b8   0x0000000e   Code   RO         2216    .text               mf_p.l(ffltui.o)
    0x080006c6   0x080006c6   0x00000002   PAD
    0x080006c8   0x080006c8   0x00000028   Code   RO         2218    .text               mf_p.l(dflti.o)
    0x080006f0   0x080006f0   0x0000001c   Code   RO         2220    .text               mf_p.l(dfltui.o)
    0x0800070c   0x0800070c   0x00000028   Code   RO         2222    .text               mf_p.l(ffixui.o)
    0x08000734   0x08000734   0x0000003c   Code   RO         2224    .text               mf_p.l(dfixui.o)
    0x08000770   0x08000770   0x00000028   Code   RO         2226    .text               mf_p.l(f2d.o)
    0x08000798   0x08000798   0x00000060   Code   RO         2242    .text               mc_p.l(uldiv.o)
    0x080007f8   0x080007f8   0x00000020   Code   RO         2244    .text               mc_p.l(llshl.o)
    0x08000818   0x08000818   0x00000022   Code   RO         2246    .text               mc_p.l(llushr.o)
    0x0800083a   0x0800083a   0x00000026   Code   RO         2248    .text               mc_p.l(llsshr.o)
    0x08000860   0x08000860   0x00000000   Code   RO         2250    .text               mc_p.l(iusefp.o)
    0x08000860   0x08000860   0x00000082   Code   RO         2251    .text               mf_p.l(fepilogue.o)
    0x080008e2   0x080008e2   0x000000be   Code   RO         2253    .text               mf_p.l(depilogue.o)
    0x080009a0   0x080009a0   0x00000040   Code   RO         2257    .text               mf_p.l(dfixul.o)
    0x080009e0   0x080009e0   0x00000028   Code   RO         2259    .text               mf_p.l(cdrcmple.o)
    0x08000a08   0x08000a08   0x00000024   Code   RO         2261    .text               mc_p.l(init.o)
    0x08000a2c   0x08000a2c   0x00000056   Code   RO         2271    .text               mc_p.l(__dczerorl2.o)
    0x08000a82   0x08000a82   0x00000002   PAD
    0x08000a84   0x08000a84   0x000000a0   Code   RO          274    .text.Activate_ADC  adc.o
    0x08000b24   0x08000b24   0x00000258   Code   RO          151    .text.CalibrationScreen  main.o
    0x08000d7c   0x08000d7c   0x00000194   Code   RO          137    .text.ChangeTipScreen  main.o
    0x08000f10   0x08000f10   0x000000a0   Code   RO          155    .text.DeleteTipScreen  main.o
    0x08000fb0   0x08000fb0   0x000000b4   Code   RO          320    .text.EXTI4_15_IRQHandler  stm32g0xx_it.o
    0x08001064   0x08001064   0x0000021c   Code   RO         1839    .text.EventRecordData  eventrecorder.o
    0x08001280   0x08001280   0x00000138   Code   RO         1829    .text.EventRecordItem  eventrecorder.o
    0x080013b8   0x080013b8   0x000000b4   Code   RO         1827    .text.EventRecorderEnable  eventrecorder.o
    0x0800146c   0x0800146c   0x0000025c   Code   RO         1825    .text.EventRecorderInitialize  eventrecorder.o
    0x080016c8   0x080016c8   0x00000090   Code   RO         1831    .text.EventRecorderStart  eventrecorder.o
    0x08001758   0x08001758   0x00000028   Code   RO         1823    .text.EventRecorderTimerGetCount  eventrecorder.o
    0x08001780   0x08001780   0x0000000c   Code   RO         1821    .text.EventRecorderTimerGetFreq  eventrecorder.o
    0x0800178c   0x0800178c   0x00000024   Code   RO         1819    .text.EventRecorderTimerSetup  eventrecorder.o
    0x080017b0   0x080017b0   0x00000002   Code   RO          314    .text.HardFault_Handler  stm32g0xx_it.o
    0x080017b2   0x080017b2   0x00000002   PAD
    0x080017b4   0x080017b4   0x000002b8   Code   RO          149    .text.InfoScreen    main.o
    0x08001a6c   0x08001a6c   0x00000198   Code   RO          153    .text.InputNameScreen  main.o
    0x08001c04   0x08001c04   0x00000108   Code   RO          163    .text.InputScreen   main.o
    0x08001d0c   0x08001d0c   0x00000034   Code   RO          418    .text.LL_ADC_Init   stm32g0xx_ll_adc.o
    0x08001d40   0x08001d40   0x00000060   Code   RO          422    .text.LL_ADC_REG_Init  stm32g0xx_ll_adc.o
    0x08001da0   0x08001da0   0x000000b0   Code   RO          382    .text.LL_EXTI_Init  stm32g0xx_ll_exti.o
    0x08001e50   0x08001e50   0x000000ba   Code   RO          397    .text.LL_GPIO_Init  stm32g0xx_ll_gpio.o
    0x08001f0a   0x08001f0a   0x00000002   PAD
    0x08001f0c   0x08001f0c   0x00000020   Code   RO          357    .text.LL_Init1msTick  stm32g0xx_ll_utils.o
    0x08001f2c   0x08001f2c   0x00000074   Code   RO          475    .text.LL_SPI_Init   stm32g0xx_ll_spi.o
    0x08001fa0   0x08001fa0   0x0000000c   Code   RO          361    .text.LL_SetSystemCoreClock  stm32g0xx_ll_utils.o
    0x08001fac   0x08001fac   0x00000090   Code   RO          529    .text.LL_TIM_BDTR_Init  stm32g0xx_ll_tim.o
    0x0800203c   0x0800203c   0x00000084   Code   RO          509    .text.LL_TIM_Init   stm32g0xx_ll_tim.o
    0x080020c0   0x080020c0   0x000002d8   Code   RO          513    .text.LL_TIM_OC_Init  stm32g0xx_ll_tim.o
    0x08002398   0x08002398   0x00000028   Code   RO          359    .text.LL_mDelay     stm32g0xx_ll_utils.o
    0x080023c0   0x080023c0   0x00000124   Code   RO          272    .text.MX_ADC1_Init  adc.o
    0x080024e4   0x080024e4   0x00000164   Code   RO          262    .text.MX_GPIO_Init  gpio.o
    0x08002648   0x08002648   0x000000a8   Code   RO          285    .text.MX_SPI1_Init  spi.o
    0x080026f0   0x080026f0   0x000000a4   Code   RO          297    .text.MX_TIM14_Init  tim.o
    0x08002794   0x08002794   0x000000f0   Code   RO          299    .text.MX_TIM16_Init  tim.o
    0x08002884   0x08002884   0x00000050   Code   RO          301    .text.MX_TIM17_Init  tim.o
    0x080028d4   0x080028d4   0x000000cc   Code   RO          295    .text.MX_TIM3_Init  tim.o
    0x080029a0   0x080029a0   0x0000028c   Code   RO          125    .text.MainScreen    main.o
    0x08002c2c   0x08002c2c   0x0000018c   Code   RO          141    .text.MenuScreen    main.o
    0x08002db8   0x08002db8   0x000000ac   Code   RO          161    .text.MessageScreen  main.o
    0x08002e64   0x08002e64   0x00000002   Code   RO          312    .text.NMI_Handler   stm32g0xx_it.o
    0x08002e66   0x08002e66   0x00000002   PAD
    0x08002e68   0x08002e68   0x00000050   Code   RO           48    .text.PID           pid.o
    0x08002eb8   0x08002eb8   0x00000148   Code   RO           58    .text.PID_Compute   pid.o
    0x08003000   0x08003000   0x00000068   Code   RO           60    .text.PID_SetMode   pid.o
    0x08003068   0x08003068   0x000000b0   Code   RO           50    .text.PID_SetOutputLimits  pid.o
    0x08003118   0x08003118   0x00000052   Code   RO           68    .text.PID_SetSampleTime  pid.o
    0x0800316a   0x0800316a   0x00000022   Code   RO           64    .text.PID_SetTunings  pid.o
    0x0800318c   0x0800318c   0x000000dc   Code   RO           54    .text.PID_SetTunings2  pid.o
    0x08003268   0x08003268   0x00000002   Code   RO          318    .text.PendSV_Handler  stm32g0xx_it.o
    0x0800326a   0x0800326a   0x00000002   PAD
    0x0800326c   0x0800326c   0x00000104   Code   RO          119    .text.ROTARYCheck   main.o
    0x08003370   0x08003370   0x00000340   Code   RO          121    .text.SENSORCheck   main.o
    0x080036b0   0x080036b0   0x00000002   Code   RO          316    .text.SVC_Handler   stm32g0xx_it.o
    0x080036b2   0x080036b2   0x00000002   PAD
    0x080036b4   0x080036b4   0x00000150   Code   RO          131    .text.SetupScreen   main.o
    0x08003804   0x08003804   0x0000001c   Code   RO         1817    .text.SysTick_Handler  eventrecorder.o
    0x08003820   0x08003820   0x000000a0   Code   RO          101    .text.SystemClock_Config  main.o
    0x080038c0   0x080038c0   0x00000002   Code   RO         1889    .text.SystemInit    system_stm32g0xx_1.o
    0x080038c2   0x080038c2   0x00000002   PAD
    0x080038c4   0x080038c4   0x00000028   Code   RO          322    .text.TIM16_IRQHandler  stm32g0xx_it.o
    0x080038ec   0x080038ec   0x00000048   Code   RO           19    .text.TMP75_ReadTemp  i2c.o
    0x08003934   0x08003934   0x000004dc   Code   RO           21    .text.TMP75_Read_2Byte  i2c.o
    0x08003e10   0x08003e10   0x000000c8   Code   RO          145    .text.TempScreen    main.o
    0x08003ed8   0x08003ed8   0x0000013c   Code   RO          123    .text.Thermostat    main.o
    0x08004014   0x08004014   0x000000d0   Code   RO          147    .text.TimerScreen   main.o
    0x080040e4   0x080040e4   0x000000a0   Code   RO          143    .text.TipScreen     main.o
    0x08004184   0x08004184   0x000000bc   Code   RO          113    .text.calculateTemp  main.o
    0x08004240   0x08004240   0x00000012   Code   RO          159    .text.constrain     main.o
    0x08004252   0x08004252   0x00000002   PAD
    0x08004254   0x08004254   0x00000048   Code   RO         1859    .text.fputc         retarget_io.o
    0x0800429c   0x0800429c   0x000003e0   Code   RO           99    .text.main          main.o
    0x0800467c   0x0800467c   0x00000002   Code   RO          103    .text.t1_1s_cb      main.o
    0x0800467e   0x0800467e   0x00000002   PAD
    0x08004680   0x08004680   0x0000000c   Code   RO          105    .text.t2_300ms_cb   main.o
    0x0800468c   0x0800468c   0x00000038   Code   RO          337    .text.timer_creat   timer.o
    0x080046c4   0x080046c4   0x00000010   Code   RO          335    .text.timer_init    timer.o
    0x080046d4   0x080046d4   0x000000d4   Code   RO          345    .text.timer_sched   timer.o
    0x080047a8   0x080047a8   0x000000d8   Code   RO         1042    .text.u8g2_DrawHVLine  u8g2_hvline.o
    0x08004880   0x08004880   0x00000010   Code   RO          975    .text.u8g2_DrawStr  u8g2_font.o
    0x08004890   0x08004890   0x00000028   Code   RO          829    .text.u8g2_FirstPage  u8g2_buffer.o
    0x080048b8   0x080048b8   0x00000068   Code   RO         1073    .text.u8g2_IsIntersection  u8g2_intersection.o
    0x08004920   0x08004920   0x00000046   Code   RO          831    .text.u8g2_NextPage  u8g2_buffer.o
    0x08004966   0x08004966   0x0000001a   Code   RO          827    .text.u8g2_SetBufferCurrTileRow  u8g2_buffer.o
    0x08004980   0x08004980   0x000000f6   Code   RO         1015    .text.u8g2_SetFont  u8g2_font.o
    0x08004a76   0x08004a76   0x00000006   Code   RO         1029    .text.u8g2_SetFontDirection  u8g2_font.o
    0x08004a7c   0x08004a7c   0x00000006   Code   RO          969    .text.u8g2_SetFontMode  u8g2_font.o
    0x08004a82   0x08004a82   0x00000002   PAD
    0x08004a84   0x08004a84   0x0000000c   Code   RO         1001    .text.u8g2_SetFontPosBaseline  u8g2_font.o
    0x08004a90   0x08004a90   0x00000050   Code   RO         1185    .text.u8g2_SetupBuffer  u8g2_setup.o
    0x08004ae0   0x08004ae0   0x00000044   Code   RO          912    .text.u8g2_Setup_ssd1306_128x64_noname_f  u8g2_d_setup.o
    0x08004b24   0x08004b24   0x00000024   Code   RO          953    .text.u8g2_add_vector_x  u8g2_font.o
    0x08004b48   0x08004b48   0x00000024   Code   RO          951    .text.u8g2_add_vector_y  u8g2_font.o
    0x08004b6c   0x08004b6c   0x00000018   Code   RO         1040    .text.u8g2_draw_hv_line_2dir  u8g2_hvline.o
    0x08004b84   0x08004b84   0x00000012   Code   RO         1207    .text.u8g2_draw_l90_r0  u8g2_setup.o
    0x08004b96   0x08004b96   0x00000002   PAD
    0x08004b98   0x08004b98   0x000000f4   Code   RO          977    .text.u8g2_draw_string  u8g2_font.o
    0x08004c8c   0x08004c8c   0x00000004   Code   RO          999    .text.u8g2_font_calc_vref_font  u8g2_font.o
    0x08004c90   0x08004c90   0x000003ec   Code   RO          959    .text.u8g2_font_decode_glyph  u8g2_font.o
    0x0800507c   0x0800507c   0x00000086   Code   RO          963    .text.u8g2_font_get_glyph_data  u8g2_font.o
    0x08005102   0x08005102   0x0000000e   Code   RO          933    .text.u8g2_font_get_word  u8g2_font.o
    0x08005110   0x08005110   0x00000096   Code   RO         1107    .text.u8g2_ll_hvline_vertical_top_lsb  u8g2_ll_hvline.o
    0x080051a6   0x080051a6   0x00000002   PAD
    0x080051a8   0x080051a8   0x0000000c   Code   RO          902    .text.u8g2_m_16_8_f  u8g2_d_memory.o
    0x080051b4   0x080051b4   0x00000058   Code   RO          825    .text.u8g2_send_buffer  u8g2_buffer.o
    0x0800520c   0x0800520c   0x0000003e   Code   RO         1191    .text.u8g2_update_dimension_r0  u8g2_setup.o
    0x0800524a   0x0800524a   0x0000008e   Code   RO         1193    .text.u8g2_update_page_win_r0  u8g2_setup.o
    0x080052d8   0x080052d8   0x0000001e   Code   RO         1528    .text.u8x8_DrawTile  u8x8_display.o
    0x080052f6   0x080052f6   0x0000000e   Code   RO         1534    .text.u8x8_InitDisplay  u8x8_display.o
    0x08005304   0x08005304   0x0000000e   Code   RO         1542    .text.u8x8_RefreshDisplay  u8x8_display.o
    0x08005312   0x08005312   0x0000000e   Code   RO         1536    .text.u8x8_SetPowerSave  u8x8_display.o
    0x08005320   0x08005320   0x00000028   Code   RO         1755    .text.u8x8_Setup    u8x8_setup.o
    0x08005348   0x08005348   0x0000000e   Code   RO         1530    .text.u8x8_SetupMemory  u8x8_display.o
    0x08005356   0x08005356   0x00000002   PAD
    0x08005358   0x08005358   0x00000014   Code   RO         1314    .text.u8x8_ascii_next  u8x8_8x8.o
    0x0800536c   0x0800536c   0x00000060   Code   RO            4    .text.u8x8_byte_4wire_hw_spi  oled_driver.o
    0x080053cc   0x080053cc   0x00000012   Code   RO         1353    .text.u8x8_byte_SendByte  u8x8_byte.o
    0x080053de   0x080053de   0x0000000e   Code   RO         1351    .text.u8x8_byte_SendBytes  u8x8_byte.o
    0x080053ec   0x080053ec   0x0000000e   Code   RO         1349    .text.u8x8_byte_SetDC  u8x8_byte.o
    0x080053fa   0x080053fa   0x00000002   PAD
    0x080053fc   0x080053fc   0x00000072   Code   RO         1418    .text.u8x8_cad_001  u8x8_cad.o
    0x0800546e   0x0800546e   0x0000000e   Code   RO         1402    .text.u8x8_cad_EndTransfer  u8x8_cad.o
    0x0800547c   0x0800547c   0x0000000e   Code   RO         1394    .text.u8x8_cad_SendArg  u8x8_cad.o
    0x0800548a   0x0800548a   0x0000000e   Code   RO         1392    .text.u8x8_cad_SendCmd  u8x8_cad.o
    0x08005498   0x08005498   0x0000000e   Code   RO         1398    .text.u8x8_cad_SendData  u8x8_cad.o
    0x080054a6   0x080054a6   0x0000006c   Code   RO         1408    .text.u8x8_cad_SendSequence  u8x8_cad.o
    0x08005512   0x08005512   0x0000000e   Code   RO         1400    .text.u8x8_cad_StartTransfer  u8x8_cad.o
    0x08005520   0x08005520   0x0000006a   Code   RO         1526    .text.u8x8_d_helper_display_init  u8x8_display.o
    0x0800558a   0x0800558a   0x0000000a   Code   RO         1524    .text.u8x8_d_helper_display_setup_memory  u8x8_display.o
    0x08005594   0x08005594   0x00000048   Code   RO         1475    .text.u8x8_d_ssd1306_128x64_noname  u8x8_d_ssd1306_128x64_noname.o
    0x080055dc   0x080055dc   0x00000100   Code   RO         1477    .text.u8x8_d_ssd1306_sh1106_generic  u8x8_d_ssd1306_128x64_noname.o
    0x080056dc   0x080056dc   0x0000000a   Code   RO         1696    .text.u8x8_gpio_call  u8x8_gpio.o
    0x080056e6   0x080056e6   0x00000002   PAD
    0x080056e8   0x080056e8   0x0000008c   Code   RO            6    .text.u8x8_stm32_gpio_and_delay  oled_driver.o
    0x08005774   0x08005774   0x00000008   Code   RO         1312    .text.u8x8_utf8_init  u8x8_8x8.o
    0x0800577c   0x0800577c   0x00000020   Code   RO         2166    i.__0printf         mc_p.l(printfa.o)
    0x0800579c   0x0800579c   0x00000028   Code   RO         2168    i.__0sprintf        mc_p.l(printfa.o)
    0x080057c4   0x080057c4   0x0000002e   Code   RO         2255    i.__ARM_clz         mf_p.l(depilogue.o)
    0x080057f2   0x080057f2   0x0000000e   Code   RO         2265    i.__scatterload_copy  mc_p.l(handlers.o)
    0x08005800   0x08005800   0x00000002   Code   RO         2266    i.__scatterload_null  mc_p.l(handlers.o)
    0x08005802   0x08005802   0x0000000e   Code   RO         2267    i.__scatterload_zeroinit  mc_p.l(handlers.o)
    0x08005810   0x08005810   0x00000174   Code   RO         2173    i._fp_digits        mc_p.l(printfa.o)
    0x08005984   0x08005984   0x000006ec   Code   RO         2174    i._printf_core      mc_p.l(printfa.o)
    0x08006070   0x08006070   0x00000020   Code   RO         2175    i._printf_post_padding  mc_p.l(printfa.o)
    0x08006090   0x08006090   0x0000002c   Code   RO         2176    i._printf_pre_padding  mc_p.l(printfa.o)
    0x080060bc   0x080060bc   0x0000000a   Code   RO         2178    i._sputc            mc_p.l(printfa.o)
    0x080060c6   0x080060c6   0x00000002   PAD
    0x080060c8   0x080060c8   0x00000018   Data   RO         1846    .rodata.EventRecorderInfo  eventrecorder.o
    0x080060e0   0x080060e0   0x000001c5   Data   RO          191    .rodata.str1.1      main.o
    0x080062a5   0x080062a5   0x00000003   PAD
    0x080062a8   0x080062a8   0x0000000c   Data   RO         1221    .rodata.u8g2_cb_r0  u8g2_setup.o
    0x080062b4   0x080062b4   0x000004cb   Data   RO          923    .rodata.u8g2_font_9x15_tr  u8g2_fonts.o
    0x0800677f   0x0800677f   0x000000db   Data   RO          922    .rodata.u8g2_font_freedoomr25_tn  u8g2_fonts.o
    0x0800685a   0x0800685a   0x00000398   Data   RO          924    .rodata.u8g2_font_fub42_tn  u8g2_fonts.o
    0x08006bf2   0x08006bf2   0x00000007   Data   RO         1502    .rodata.u8x8_d_ssd1306_128x64_noname_flip0_seq  u8x8_d_ssd1306_128x64_noname.o
    0x08006bf9   0x08006bf9   0x00000007   Data   RO         1503    .rodata.u8x8_d_ssd1306_128x64_noname_flip1_seq  u8x8_d_ssd1306_128x64_noname.o
    0x08006c00   0x08006c00   0x00000035   Data   RO         1491    .rodata.u8x8_d_ssd1306_128x64_noname_init_seq  u8x8_d_ssd1306_128x64_noname.o
    0x08006c35   0x08006c35   0x00000005   Data   RO         1500    .rodata.u8x8_d_ssd1306_128x64_noname_powersave0_seq  u8x8_d_ssd1306_128x64_noname.o
    0x08006c3a   0x08006c3a   0x00000005   Data   RO         1501    .rodata.u8x8_d_ssd1306_128x64_noname_powersave1_seq  u8x8_d_ssd1306_128x64_noname.o
    0x08006c3f   0x08006c3f   0x00000001   PAD
    0x08006c40   0x08006c40   0x00000018   Data   RO         1492    .rodata.u8x8_ssd1306_128x64_noname_display_info  u8x8_d_ssd1306_128x64_noname.o
    0x08006c58   0x08006c58   0x00000020   Data   RO         2264    Region$$Table       anon$$obj.o


    Execution Region RW_IRAM1 (Exec base: 0x20000000, Load base: 0x08006c78, Size: 0x00000bd8, Max: 0x00001500, ABSOLUTE, COMPRESSED[0x000000e0])

    Exec Addr    Load Addr    Size         Type   Attr      Idx    E Section Name        Object

    0x20000000   COMPRESSED   0x00000004   Data   RW         1919    .data               mc_p.l(stdout.o)
    0x20000004   COMPRESSED   0x00000001   Data   RW          178    .data.BoostTemp     main.o
    0x20000005   COMPRESSED   0x00000003   PAD
    0x20000008   COMPRESSED   0x00000008   Data   RW          205    .data.BoostTempItems  main.o
    0x20000010   COMPRESSED   0x00000008   Data   RW          208    .data.BoostTimerItems  main.o
    0x20000018   COMPRESSED   0x0000000c   Data   RW          200    .data.BuzzerItems   main.o
    0x20000024   COMPRESSED   0x00000040   Data   RW          187    .data.CalTemp       main.o
    0x20000064   COMPRESSED   0x0000000c   Data   RW          196    .data.ControlTypeItems  main.o
    0x20000070   COMPRESSED   0x00000002   Data   RW          176    .data.DefaultTemp   main.o
    0x20000072   COMPRESSED   0x00000002   PAD
    0x20000074   COMPRESSED   0x00000008   Data   RW          203    .data.DefaultTempItems  main.o
    0x2000007c   COMPRESSED   0x00000010   Data   RW          209    .data.DeleteMessage  main.o
    0x2000008c   COMPRESSED   0x0000000c   Data   RW          202    .data.ECReverseItems  main.o
    0x20000098   COMPRESSED   0x0000000c   Data   RW          197    .data.MainScreenItems  main.o
    0x200000a4   COMPRESSED   0x00000010   Data   RW          210    .data.MaxTipMessage  main.o
    0x200000b4   COMPRESSED   0x00000001   Data   RW          190    .data.NumberOfTips  main.o
    0x200000b5   COMPRESSED   0x00000003   PAD
    0x200000b8   COMPRESSED   0x00000008   Data   RW          207    .data.OffTimerItems  main.o
    0x200000c0   COMPRESSED   0x00000001   Data   RW          183    .data.PIDenable     main.o
    0x200000c1   COMPRESSED   0x00000001   Data   RW          218    .data.SensorCounter  main.o
    0x200000c2   COMPRESSED   0x00000002   PAD
    0x200000c4   COMPRESSED   0x0000002c   Data   RW          192    .data.SetupItems    main.o
    0x200000f0   COMPRESSED   0x00000002   Data   RW          177    .data.SleepTemp     main.o
    0x200000f2   COMPRESSED   0x00000002   PAD
    0x200000f4   COMPRESSED   0x00000008   Data   RW          204    .data.SleepTempItems  main.o
    0x200000fc   COMPRESSED   0x00000008   Data   RW          206    .data.SleepTimerItems  main.o
    0x20000104   COMPRESSED   0x0000000c   Data   RW          198    .data.StoreItems    main.o
    0x20000110   COMPRESSED   0x0000000c   Data   RW          199    .data.SureItems     main.o
    0x2000011c   COMPRESSED   0x00000004   Data   RW         1893    .data.SystemCoreClock  system_stm32g0xx_1.o
    0x20000120   COMPRESSED   0x00000014   Data   RW          194    .data.TempItems     main.o
    0x20000134   COMPRESSED   0x00000014   Data   RW          195    .data.TimerItems    main.o
    0x20000148   COMPRESSED   0x00000001   Data   RW          217    .data.TipIsPresent  main.o
    0x20000149   COMPRESSED   0x00000003   PAD
    0x2000014c   COMPRESSED   0x0000001c   Data   RW          193    .data.TipItems      main.o
    0x20000168   COMPRESSED   0x00000030   Data   RW          188    .data.TipName       main.o
    0x20000198   COMPRESSED   0x00000008   Data   RW          172    .data.aggKd         main.o
    0x200001a0   COMPRESSED   0x00000008   Data   RW          171    .data.aggKi         main.o
    0x200001a8   COMPRESSED   0x00000008   Data   RW          170    .data.aggKp         main.o
    0x200001b0   COMPRESSED   0x00000001   Data   RW          216    .data.beepIfWorky   main.o
    0x200001b1   COMPRESSED   0x00000007   PAD
    0x200001b8   COMPRESSED   0x00000008   Data   RW          175    .data.consKd        main.o
    0x200001c0   COMPRESSED   0x00000008   Data   RW          174    .data.consKi        main.o
    0x200001c8   COMPRESSED   0x00000008   Data   RW          173    .data.consKp        main.o
    0x200001d0   COMPRESSED   0x00000001   Data   RW          215    .data.isWorky       main.o
    0x200001d1   COMPRESSED   0x00000001   Data   RW          180    .data.time2off      main.o
    0x200001d2   COMPRESSED   0x00000001   Data   RW          179    .data.time2sleep    main.o
    0x200001d3   COMPRESSED   0x00000001   Data   RW          181    .data.timeOfBoost   main.o
    0x200001d4   COMPRESSED   0x00000004   PAD
    0x200001d8        -       0x00000008   Zero   RW          227    .bss.ChipTemp       main.o
    0x200001e0        -       0x00000008   Zero   RW          231    .bss.CurrentTemp    main.o
    0x200001e8        -       0x00000001   Zero   RW          189    .bss.CurrentTip     main.o
    0x200001e9        -       0x00000001   Zero   RW          186    .bss.ECReverse      main.o
    0x200001ea        -       0x00000001   Zero   RW          324    .bss.EXTI4_15_IRQHandler._count  stm32g0xx_it.o
    0x200001eb        -       0x00000001   Zero   RW          325    .bss.EXTI4_15_IRQHandler.b_flag  stm32g0xx_it.o
    0x200001ec   COMPRESSED   0x00000004   PAD
    0x200001f0        -       0x00000008   Zero   RW          223    .bss.Input          main.o
    0x200001f8        -       0x00000001   Zero   RW          182    .bss.MainScrType    main.o
    0x200001f9   COMPRESSED   0x00000007   PAD
    0x20000200        -       0x00000008   Zero   RW          224    .bss.Output         main.o
    0x20000208        -       0x00000001   Zero   RW          229    .bss.PWM_Output     main.o
    0x20000209   COMPRESSED   0x00000007   PAD
    0x20000210        -       0x00000008   Zero   RW          238    .bss.RawTemp        main.o
    0x20000218        -       0x00000002   Zero   RW          226    .bss.SetTemp        main.o
    0x2000021a   COMPRESSED   0x00000006   PAD
    0x20000220        -       0x00000008   Zero   RW          225    .bss.Setpoint       main.o
    0x20000228        -       0x00000002   Zero   RW          228    .bss.ShowTemp       main.o
    0x2000022a   COMPRESSED   0x00000006   PAD
    0x20000230        -       0x00000008   Zero   RW          169    .bss.SystemParam    main.o
    0x20000238        -       0x00000004   Zero   RW          219    .bss.TIM16_Tick     main.o
    0x2000023c   COMPRESSED   0x00000004   PAD
    0x20000240        -       0x00000070   Zero   RW          222    .bss.TPID           main.o
    0x200002b0        -       0x00000002   Zero   RW          237    .bss.Vcc            main.o
    0x200002b2        -       0x00000002   Zero   RW          230    .bss.Vin            main.o
    0x200002b4        -       0x00000001   Zero   RW          184    .bss.beepEnable     main.o
    0x200002b5   COMPRESSED   0x00000003   PAD
    0x200002b8        -       0x00000004   Zero   RW          234    .bss.boostmillis    main.o
    0x200002bc        -       0x00000004   Zero   RW          233    .bss.buttonmillis   main.o
    0x200002c0        -       0x00000001   Zero   RW          232    .bss.c0             main.o
    0x200002c1   COMPRESSED   0x00000003   PAD
    0x200002c4        -       0x00000004   Zero   RW          245    .bss.count          main.o
    0x200002c8        -       0x00000004   Zero   RW          243    .bss.countMax       main.o
    0x200002cc        -       0x00000004   Zero   RW          242    .bss.countMin       main.o
    0x200002d0        -       0x00000004   Zero   RW          244    .bss.countStep      main.o
    0x200002d4        -       0x00000001   Zero   RW          240    .bss.d0             main.o
    0x200002d5   COMPRESSED   0x00000001   PAD
    0x200002d6        -       0x00000002   Zero   RW          241    .bss.gap            main.o
    0x200002d8        -       0x00000001   Zero   RW          236    .bss.goneSeconds    main.o
    0x200002d9        -       0x00000001   Zero   RW          235    .bss.handleMoved    main.o
    0x200002da        -       0x00000001   Zero   RW          213    .bss.inBoostMode    main.o
    0x200002db        -       0x00000001   Zero   RW          212    .bss.inOffMode      main.o
    0x200002dc        -       0x00000001   Zero   RW          211    .bss.inSleepMode    main.o
    0x200002dd        -       0x00000008   Zero   RW         1870    .bss.stdout_putchar.buffer  retarget_io.o
    0x200002e5   COMPRESSED   0x00000003   PAD
    0x200002e8        -       0x00000004   Zero   RW         1869    .bss.stdout_putchar.index  retarget_io.o
    0x200002ec        -       0x00000002   Zero   RW          239    .bss.temp_adc       main.o
    0x200002ee   COMPRESSED   0x00000002   PAD
    0x200002f0        -       0x00000050   Zero   RW          347    .bss.timer_list     timer.o
    0x20000340        -       0x00000094   Zero   RW          221    .bss.u8g2           main.o
    0x200003d4        -       0x00000400   Zero   RW          904    .bss.u8g2_m_16_8_f.buf  u8g2_d_memory.o
    0x200007d4        -       0x00000001   Zero   RW          220    .bss.u8g2_update_flag  main.o
    0x200007d5   COMPRESSED   0x00000003   PAD
    0x200007d8        -       0x00000400   Zero   RW         1879    STACK               startup_stm32g030xx_1.o


    Execution Region RW_IRAM2 (Exec base: 0x20001500, Load base: 0x08006d58, Size: 0x000004e4, Max: 0x00000500, ABSOLUTE, UNINIT)

    Exec Addr    Load Addr    Size         Type   Attr      Idx    E Section Name        Object

    0x20001500        -       0x00000004   Zero   RW         1847    .bss.SysTickCount   eventrecorder.o
    0x20001504        -       0x00000001   Zero   RW         1848    .bss.SysTickUpdated  eventrecorder.o
    0x20001505        -       0x00000001   Zero   RW         1849    .bss.TS_OverflowLock  eventrecorder.o
    0x20001506   0x08006d58   0x0000003a   PAD
    0x20001540        -       0x000004a4   Zero   RW         1845    .bss.noinit         eventrecorder.o


==============================================================================

Image component sizes


      Code (inc. data)   RO Data    RW Data    ZI Data      Debug   Object Name

       452         40          0          0          0       5375   adc.o
      1896         96         24          0       1194      17631   eventrecorder.o
       356         20          0          0          0       5008   gpio.o
      1316         36          0          0          0       9270   i2c.o
      7436       1368        453        438        369      34104   main.o
       236         62          0          0          0       5007   oled_driver.o
      1024          8          0          0          0       5912   pid.o
        72         16          0          0         12       2232   retarget_io.o
       168          4          0          0          0       2803   spi.o
        28          8        192          0       1024        624   startup_stm32g030xx_1.o
       228         44          0          0          2       3633   stm32g0xx_it.o
       148          8          0          0          0       5760   stm32g0xx_ll_adc.o
       176         12          0          0          0       2944   stm32g0xx_ll_exti.o
       186          0          0          0          0       3770   stm32g0xx_ll_gpio.o
       116          8          0          0          0       5386   stm32g0xx_ll_spi.o
      1004         76          0          0          0      12015   stm32g0xx_ll_tim.o
        84         12          0          0          0       7125   stm32g0xx_ll_utils.o
         2          0          0          4          0       1879   system_stm32g0xx_1.o
       688         60          0          0          0       7100   tim.o
       284          4          0          0         80       2416   timer.o
       224          4          0          0          0       7635   u8g2_buffer.o
        12          4          0          0       1024        622   u8g2_d_memory.o
        68         12          0          0          0       4519   u8g2_d_setup.o
      1758         24          0          0          0      40095   u8g2_font.o
         0          0       2366          0          0        579   u8g2_fonts.o
       240          0          0          0          0       7718   u8g2_hvline.o
       104          0          0          0          0       5132   u8g2_intersection.o
       150          0          0          0          0       5640   u8g2_ll_hvline.o
       302          4         12          0          0      12000   u8g2_setup.o
        28          4          0          0          0      11866   u8x8_8x8.o
        46          0          0          0          0      12358   u8x8_byte.o
       292          6          0          0          0      12444   u8x8_cad.o
       328         30        101          0          0       6147   u8x8_d_ssd1306_128x64_noname.o
       202          0          0          0          0       4744   u8x8_display.o
        10          0          0          0          0       2080   u8x8_gpio.o
        40          0          0          0          0       2989   u8x8_setup.o

    ----------------------------------------------------------------------
     19732       1970       3184        464       3816     276562   Object Totals
         0          0         32          0          0          0   (incl. Generated)
        28          0          4         22        111          0   (incl. Padding)

    ----------------------------------------------------------------------

      Code (inc. data)   RO Data    RW Data    ZI Data      Debug   Library Member Name

        86          0          0          0          0          0   __dczerorl2.o
         0          0          0          0          0          0   entry.o
         0          0          0          0          0          0   entry10a.o
         0          0          0          0          0          0   entry11a.o
         8          4          0          0          0          0   entry2.o
         4          0          0          0          0          0   entry5.o
         0          0          0          0          0          0   entry7b.o
         0          0          0          0          0          0   entry8b.o
         8          4          0          0          0          0   entry9a.o
        30          0          0          0          0          0   handlers.o
        40          0          0          0          0         72   idiv.o
        36          8          0          0          0         68   init.o
         0          0          0          0          0          0   iusefp.o
        32          0          0          0          0         68   llshl.o
        38          0          0          0          0         68   llsshr.o
        34          0          0          0          0         68   llushr.o
        36          0          0          0          0         60   memcpya.o
        36          0          0          0          0        100   memseta.o
      2302        102          0          0          0        556   printfa.o
         0          0          0          4          0          0   stdout.o
        28          0          0          0          0         68   strcmp.o
        44          0          0          0          0         72   uidiv.o
        96          0          0          0          0         84   uldiv.o
        40          2          0          0          0         68   cdrcmple.o
       356          4          0          0          0        140   dadd.o
        46          0          0          0          0         68   dcmpeq.o
        44          0          0          0          0         68   dcmpge.o
        44          0          0          0          0         68   dcmpgt.o
        44          0          0          0          0         68   dcmple.o
        44          0          0          0          0         68   dcmplt.o
       240          6          0          0          0         84   ddiv.o
       236          0          0          0          0        216   depilogue.o
        60         10          0          0          0         68   dfixui.o
        64         10          0          0          0         68   dfixul.o
        40          6          0          0          0         68   dflti.o
        28          4          0          0          0         68   dfltui.o
       208          6          0          0          0         88   dmul.o
        40          0          0          0          0         60   f2d.o
       124          0          0          0          0         72   fdiv.o
       130          0          0          0          0        144   fepilogue.o
        40          0          0          0          0         60   ffixui.o
        22          0          0          0          0         68   fflti.o
        14          0          0          0          0         68   ffltui.o
       122          0          0          0          0         72   fmul.o

    ----------------------------------------------------------------------
      4852        166          0          4          0       3036   Library Totals
         8          0          0          0          0          0   (incl. Padding)

    ----------------------------------------------------------------------

      Code (inc. data)   RO Data    RW Data    ZI Data      Debug   Library Name

      2858        118          0          4          0       1284   mc_p.l
      1986         48          0          0          0       1752   mf_p.l

    ----------------------------------------------------------------------
      4852        166          0          4          0       3036   Library Totals

    ----------------------------------------------------------------------

==============================================================================


      Code (inc. data)   RO Data    RW Data    ZI Data      Debug   

     24584       2136       3184        468       3816     277702   Grand Totals
     24584       2136       3184        224       3816     277702   ELF Image Totals (compressed)
     24584       2136       3184        224          0          0   ROM Totals

==============================================================================

    Total RO  Size (Code + RO Data)                27768 (  27.12kB)
    Total RW  Size (RW Data + ZI Data)              4284 (   4.18kB)
    Total ROM Size (Code + RO Data + RW Data)      27992 (  27.34kB)

==============================================================================

